Archive member included to satisfy reference by file (symbol)

c:/program files (x86)/atmel/studio/7.0/toolchain/arm/arm-gnu-toolchain/bin/../lib/gcc/arm-none-eabi/6.3.1/thumb/v6-m\libgcc.a(_udivsi3.o)
                              hpl/core/hpl_core_m0plus_base.o (__aeabi_uidiv)
c:/program files (x86)/atmel/studio/7.0/toolchain/arm/arm-gnu-toolchain/bin/../lib/gcc/arm-none-eabi/6.3.1/thumb/v6-m\libgcc.a(_dvmd_tls.o)
                              c:/program files (x86)/atmel/studio/7.0/toolchain/arm/arm-gnu-toolchain/bin/../lib/gcc/arm-none-eabi/6.3.1/thumb/v6-m\libgcc.a(_udivsi3.o) (__aeabi_idiv0)
c:/program files (x86)/atmel/studio/7.0/toolchain/arm/arm-gnu-toolchain/bin/../lib/gcc/arm-none-eabi/6.3.1/../../../../arm-none-eabi/lib/thumb/v6-m\libc_nano.a(lib_a-exit.o)
                              c:/program files (x86)/atmel/studio/7.0/toolchain/arm/arm-gnu-toolchain/bin/../lib/gcc/arm-none-eabi/6.3.1/../../../../arm-none-eabi/lib/thumb/v6-m/crt0.o (exit)
c:/program files (x86)/atmel/studio/7.0/toolchain/arm/arm-gnu-toolchain/bin/../lib/gcc/arm-none-eabi/6.3.1/../../../../arm-none-eabi/lib/thumb/v6-m\libc_nano.a(lib_a-impure.o)
                              c:/program files (x86)/atmel/studio/7.0/toolchain/arm/arm-gnu-toolchain/bin/../lib/gcc/arm-none-eabi/6.3.1/../../../../arm-none-eabi/lib/thumb/v6-m\libc_nano.a(lib_a-exit.o) (_global_impure_ptr)
c:/program files (x86)/atmel/studio/7.0/toolchain/arm/arm-gnu-toolchain/bin/../lib/gcc/arm-none-eabi/6.3.1/../../../../arm-none-eabi/lib/thumb/v6-m\libc_nano.a(lib_a-init.o)
                              c:/program files (x86)/atmel/studio/7.0/toolchain/arm/arm-gnu-toolchain/bin/../lib/gcc/arm-none-eabi/6.3.1/../../../../arm-none-eabi/lib/thumb/v6-m/crt0.o (__libc_init_array)
c:/program files (x86)/atmel/studio/7.0/toolchain/arm/arm-gnu-toolchain/bin/../lib/gcc/arm-none-eabi/6.3.1/../../../../arm-none-eabi/lib/thumb/v6-m\libc_nano.a(lib_a-memcpy-stub.o)
                              hpl/usb/hpl_usb.o (memcpy)
c:/program files (x86)/atmel/studio/7.0/toolchain/arm/arm-gnu-toolchain/bin/../lib/gcc/arm-none-eabi/6.3.1/../../../../arm-none-eabi/lib/thumb/v6-m\libc_nano.a(lib_a-memset.o)
                              c:/program files (x86)/atmel/studio/7.0/toolchain/arm/arm-gnu-toolchain/bin/../lib/gcc/arm-none-eabi/6.3.1/../../../../arm-none-eabi/lib/thumb/v6-m/crt0.o (memset)
c:/program files (x86)/atmel/studio/7.0/toolchain/arm/arm-gnu-toolchain/bin/../lib/gcc/arm-none-eabi/6.3.1/../../../../arm-none-eabi/lib/thumb/v6-m\libc_nano.a(lib_a-printf.o)
                              hal/utils/src/utils_syscalls.o (printf)
c:/program files (x86)/atmel/studio/7.0/toolchain/arm/arm-gnu-toolchain/bin/../lib/gcc/arm-none-eabi/6.3.1/../../../../arm-none-eabi/lib/thumb/v6-m\libc_nano.a(lib_a-findfp.o)
                              c:/program files (x86)/atmel/studio/7.0/toolchain/arm/arm-gnu-toolchain/bin/../lib/gcc/arm-none-eabi/6.3.1/../../../../arm-none-eabi/lib/thumb/v6-m\libc_nano.a(lib_a-printf.o) (__sinit)
c:/program files (x86)/atmel/studio/7.0/toolchain/arm/arm-gnu-toolchain/bin/../lib/gcc/arm-none-eabi/6.3.1/../../../../arm-none-eabi/lib/thumb/v6-m\libc_nano.a(lib_a-fwalk.o)
                              c:/program files (x86)/atmel/studio/7.0/toolchain/arm/arm-gnu-toolchain/bin/../lib/gcc/arm-none-eabi/6.3.1/../../../../arm-none-eabi/lib/thumb/v6-m\libc_nano.a(lib_a-findfp.o) (_fwalk)
c:/program files (x86)/atmel/studio/7.0/toolchain/arm/arm-gnu-toolchain/bin/../lib/gcc/arm-none-eabi/6.3.1/../../../../arm-none-eabi/lib/thumb/v6-m\libc_nano.a(lib_a-nano-mallocr.o)
                              c:/program files (x86)/atmel/studio/7.0/toolchain/arm/arm-gnu-toolchain/bin/../lib/gcc/arm-none-eabi/6.3.1/../../../../arm-none-eabi/lib/thumb/v6-m\libc_nano.a(lib_a-findfp.o) (_malloc_r)
c:/program files (x86)/atmel/studio/7.0/toolchain/arm/arm-gnu-toolchain/bin/../lib/gcc/arm-none-eabi/6.3.1/../../../../arm-none-eabi/lib/thumb/v6-m\libc_nano.a(lib_a-nano-vfprintf.o)
                              c:/program files (x86)/atmel/studio/7.0/toolchain/arm/arm-gnu-toolchain/bin/../lib/gcc/arm-none-eabi/6.3.1/../../../../arm-none-eabi/lib/thumb/v6-m\libc_nano.a(lib_a-printf.o) (_vfprintf_r)
c:/program files (x86)/atmel/studio/7.0/toolchain/arm/arm-gnu-toolchain/bin/../lib/gcc/arm-none-eabi/6.3.1/../../../../arm-none-eabi/lib/thumb/v6-m\libc_nano.a(lib_a-nano-vfprintf_i.o)
                              c:/program files (x86)/atmel/studio/7.0/toolchain/arm/arm-gnu-toolchain/bin/../lib/gcc/arm-none-eabi/6.3.1/../../../../arm-none-eabi/lib/thumb/v6-m\libc_nano.a(lib_a-nano-vfprintf.o) (_printf_i)
c:/program files (x86)/atmel/studio/7.0/toolchain/arm/arm-gnu-toolchain/bin/../lib/gcc/arm-none-eabi/6.3.1/../../../../arm-none-eabi/lib/thumb/v6-m\libc_nano.a(lib_a-sbrkr.o)
[...]
Memory Configuration

Name             Origin             Length             Attributes
rom              0x00000000         0x00040000         xr
ram              0x20000000         0x00008000         xrw
*default*        0x00000000         0xffffffff

Linker script and memory map

LOAD c:/program files (x86)/atmel/studio/7.0/toolchain/arm/arm-gnu-toolchain/bin/../lib/gcc/arm-none-eabi/6.3.1/thumb/v6-m/crti.o
LOAD c:/program files (x86)/atmel/studio/7.0/toolchain/arm/arm-gnu-toolchain/bin/../lib/gcc/arm-none-eabi/6.3.1/thumb/v6-m/crtbegin.o
LOAD c:/program files (x86)/atmel/studio/7.0/toolchain/arm/arm-gnu-toolchain/bin/../lib/gcc/arm-none-eabi/6.3.1/../../../../arm-none-eabi/lib/thumb/v6-m/crt0.o
LOAD atmel_start.o
LOAD Device_Startup/startup_samd21.o
LOAD Device_Startup/system_samd21.o
LOAD driver_init.o
LOAD examples/driver_examples.o
LOAD hal/src/hal_atomic.o
LOAD hal/src/hal_delay.o
LOAD hal/src/hal_gpio.o
LOAD hal/src/hal_init.o
LOAD hal/src/hal_io.o
LOAD hal/src/hal_sleep.o
LOAD hal/src/hal_usb_device.o
LOAD hal/utils/src/utils_assert.o
LOAD hal/utils/src/utils_event.o
LOAD hal/utils/src/utils_list.o
LOAD hal/utils/src/utils_syscalls.o
LOAD hpl/core/hpl_core_m0plus_base.o
LOAD hpl/core/hpl_init.o
LOAD hpl/dmac/hpl_dmac.o
LOAD hpl/gclk/hpl_gclk.o
LOAD hpl/pm/hpl_pm.o
LOAD hpl/sysctrl/hpl_sysctrl.o
LOAD hpl/usb/hpl_usb.o
LOAD main.o
LOAD usb/class/cdc/device/cdcdf_acm.o
LOAD usb/device/usbdc.o
LOAD usb/usb_protocol.o
LOAD usb_start.o
START GROUP
LOAD c:/program files (x86)/atmel/studio/7.0/toolchain/arm/arm-gnu-toolchain/bin/../lib/gcc/arm-none-eabi/6.3.1/../../../../arm-none-eabi/lib/thumb/v6-m\libm.a
END GROUP
START GROUP
LOAD c:/program files (x86)/atmel/studio/7.0/toolchain/arm/arm-gnu-toolchain/bin/../lib/gcc/arm-none-eabi/6.3.1/thumb/v6-m\libgcc.a
LOAD c:/program files (x86)/atmel/studio/7.0/toolchain/arm/arm-gnu-toolchain/bin/../lib/gcc/arm-none-eabi/6.3.1/../../../../arm-none-eabi/lib/thumb/v6-m\libc_nano.a
END GROUP
START GROUP
LOAD c:/program files (x86)/atmel/studio/7.0/toolchain/arm/arm-gnu-toolchain/bin/../lib/gcc/arm-none-eabi/6.3.1/thumb/v6-m\libgcc.a
LOAD c:/program files (x86)/atmel/studio/7.0/toolchain/arm/arm-gnu-toolchain/bin/../lib/gcc/arm-none-eabi/6.3.1/../../../../arm-none-eabi/lib/thumb/v6-m\libc_nano.a
END GROUP
LOAD c:/program files (x86)/atmel/studio/7.0/toolchain/arm/arm-gnu-toolchain/bin/../lib/gcc/arm-none-eabi/6.3.1/thumb/v6-m/crtend.o
LOAD c:/program files (x86)/atmel/studio/7.0/toolchain/arm/arm-gnu-toolchain/bin/../lib/gcc/arm-none-eabi/6.3.1/thumb/v6-m/crtn.o
                0x00002000                STACK_SIZE = DEFINED (STACK_SIZE)?STACK_SIZE:DEFINED (__stack_size__)?__stack_size__:0x2000

.text           0x00000000     0x2c04
                0x00000000                . = ALIGN (0x4)
                0x00000000                _sfixed = .
 *(.vectors .vectors.*)
 .vectors       0x00000000       0xb4 Device_Startup/startup_samd21.o
                0x00000000                exception_table
 *(.text .text.* .gnu.linkonce.t.*)
 .text          0x000000b4       0x60 c:/program files (x86)/atmel/studio/7.0/toolchain/arm/arm-gnu-toolchain/bin/../lib/gcc/arm-none-eabi/6.3.1/thumb/v6-m/crtbegin.o
 .text.atmel_start_init
                0x00000114       0x14 atmel_start.o
                0x00000114                atmel_start_init
 .text.Dummy_Handler
                0x00000128        0x2 Device_Startup/startup_samd21.o
                0x00000128                SVCall_Handler
                0x00000128                DMAC_Handler
                0x00000128                HardFault_Handler
                0x00000128                AC_Handler
                0x00000128                SysTick_Handler
                0x00000128                PendSV_Handler
                0x00000128                SERCOM1_Handler
                0x00000128                ADC_Handler
                0x00000128                NonMaskableInt_Handler
                0x00000128                TCC1_Handler
                0x00000128                SERCOM2_Handler
                0x00000128                TCC0_Handler
                0x00000128                RTC_Handler
                0x00000128                EIC_Handler
                0x00000128                WDT_Handler
                0x00000128                TC4_Handler
                0x00000128                TC3_Handler
                0x00000128                Dummy_Handler
                0x00000128                PM_Handler
                0x00000128                TCC2_Handler
                0x00000128                EVSYS_Handler
                0x00000128                SERCOM3_Handler
                0x00000128                I2S_Handler
                0x00000128                NVMCTRL_Handler
                0x00000128                SERCOM0_Handler
                0x00000128                DAC_Handler
                0x00000128                PTC_Handler
                0x00000128                TC5_Handler
                0x00000128                SYSCTRL_Handler
 *fill*         0x0000012a        0x2 
 .text.Reset_Handler
                0x0000012c       0xc4 Device_Startup/startup_samd21.o
                0x0000012c                Reset_Handler
 .text.USB_DEVICE_INSTANCE_PORT_init
                0x000001f0       0x90 driver_init.o
                0x000001f0                USB_DEVICE_INSTANCE_PORT_init
 .text.USB_DEVICE_INSTANCE_CLOCK_init
                0x00000280       0x28 driver_init.o
                0x00000280                USB_DEVICE_INSTANCE_CLOCK_init
 .text.USB_DEVICE_INSTANCE_init
                0x000002a8       0x1c driver_init.o
                0x000002a8                USB_DEVICE_INSTANCE_init
 .text.system_init
                0x000002c4       0x14 driver_init.o
                0x000002c4                system_init
 .text.atomic_enter_critical
                0x000002d8        0xe hal/src/hal_atomic.o
                0x000002d8                atomic_enter_critical
 .text.atomic_leave_critical
                0x000002e6        0xc hal/src/hal_atomic.o
                0x000002e6                atomic_leave_critical
 *fill*         0x000002f2        0x2 
 .text._usb_d_find_ep
                0x000002f4       0x3c hal/src/hal_usb_device.o
 .text.usb_d_dummy_cb_false
                0x00000330        0x4 hal/src/hal_usb_device.o
 .text.usb_d_cb_trans_more
                0x00000334       0x30 hal/src/hal_usb_device.o
 .text._usb_d_cb_trans_done
                0x00000364      0x144 hal/src/hal_usb_device.o
 .text.usb_d_cb_trans_setup
                0x000004a8       0x98 hal/src/hal_usb_device.o
 .text.usb_d_init
                0x00000540       0x6c hal/src/hal_usb_device.o
                0x00000540                usb_d_init
 .text.usb_d_register_callback
                0x000005ac        0xc hal/src/hal_usb_device.o
                0x000005ac                usb_d_register_callback
 .text.usb_d_enable
                0x000005b8        0xc hal/src/hal_usb_device.o
                0x000005b8                usb_d_enable
 .text.usb_d_attach
                0x000005c4        0xc hal/src/hal_usb_device.o
                0x000005c4                usb_d_attach
 .text.usb_d_set_address
                0x000005d0        0xc hal/src/hal_usb_device.o
                0x000005d0                usb_d_set_address
 .text.usb_d_ep_init
                0x000005dc       0x54 hal/src/hal_usb_device.o
                0x000005dc                usb_d_ep_init
 .text.usb_d_ep0_init
                0x00000630       0x14 hal/src/hal_usb_device.o
                0x00000630                usb_d_ep0_init
 .text.usb_d_ep_deinit
                0x00000644       0x2c hal/src/hal_usb_device.o
                0x00000644                usb_d_ep_deinit
 .text.usb_d_ep_enable
                0x00000670       0x50 hal/src/hal_usb_device.o
                0x00000670                usb_d_ep_enable
 .text.usb_d_ep_transfer
                0x000006c0      0x124 hal/src/hal_usb_device.o
                0x000006c0                usb_d_ep_transfer
 .text.usb_d_ep_halt
                0x000007e4       0x68 hal/src/hal_usb_device.o
                0x000007e4                usb_d_ep_halt
 .text.usb_d_ep_register_callback
                0x0000084c       0x50 hal/src/hal_usb_device.o
                0x0000084c                usb_d_ep_register_callback
 .text.assert   0x0000089c        0x8 hal/utils/src/utils_assert.o
                0x0000089c                assert
 .text.is_list_element
                0x000008a4       0x16 hal/utils/src/utils_list.o
                0x000008a4                is_list_element
 *fill*         0x000008ba        0x2 
 .text.list_insert_at_end
                0x000008bc       0x40 hal/utils/src/utils_list.o
                0x000008bc                list_insert_at_end
 .text._init_chip
                0x000008fc       0x38 hpl/core/hpl_init.o
                0x000008fc                _init_chip
 .text._gclk_init_generators_by_fref
                0x00000934       0x40 hpl/gclk/hpl_gclk.o
                0x00000934                _gclk_init_generators_by_fref
 .text._pm_init
                0x00000974       0x20 hpl/pm/hpl_pm.o
                0x00000974                _pm_init
 .text._sysctrl_init_sources
                0x00000994       0x2c hpl/sysctrl/hpl_sysctrl.o
                0x00000994                _sysctrl_init_sources
 .text._sysctrl_init_referenced_generators
                0x000009c0       0x74 hpl/sysctrl/hpl_sysctrl.o
                0x000009c0                _sysctrl_init_referenced_generators
 .text._dummy_func_no_return
                0x00000a34        0x4 hpl/usb/hpl_usb.o
 .text._usb_load_calib
                0x00000a38       0x54 hpl/usb/hpl_usb.o
 .text._usb_d_dev_handle_setup
                0x00000a8c       0x8c hpl/usb/hpl_usb.o
 .text._usb_d_dev_handle_stall
                0x00000b18       0x30 hpl/usb/hpl_usb.o
 .text._usb_d_dev_trans_done
                0x00000b48       0x28 hpl/usb/hpl_usb.o
 .text._usb_d_dev_trans_stop
                0x00000b70       0x7c hpl/usb/hpl_usb.o
 .text._usb_d_dev_handle_trfail
                0x00000bec      0x110 hpl/usb/hpl_usb.o
 .text._usb_d_dev_reset_epts
                0x00000cfc       0x54 hpl/usb/hpl_usb.o
 .text._usb_d_dev_in_next
                0x00000d50      0x18c hpl/usb/hpl_usb.o
 .text._usb_d_dev_out_next
                0x00000edc      0x204 hpl/usb/hpl_usb.o
 .text._usb_d_dev_handler
                0x000010e0      0x254 hpl/usb/hpl_usb.o
 .text._usb_d_dev_init
                0x00001334       0xa4 hpl/usb/hpl_usb.o
                0x00001334                _usb_d_dev_init
 .text._usb_d_dev_enable
                0x000013d8       0x50 hpl/usb/hpl_usb.o
                0x000013d8                _usb_d_dev_enable
 .text._usb_d_dev_attach
                0x00001428       0x10 hpl/usb/hpl_usb.o
                0x00001428                _usb_d_dev_attach
 .text._usb_d_dev_set_address
                0x00001438       0x14 hpl/usb/hpl_usb.o
                0x00001438                _usb_d_dev_set_address
 .text._usb_d_dev_ep_init
                0x0000144c      0x14c hpl/usb/hpl_usb.o
                0x0000144c                _usb_d_dev_ep_init
 .text._usb_d_dev_ep_deinit
                0x00001598       0xc4 hpl/usb/hpl_usb.o
                0x00001598                _usb_d_dev_ep_deinit
 .text._usb_d_dev_ep_enable
                0x0000165c      0x300 hpl/usb/hpl_usb.o
                0x0000165c                _usb_d_dev_ep_enable
 .text._usb_d_dev_ep_stall
                0x0000195c      0x158 hpl/usb/hpl_usb.o
                0x0000195c                _usb_d_dev_ep_stall
 .text._usb_d_dev_ep_read_req
                0x00001ab4       0x78 hpl/usb/hpl_usb.o
                0x00001ab4                _usb_d_dev_ep_read_req
 .text._usb_d_dev_ep_trans
                0x00001b2c      0x1d8 hpl/usb/hpl_usb.o
                0x00001b2c                _usb_d_dev_ep_trans
 .text._usb_d_dev_register_callback
                0x00001d04       0x24 hpl/usb/hpl_usb.o
                0x00001d04                _usb_d_dev_register_callback
 .text._usb_d_dev_register_ep_callback
                0x00001d28       0x30 hpl/usb/hpl_usb.o
                0x00001d28                _usb_d_dev_register_ep_callback
 .text.USB_Handler
                0x00001d58        0xc hpl/usb/hpl_usb.o
                0x00001d58                USB_Handler
 .text.main     0x00001d64       0x14 main.o
                0x00001d64                main
 .text.cdcdf_acm_get_req
                0x00001d78       0x3c usb/class/cdc/device/cdcdf_acm.o
 .text.cdcdf_acm_set_req
                0x00001db4       0xb0 usb/class/cdc/device/cdcdf_acm.o
 .text.cdcdf_acm_req
                0x00001e64       0x50 usb/class/cdc/device/cdcdf_acm.o
 .text.cdcdf_acm_enable
                0x00001eb4       0xe8 usb/class/cdc/device/cdcdf_acm.o
 .text.cdcdf_acm_disable
                0x00001f9c       0x6c usb/class/cdc/device/cdcdf_acm.o
 .text.cdcdf_acm_ctrl
                0x00002008       0x34 usb/class/cdc/device/cdcdf_acm.o
 .text.cdcdf_acm_init
                0x0000203c       0x48 usb/class/cdc/device/cdcdf_acm.o
                0x0000203c                cdcdf_acm_init
 .text.cdcdf_acm_register_callback
                0x00002084       0x50 usb/class/cdc/device/cdcdf_acm.o
                0x00002084                cdcdf_acm_register_callback
 .text.cdcdf_acm_is_enabled
                0x000020d4        0xc usb/class/cdc/device/cdcdf_acm.o
                0x000020d4                cdcdf_acm_is_enabled
 .text.cdcdf_acm_read
                0x000020e0       0x30 usb/class/cdc/device/cdcdf_acm.o
                0x000020e0                cdcdf_acm_read
 .text.cdcdf_acm_write
                0x00002110       0x30 usb/class/cdc/device/cdcdf_acm.o
                0x00002110                cdcdf_acm_write
 .text.usbdc_unconfig
                0x00002140       0x20 usb/device/usbdc.o
 .text.usbdc_sof_notify
                0x00002160       0x20 usb/device/usbdc.o
 .text.usbdc_change_notify
                0x00002180       0x28 usb/device/usbdc.o
 .text.usbdc_request_handler
                0x000021a8       0x3c usb/device/usbdc.o
 .text.usbd_sof_cb
                0x000021e4        0xc usb/device/usbdc.o
 .text.usbdc_ctrl_data_end
                0x000021f0       0x14 usb/device/usbdc.o
 .text.usbdc_set_address
                0x00002204        0xc usb/device/usbdc.o
 .text.usbdc_ctrl_status_end
                0x00002210       0x64 usb/device/usbdc.o
 .text.usbdc_cb_ctl_done
                0x00002274       0x28 usb/device/usbdc.o
 .text.usbdc_set_config
                0x0000229c       0x94 usb/device/usbdc.o
 .text.usbdc_reset
                0x00002330       0x58 usb/device/usbdc.o
                0x00002330                usbdc_reset
 .text.usbd_event_cb
                0x00002388       0x24 usb/device/usbdc.o
 .text.usbdc_xfer
                0x000023ac       0x1c usb/device/usbdc.o
                0x000023ac                usbdc_xfer
 .text.usbdc_clear_ftr_req
                0x000023c8       0x40 usb/device/usbdc.o
 .text.usbdc_set_ftr_req
                0x00002408       0x40 usb/device/usbdc.o
 .text.usbdc_set_interface
                0x00002448       0xc4 usb/device/usbdc.o
 .text.usbdc_set_req
                0x0000250c       0x84 usb/device/usbdc.o
 .text.usbdc_get_dev_desc
                0x00002590       0x4c usb/device/usbdc.o
 .text.usbdc_get_cfg_desc
                0x000025dc       0x68 usb/device/usbdc.o
 .text.usbdc_get_str_desc
                0x00002644       0x5c usb/device/usbdc.o
 .text.usbdc_get_desc_req
                0x000026a0       0x34 usb/device/usbdc.o
 .text.usbdc_get_status_req
                0x000026d4       0x64 usb/device/usbdc.o
 .text.usbdc_get_interface
                0x00002738       0x68 usb/device/usbdc.o
 .text.usbdc_get_req
                0x000027a0       0x58 usb/device/usbdc.o
 .text.usbdc_cb_ctl_req
                0x000027f8       0x4c usb/device/usbdc.o
 .text.usbdc_register_handler
                0x00002844       0x38 usb/device/usbdc.o
                0x00002844                usbdc_register_handler
 .text.usbdc_init
                0x0000287c       0x60 usb/device/usbdc.o
                0x0000287c                usbdc_init
 .text.usbdc_register_function
                0x000028dc       0x18 usb/device/usbdc.o
                0x000028dc                usbdc_register_function
 .text.usbdc_start
                0x000028f4       0x38 usb/device/usbdc.o
                0x000028f4                usbdc_start
 .text.usbdc_attach
                0x0000292c        0xc usb/device/usbdc.o
                0x0000292c                usbdc_attach
 .text.usbdc_get_ctrl_buffer
                0x00002938        0xc usb/device/usbdc.o
                0x00002938                usbdc_get_ctrl_buffer
 .text.usbdc_get_state
                0x00002944       0x10 usb/device/usbdc.o
                0x00002944                usbdc_get_state
 .text.usb_find_desc
                0x00002954       0x1e usb/usb_protocol.o
                0x00002954                usb_find_desc
 .text.usb_find_ep_desc
                0x00002972       0x24 usb/usb_protocol.o
                0x00002972                usb_find_ep_desc
 *fill*         0x00002996        0x2 
 .text.usb_find_cfg_desc
                0x00002998       0x44 usb/usb_protocol.o
                0x00002998                usb_find_cfg_desc
 .text.usb_find_str_desc
                0x000029dc       0x38 usb/usb_protocol.o
                0x000029dc                usb_find_str_desc
 .text.usb_device_cb_state_c
                0x00002a14       0x40 usb_start.o
 .text.usb_device_cb_bulk_in
                0x00002a54       0x18 usb_start.o
 .text.usb_device_cb_bulk_out
                0x00002a6c       0x18 usb_start.o
 .text.cdc_device_acm_init
                0x00002a84       0x34 usb_start.o
                0x00002a84                cdc_device_acm_init
 .text.cdcd_acm_example
                0x00002ab8       0x20 usb_start.o
                0x00002ab8                cdcd_acm_example
 .text.usb_init
                0x00002ad8        0xc usb_start.o
                0x00002ad8                usb_init
 .text.__libc_init_array
                0x00002ae4       0x48 c:/program files (x86)/atmel/studio/7.0/toolchain/arm/arm-gnu-toolchain/bin/../lib/gcc/arm-none-eabi/6.3.1/../../../../arm-none-eabi/lib/thumb/v6-m\libc_nano.a(lib_a-init.o)
                0x00002ae4                __libc_init_array
 .text.memcpy   0x00002b2c       0x12 c:/program files (x86)/atmel/studio/7.0/toolchain/arm/arm-gnu-toolchain/bin/../lib/gcc/arm-none-eabi/6.3.1/../../../../arm-none-eabi/lib/thumb/v6-m\libc_nano.a(lib_a-memcpy-stub.o)
                0x00002b2c                memcpy
 .text.memset   0x00002b3e       0x10 c:/program files (x86)/atmel/studio/7.0/toolchain/arm/arm-gnu-toolchain/bin/../lib/gcc/arm-none-eabi/6.3.1/../../../../arm-none-eabi/lib/thumb/v6-m\libc_nano.a(lib_a-memset.o)
                0x00002b3e                memset
 *(.glue_7t)
 .glue_7t       0x00002b4e        0x0 linker stubs
 *(.glue_7)
 .glue_7        0x00002b4e        0x0 linker stubs
 *(.rodata .rodata* .gnu.linkonce.r.*)
 *fill*         0x00002b4e        0x2 
 .rodata.str1.4
                0x00002b50       0x1e hal/utils/src/utils_list.o
 *fill*         0x00002b6e        0x2 
 .rodata        0x00002b70       0x2c hpl/usb/hpl_usb.o
 .rodata        0x00002b9c       0x30 usb/device/usbdc.o
 .rodata.str1.4
                0x00002bcc       0x18 usb/device/usbdc.o
                                 0x16 (size before relaxing)
 *(.ARM.extab* .gnu.linkonce.armextab.*)
                0x00002be4                . = ALIGN (0x4)
 *(.init)
 .init          0x00002be4        0x4 c:/program files (x86)/atmel/studio/7.0/toolchain/arm/arm-gnu-toolchain/bin/../lib/gcc/arm-none-eabi/6.3.1/thumb/v6-m/crti.o
                0x00002be4                _init
 .init          0x00002be8        0x8 c:/program files (x86)/atmel/studio/7.0/toolchain/arm/arm-gnu-toolchain/bin/../lib/gcc/arm-none-eabi/6.3.1/thumb/v6-m/crtn.o
                0x00002bf0                . = ALIGN (0x4)
                0x00002bf0                __preinit_array_start = .
 *(.preinit_array)
                0x00002bf0                __preinit_array_end = .
                0x00002bf0                . = ALIGN (0x4)
                0x00002bf0                __init_array_start = .
 *(SORT(.init_array.*))
 *(.init_array)
 .init_array    0x00002bf0        0x4 c:/program files (x86)/atmel/studio/7.0/toolchain/arm/arm-gnu-toolchain/bin/../lib/gcc/arm-none-eabi/6.3.1/thumb/v6-m/crtbegin.o
                0x00002bf4                __init_array_end = .
                0x00002bf4                . = ALIGN (0x4)
 *crtbegin.o(.ctors)
 *(EXCLUDE_FILE(*crtend.o) .ctors)
 *(SORT(.ctors.*))
 *crtend.o(.ctors)
                0x00002bf4                . = ALIGN (0x4)
 *(.fini)
 .fini          0x00002bf4        0x4 c:/program files (x86)/atmel/studio/7.0/toolchain/arm/arm-gnu-toolchain/bin/../lib/gcc/arm-none-eabi/6.3.1/thumb/v6-m/crti.o
                0x00002bf4                _fini
 .fini          0x00002bf8        0x8 c:/program files (x86)/atmel/studio/7.0/toolchain/arm/arm-gnu-toolchain/bin/../lib/gcc/arm-none-eabi/6.3.1/thumb/v6-m/crtn.o
                0x00002c00                . = ALIGN (0x4)
                0x00002c00                __fini_array_start = .
 *(.fini_array)
 .fini_array    0x00002c00        0x4 c:/program files (x86)/atmel/studio/7.0/toolchain/arm/arm-gnu-toolchain/bin/../lib/gcc/arm-none-eabi/6.3.1/thumb/v6-m/crtbegin.o
 *(SORT(.fini_array.*))
                0x00002c04                __fini_array_end = .
 *crtbegin.o(.dtors)
 *(EXCLUDE_FILE(*crtend.o) .dtors)
 *(SORT(.dtors.*))
 *crtend.o(.dtors)
                0x00002c04                . = ALIGN (0x4)
                0x00002c04                _efixed = .
                [!provide]                PROVIDE (__exidx_start, .)

.vfp11_veneer   0x00002c04        0x0
 .vfp11_veneer  0x00002c04        0x0 linker stubs

.v4_bx          0x00002c04        0x0
 .v4_bx         0x00002c04        0x0 linker stubs

.iplt           0x00002c04        0x0
 .iplt          0x00002c04        0x0 c:/program files (x86)/atmel/studio/7.0/toolchain/arm/arm-gnu-toolchain/bin/../lib/gcc/arm-none-eabi/6.3.1/thumb/v6-m/crtbegin.o

.eh_frame       0x00002c04        0x0
 .eh_frame      0x00002c04        0x0 c:/program files (x86)/atmel/studio/7.0/toolchain/arm/arm-gnu-toolchain/bin/../lib/gcc/arm-none-eabi/6.3.1/thumb/v6-m/crtbegin.o

.rel.dyn        0x00002c04        0x0
 .rel.iplt      0x00002c04        0x0 c:/program files (x86)/atmel/studio/7.0/toolchain/arm/arm-gnu-toolchain/bin/../lib/gcc/arm-none-eabi/6.3.1/thumb/v6-m/crtbegin.o

.jcr            0x00002c04        0x0
 .jcr           0x00002c04        0x0 c:/program files (x86)/atmel/studio/7.0/toolchain/arm/arm-gnu-toolchain/bin/../lib/gcc/arm-none-eabi/6.3.1/thumb/v6-m/crtbegin.o

.igot.plt       0x00002c04        0x0
 .igot.plt      0x00002c04        0x0 c:/program files (x86)/atmel/studio/7.0/toolchain/arm/arm-gnu-toolchain/bin/../lib/gcc/arm-none-eabi/6.3.1/thumb/v6-m/crtbegin.o

.ARM.exidx
 *(.ARM.exidx* .gnu.linkonce.armexidx.*)
                [!provide]                PROVIDE (__exidx_end, .)
                0x00002c04                . = ALIGN (0x4)
                0x00002c04                _etext = .

.relocate       0x20000000       0x68 load address 0x00002c04
                0x20000000                . = ALIGN (0x4)
                0x20000000                _srelocate = .
 *(.ramfunc .ramfunc.*)
 *(.data .data.*)
 .data          0x20000000        0x8 usb/class/cdc/device/cdcdf_acm.o
 .data          0x20000008       0x5d usb_start.o
                0x20000068                . = ALIGN (0x4)
 *fill*         0x20000065        0x3 
                0x20000068                _erelocate = .

.bss            0x20000068      0x348 load address 0x00002c6c
                0x20000068                . = ALIGN (0x4)
                0x20000068                _sbss = .
                0x20000068                _szero = .
 *(.bss .bss.*)
 .bss           0x20000068       0x1c c:/program files (x86)/atmel/studio/7.0/toolchain/arm/arm-gnu-toolchain/bin/../lib/gcc/arm-none-eabi/6.3.1/thumb/v6-m/crtbegin.o
 .bss           0x20000084       0x80 hal/src/hal_usb_device.o
 .bss           0x20000104      0x1e8 hpl/usb/hpl_usb.o
 .bss           0x200002ec       0x24 usb/class/cdc/device/cdcdf_acm.o
 .bss           0x20000310       0x20 usb/device/usbdc.o
 .bss           0x20000330       0x80 usb_start.o
 *(COMMON)
                0x200003b0                . = ALIGN (0x4)
                0x200003b0                _ebss = .
                0x200003b0                _ezero = .

.stack          0x200003b0     0x2000 load address 0x00002fb4
                0x200003b0                . = ALIGN (0x8)
                0x200003b0                _sstack = .
                0x200023b0                . = (. + STACK_SIZE)
 *fill*         0x200003b0     0x2000 
                0x200023b0                . = ALIGN (0x8)
                0x200023b0                _estack = .
                0x200023b0                . = ALIGN (0x4)
                0x200023b0                _end = .
OUTPUT(usb_test.elf elf32-littlearm)

.ARM.attributes
                0x00000000       0x28
 .ARM.attributes
                0x00000000       0x1e c:/program files (x86)/atmel/studio/7.0/toolchain/arm/arm-gnu-toolchain/bin/../lib/gcc/arm-none-eabi/6.3.1/thumb/v6-m/crti.o
 .ARM.attributes
                0x0000001e       0x2c c:/program files (x86)/atmel/studio/7.0/toolchain/arm/arm-gnu-toolchain/bin/../lib/gcc/arm-none-eabi/6.3.1/thumb/v6-m/crtbegin.o
 .ARM.attributes
                0x0000004a       0x32 atmel_start.o
 .ARM.attributes
                0x0000007c       0x32 Device_Startup/startup_samd21.o
 .ARM.attributes
                0x000000ae       0x32 driver_init.o
 .ARM.attributes
                0x000000e0       0x32 hal/src/hal_atomic.o
 .ARM.attributes
                0x00000112       0x32 hal/src/hal_usb_device.o
 .ARM.attributes
                0x00000144       0x32 hal/utils/src/utils_assert.o
 .ARM.attributes
                0x00000176       0x32 hal/utils/src/utils_list.o
 .ARM.attributes
                0x000001a8       0x32 hpl/core/hpl_init.o
 .ARM.attributes
                0x000001da       0x32 hpl/gclk/hpl_gclk.o
 .ARM.attributes
                0x0000020c       0x32 hpl/pm/hpl_pm.o
 .ARM.attributes
                0x0000023e       0x32 hpl/sysctrl/hpl_sysctrl.o
 .ARM.attributes
                0x00000270       0x32 hpl/usb/hpl_usb.o
 .ARM.attributes
                0x000002a2       0x32 main.o
 .ARM.attributes
                0x000002d4       0x32 usb/class/cdc/device/cdcdf_acm.o
 .ARM.attributes
                0x00000306       0x32 usb/device/usbdc.o
 .ARM.attributes
                0x00000338       0x32 usb/usb_protocol.o
 .ARM.attributes
                0x0000036a       0x32 usb_start.o
 .ARM.attributes
                0x0000039c       0x2c c:/program files (x86)/atmel/studio/7.0/toolchain/arm/arm-gnu-toolchain/bin/../lib/gcc/arm-none-eabi/6.3.1/../../../../arm-none-eabi/lib/thumb/v6-m\libc_nano.a(lib_a-init.o)
 .ARM.attributes
                0x000003c8       0x2c c:/program files (x86)/atmel/studio/7.0/toolchain/arm/arm-gnu-toolchain/bin/../lib/gcc/arm-none-eabi/6.3.1/../../../../arm-none-eabi/lib/thumb/v6-m\libc_nano.a(lib_a-memcpy-stub.o)
 .ARM.attributes
                0x000003f4       0x2c c:/program files (x86)/atmel/studio/7.0/toolchain/arm/arm-gnu-toolchain/bin/../lib/gcc/arm-none-eabi/6.3.1/../../../../arm-none-eabi/lib/thumb/v6-m\libc_nano.a(lib_a-memset.o)
 .ARM.attributes
                0x00000420       0x1e c:/program files (x86)/atmel/studio/7.0/toolchain/arm/arm-gnu-toolchain/bin/../lib/gcc/arm-none-eabi/6.3.1/thumb/v6-m/crtn.o

.comment        0x00000000       0x59
 .comment       0x00000000       0x59 atmel_start.o
                                 0x5a (size before relaxing)
 .comment       0x00000059       0x5a Device_Startup/startup_samd21.o
 .comment       0x00000059       0x5a driver_init.o
 .comment       0x00000059       0x5a hal/src/hal_atomic.o
 .comment       0x00000059       0x5a hal/src/hal_usb_device.o
 .comment       0x00000059       0x5a hal/utils/src/utils_assert.o
 .comment       0x00000059       0x5a hal/utils/src/utils_list.o
 .comment       0x00000059       0x5a hpl/core/hpl_init.o
 .comment       0x00000059       0x5a hpl/gclk/hpl_gclk.o
 .comment       0x00000059       0x5a hpl/pm/hpl_pm.o
 .comment       0x00000059       0x5a hpl/sysctrl/hpl_sysctrl.o
 .comment       0x00000059       0x5a hpl/usb/hpl_usb.o
 .comment       0x00000059       0x5a main.o
 .comment       0x00000059       0x5a usb/class/cdc/device/cdcdf_acm.o
 .comment       0x00000059       0x5a usb/device/usbdc.o
 .comment       0x00000059       0x5a usb/usb_protocol.o
 .comment       0x00000059       0x5a usb_start.o

.debug_info     0x00000000    0x1de68
 .debug_info    0x00000000      0x9ee atmel_start.o
 .debug_info    0x000009ee     0x3a2c Device_Startup/startup_samd21.o
 .debug_info    0x0000441a     0x5c96 driver_init.o
 .debug_info    0x0000a0b0      0x1d1 hal/src/hal_atomic.o
 .debug_info    0x0000a281     0x1e1a hal/src/hal_usb_device.o
 .debug_info    0x0000c09b      0x107 hal/utils/src/utils_assert.o
 .debug_info    0x0000c1a2      0x314 hal/utils/src/utils_list.o
 .debug_info    0x0000c4b6      0x68a hpl/core/hpl_init.o
 .debug_info    0x0000cb40      0x5ad hpl/gclk/hpl_gclk.o
 .debug_info    0x0000d0ed      0xc6d hpl/pm/hpl_pm.o
 .debug_info    0x0000dd5a     0x18e8 hpl/sysctrl/hpl_sysctrl.o
 .debug_info    0x0000f642     0x85b4 hpl/usb/hpl_usb.o
 .debug_info    0x00017bf6      0x9f2 main.o
 .debug_info    0x000185e8     0x1741 usb/class/cdc/device/cdcdf_acm.o
 .debug_info    0x00019d29     0x23b9 usb/device/usbdc.o
 .debug_info    0x0001c0e2      0xf0f usb/usb_protocol.o
 .debug_info    0x0001cff1      0xe77 usb_start.o

.debug_abbrev   0x00000000     0x2a8f
 .debug_abbrev  0x00000000      0x1ad atmel_start.o
 .debug_abbrev  0x000001ad      0x227 Device_Startup/startup_samd21.o
 .debug_abbrev  0x000003d4      0x30a driver_init.o
 .debug_abbrev  0x000006de      0x144 hal/src/hal_atomic.o
 .debug_abbrev  0x00000822      0x486 hal/src/hal_usb_device.o
 .debug_abbrev  0x00000ca8       0x86 hal/utils/src/utils_assert.o
 .debug_abbrev  0x00000d2e      0x152 hal/utils/src/utils_list.o
 .debug_abbrev  0x00000e80      0x1d9 hpl/core/hpl_init.o
 .debug_abbrev  0x00001059      0x1c3 hpl/gclk/hpl_gclk.o
 .debug_abbrev  0x0000121c      0x211 hpl/pm/hpl_pm.o
 .debug_abbrev  0x0000142d      0x25c hpl/sysctrl/hpl_sysctrl.o
 .debug_abbrev  0x00001689      0x5ea hpl/usb/hpl_usb.o
 .debug_abbrev  0x00001c73      0x1af main.o
 .debug_abbrev  0x00001e22      0x373 usb/class/cdc/device/cdcdf_acm.o
 .debug_abbrev  0x00002195      0x3d9 usb/device/usbdc.o
 .debug_abbrev  0x0000256e      0x2a0 usb/usb_protocol.o
 .debug_abbrev  0x0000280e      0x281 usb_start.o

.debug_loc      0x00000000     0x9159
 .debug_loc     0x00000000       0x20 atmel_start.o
 .debug_loc     0x00000020       0x78 Device_Startup/startup_samd21.o
 .debug_loc     0x00000098      0x52e driver_init.o
 .debug_loc     0x000005c6       0x13 hal/src/hal_atomic.o
 .debug_loc     0x000005d9     0x11a4 hal/src/hal_usb_device.o
 .debug_loc     0x0000177d      0x213 hal/utils/src/utils_list.o
 .debug_loc     0x00001990       0x4c hpl/core/hpl_init.o
 .debug_loc     0x000019dc      0x190 hpl/gclk/hpl_gclk.o
 .debug_loc     0x00001b6c      0x11b hpl/pm/hpl_pm.o
 .debug_loc     0x00001c87      0x26a hpl/sysctrl/hpl_sysctrl.o
 .debug_loc     0x00001ef1     0x4b71 hpl/usb/hpl_usb.o
 .debug_loc     0x00006a62       0x20 main.o
 .debug_loc     0x00006a82      0x9e2 usb/class/cdc/device/cdcdf_acm.o
 .debug_loc     0x00007464     0x16a4 usb/device/usbdc.o
 .debug_loc     0x00008b08      0x4bf usb/usb_protocol.o
 .debug_loc     0x00008fc7      0x192 usb_start.o

.debug_aranges  0x00000000      0x690
 .debug_aranges
                0x00000000       0x20 atmel_start.o
 .debug_aranges
                0x00000020       0x28 Device_Startup/startup_samd21.o
 .debug_aranges
                0x00000048       0x38 driver_init.o
 .debug_aranges
                0x00000080       0x30 hal/src/hal_atomic.o
 .debug_aranges
                0x000000b0      0x100 hal/src/hal_usb_device.o
 .debug_aranges
                0x000001b0       0x20 hal/utils/src/utils_assert.o
 .debug_aranges
                0x000001d0       0x48 hal/utils/src/utils_list.o
 .debug_aranges
                0x00000218       0x20 hpl/core/hpl_init.o
 .debug_aranges
                0x00000238       0x28 hpl/gclk/hpl_gclk.o
 .debug_aranges
                0x00000260       0x30 hpl/pm/hpl_pm.o
 .debug_aranges
                0x00000290       0x28 hpl/sysctrl/hpl_sysctrl.o
 .debug_aranges
                0x000002b8      0x138 hpl/usb/hpl_usb.o
 .debug_aranges
                0x000003f0       0x20 main.o
 .debug_aranges
                0x00000410       0x90 usb/class/cdc/device/cdcdf_acm.o
 .debug_aranges
                0x000004a0      0x160 usb/device/usbdc.o
 .debug_aranges
                0x00000600       0x48 usb/usb_protocol.o
 .debug_aranges
                0x00000648       0x48 usb_start.o

.debug_ranges   0x00000000      0x6e0
 .debug_ranges  0x00000000       0x10 atmel_start.o
 .debug_ranges  0x00000010       0x18 Device_Startup/startup_samd21.o
 .debug_ranges  0x00000028       0x28 driver_init.o
 .debug_ranges  0x00000050       0x20 hal/src/hal_atomic.o
 .debug_ranges  0x00000070      0x108 hal/src/hal_usb_device.o
 .debug_ranges  0x00000178       0x10 hal/utils/src/utils_assert.o
 .debug_ranges  0x00000188       0x38 hal/utils/src/utils_list.o
 .debug_ranges  0x000001c0       0x10 hpl/core/hpl_init.o
 .debug_ranges  0x000001d0       0x18 hpl/gclk/hpl_gclk.o
 .debug_ranges  0x000001e8       0x20 hpl/pm/hpl_pm.o
 .debug_ranges  0x00000208       0x18 hpl/sysctrl/hpl_sysctrl.o
 .debug_ranges  0x00000220      0x270 hpl/usb/hpl_usb.o
 .debug_ranges  0x00000490       0x10 main.o
 .debug_ranges  0x000004a0       0x80 usb/class/cdc/device/cdcdf_acm.o
 .debug_ranges  0x00000520      0x150 usb/device/usbdc.o
 .debug_ranges  0x00000670       0x38 usb/usb_protocol.o
 .debug_ranges  0x000006a8       0x38 usb_start.o

.debug_macro    0x00000000    0x17df3
 .debug_macro   0x00000000      0x60e atmel_start.o
 .debug_macro   0x0000060e      0x89e atmel_start.o
 .debug_macro   0x00000eac      0x16d atmel_start.o
 .debug_macro   0x00001019       0x22 atmel_start.o
 .debug_macro   0x0000103b       0x87 atmel_start.o
 .debug_macro   0x000010c2       0x51 atmel_start.o
 .debug_macro   0x00001113       0xef atmel_start.o
 .debug_macro   0x00001202       0x6a atmel_start.o
 .debug_macro   0x0000126c      0x1df atmel_start.o
 .debug_macro   0x0000144b       0x22 atmel_start.o
 .debug_macro   0x0000146d       0x3f atmel_start.o
 .debug_macro   0x000014ac       0x1c atmel_start.o
 .debug_macro   0x000014c8       0x22 atmel_start.o
 .debug_macro   0x000014ea       0xb5 atmel_start.o
 .debug_macro   0x0000159f      0x3ad atmel_start.o
 .debug_macro   0x0000194c      0x67e atmel_start.o
 .debug_macro   0x00001fca      0x8b1 atmel_start.o
 .debug_macro   0x0000287b      0x22e atmel_start.o
 .debug_macro   0x00002aa9      0xd5c atmel_start.o
 .debug_macro   0x00003805      0x4dc atmel_start.o
 .debug_macro   0x00003ce1      0x9f6 atmel_start.o
 .debug_macro   0x000046d7      0x82b atmel_start.o
 .debug_macro   0x00004f02      0x45f atmel_start.o
 .debug_macro   0x00005361       0x5e atmel_start.o
 .debug_macro   0x000053bf      0x8f9 atmel_start.o
 .debug_macro   0x00005cb8      0x21c atmel_start.o
 .debug_macro   0x00005ed4      0x735 atmel_start.o
 .debug_macro   0x00006609       0x5e atmel_start.o
 .debug_macro   0x00006667      0x632 atmel_start.o
 .debug_macro   0x00006c99      0x3ac atmel_start.o
 .debug_macro   0x00007045      0xc76 atmel_start.o
 .debug_macro   0x00007cbb     0x1092 atmel_start.o
 .debug_macro   0x00008d4d      0xc4a atmel_start.o
 .debug_macro   0x00009997      0x6ba atmel_start.o
 .debug_macro   0x0000a051     0x1b3d atmel_start.o
 .debug_macro   0x0000bb8e     0x143c atmel_start.o
 .debug_macro   0x0000cfca      0x340 atmel_start.o
 .debug_macro   0x0000d30a       0x7c atmel_start.o
 .debug_macro   0x0000d386       0xa0 atmel_start.o
 .debug_macro   0x0000d426       0x4c atmel_start.o
 .debug_macro   0x0000d472       0xca atmel_start.o
 .debug_macro   0x0000d53c       0x94 atmel_start.o
 .debug_macro   0x0000d5d0       0x58 atmel_start.o
 .debug_macro   0x0000d628      0x341 atmel_start.o
 .debug_macro   0x0000d969       0x82 atmel_start.o
 .debug_macro   0x0000d9eb      0x189 atmel_start.o
 .debug_macro   0x0000db74       0xb8 atmel_start.o
 .debug_macro   0x0000dc2c       0xa0 atmel_start.o
 .debug_macro   0x0000dccc       0xb2 atmel_start.o
 .debug_macro   0x0000dd7e       0x1c atmel_start.o
 .debug_macro   0x0000dd9a       0x1c atmel_start.o
 .debug_macro   0x0000ddb6       0x1c atmel_start.o
 .debug_macro   0x0000ddd2       0x7c atmel_start.o
 .debug_macro   0x0000de4e      0x15a atmel_start.o
 .debug_macro   0x0000dfa8       0x10 atmel_start.o
 .debug_macro   0x0000dfb8       0xdc atmel_start.o
 .debug_macro   0x0000e094      0x124 atmel_start.o
 .debug_macro   0x0000e1b8      0x124 atmel_start.o
 .debug_macro   0x0000e2dc      0x124 atmel_start.o
 .debug_macro   0x0000e400      0x124 atmel_start.o
 .debug_macro   0x0000e524      0x124 atmel_start.o
 .debug_macro   0x0000e648       0xe2 atmel_start.o
 .debug_macro   0x0000e72a       0xe2 atmel_start.o
 .debug_macro   0x0000e80c       0xe2 atmel_start.o
 .debug_macro   0x0000e8ee      0x12a atmel_start.o
 .debug_macro   0x0000ea18      0x100 atmel_start.o
 .debug_macro   0x0000eb18       0xf4 atmel_start.o
 .debug_macro   0x0000ec0c      0x40f atmel_start.o
 .debug_macro   0x0000f01b       0x40 atmel_start.o
 .debug_macro   0x0000f05b      0x35a atmel_start.o
 .debug_macro   0x0000f3b5     0x101b atmel_start.o
 .debug_macro   0x000103d0       0x6d atmel_start.o
 .debug_macro   0x0001043d       0x10 atmel_start.o
 .debug_macro   0x0001044d       0x10 atmel_start.o
 .debug_macro   0x0001045d       0x16 atmel_start.o
 .debug_macro   0x00010473       0x16 atmel_start.o
 .debug_macro   0x00010489       0x16 atmel_start.o
 .debug_macro   0x0001049f       0x16 atmel_start.o
 .debug_macro   0x000104b5       0x16 atmel_start.o
 .debug_macro   0x000104cb       0x16 atmel_start.o
 .debug_macro   0x000104e1       0x16 atmel_start.o
 .debug_macro   0x000104f7       0x16 atmel_start.o
 .debug_macro   0x0001050d       0x16 atmel_start.o
 .debug_macro   0x00010523       0x16 atmel_start.o
 .debug_macro   0x00010539       0x16 atmel_start.o
 .debug_macro   0x0001054f       0x16 atmel_start.o
 .debug_macro   0x00010565       0x16 atmel_start.o
 .debug_macro   0x0001057b       0x16 atmel_start.o
 .debug_macro   0x00010591      0x4c3 atmel_start.o
 .debug_macro   0x00010a54       0x94 atmel_start.o
 .debug_macro   0x00010ae8       0x16 atmel_start.o
 .debug_macro   0x00010afe       0x6a atmel_start.o
 .debug_macro   0x00010b68      0x28c atmel_start.o
 .debug_macro   0x00010df4      0x4d8 atmel_start.o
 .debug_macro   0x000112cc       0x16 atmel_start.o
 .debug_macro   0x000112e2       0xca atmel_start.o
 .debug_macro   0x000113ac       0x1c atmel_start.o
 .debug_macro   0x000113c8       0x16 atmel_start.o
 .debug_macro   0x000113de       0x40 atmel_start.o
 .debug_macro   0x0001141e       0xc9 atmel_start.o
 .debug_macro   0x000114e7       0xcb atmel_start.o
 .debug_macro   0x000115b2       0xee atmel_start.o
 .debug_macro   0x000116a0       0x58 atmel_start.o
 .debug_macro   0x000116f8       0x35 atmel_start.o
 .debug_macro   0x0001172d       0x9c atmel_start.o
 .debug_macro   0x000117c9       0x58 atmel_start.o
 .debug_macro   0x00011821       0x1f atmel_start.o
 .debug_macro   0x00011840       0x43 atmel_start.o
 .debug_macro   0x00011883       0x20 atmel_start.o
 .debug_macro   0x000118a3      0x187 atmel_start.o
 .debug_macro   0x00011a2a      0x34d atmel_start.o
 .debug_macro   0x00011d77       0x10 atmel_start.o
 .debug_macro   0x00011d87       0x35 atmel_start.o
 .debug_macro   0x00011dbc       0x76 atmel_start.o
 .debug_macro   0x00011e32      0x11b atmel_start.o
 .debug_macro   0x00011f4d      0x12b atmel_start.o
 .debug_macro   0x00012078      0x256 atmel_start.o
 .debug_macro   0x000122ce       0x4c atmel_start.o
 .debug_macro   0x0001231a      0x2e8 Device_Startup/startup_samd21.o
 .debug_macro   0x00012602       0x39 Device_Startup/startup_samd21.o
 .debug_macro   0x0001263b      0x4f6 driver_init.o
 .debug_macro   0x00012b31       0x1c driver_init.o
 .debug_macro   0x00012b4d      0x416 hal/src/hal_atomic.o
 .debug_macro   0x00012f63      0x4fe hal/src/hal_usb_device.o
 .debug_macro   0x00013461      0x41f hal/utils/src/utils_assert.o
 .debug_macro   0x00013880       0x10 hal/utils/src/utils_assert.o
 .debug_macro   0x00013890      0x423 hal/utils/src/utils_list.o
 .debug_macro   0x00013cb3      0x490 hpl/core/hpl_init.o
 .debug_macro   0x00014143       0x2e hpl/core/hpl_init.o
 .debug_macro   0x00014171      0x6ec hpl/core/hpl_init.o
 .debug_macro   0x0001485d      0x432 hpl/gclk/hpl_gclk.o
 .debug_macro   0x00014c8f      0x1f3 hpl/gclk/hpl_gclk.o
 .debug_macro   0x00014e82      0x455 hpl/pm/hpl_pm.o
 .debug_macro   0x000152d7      0x42c hpl/sysctrl/hpl_sysctrl.o
 .debug_macro   0x00015703      0x2da hpl/sysctrl/hpl_sysctrl.o
 .debug_macro   0x000159dd      0x6c6 hpl/usb/hpl_usb.o
 .debug_macro   0x000160a3      0x60e main.o
 .debug_macro   0x000166b1      0x560 usb/class/cdc/device/cdcdf_acm.o
 .debug_macro   0x00016c11       0xaf usb/class/cdc/device/cdcdf_acm.o
 .debug_macro   0x00016cc0       0xd1 usb/class/cdc/device/cdcdf_acm.o
 .debug_macro   0x00016d91      0x540 usb/device/usbdc.o
 .debug_macro   0x000172d1      0x50f usb/usb_protocol.o
 .debug_macro   0x000177e0      0x613 usb_start.o

.debug_line     0x00000000     0xc22d
 .debug_line    0x00000000      0xbc5 atmel_start.o
 .debug_line    0x00000bc5      0x6e0 Device_Startup/startup_samd21.o
 .debug_line    0x000012a5      0xb32 driver_init.o
 .debug_line    0x00001dd7      0x95a hal/src/hal_atomic.o
 .debug_line    0x00002731      0xd16 hal/src/hal_usb_device.o
 .debug_line    0x00003447      0x924 hal/utils/src/utils_assert.o
 .debug_line    0x00003d6b      0x9bd hal/utils/src/utils_list.o
 .debug_line    0x00004728      0xa05 hpl/core/hpl_init.o
 .debug_line    0x0000512d      0x99e hpl/gclk/hpl_gclk.o
 .debug_line    0x00005acb      0x9ca hpl/pm/hpl_pm.o
 .debug_line    0x00006495      0xa2c hpl/sysctrl/hpl_sysctrl.o
 .debug_line    0x00006ec1     0x14cc hpl/usb/hpl_usb.o
 .debug_line    0x0000838d      0xbc1 main.o
 .debug_line    0x00008f4e      0xcb0 usb/class/cdc/device/cdcdf_acm.o
 .debug_line    0x00009bfe      0xee5 usb/device/usbdc.o
 .debug_line    0x0000aae3      0xb2b usb/usb_protocol.o
 .debug_line    0x0000b60e      0xc1f usb_start.o

.debug_str      0x00000000    0x8069d
 .debug_str     0x00000000    0x783d1 atmel_start.o
                              0x78867 (size before relaxing)
 .debug_str     0x000783d1     0x1098 Device_Startup/startup_samd21.o
                              0x6a2e5 (size before relaxing)
 .debug_str     0x00079469      0xb7c driver_init.o
                              0x746a2 (size before relaxing)
 .debug_str     0x00079fe5       0xbe hal/src/hal_atomic.o
                              0x71db1 (size before relaxing)
 .debug_str     0x0007a0a3      0x87a hal/src/hal_usb_device.o
                              0x75fb2 (size before relaxing)
 .debug_str     0x0007a91d       0x31 hal/utils/src/utils_assert.o
                              0x71dc1 (size before relaxing)
 .debug_str     0x0007a94e       0x9c hal/utils/src/utils_list.o
                              0x71e6b (size before relaxing)
 .debug_str     0x0007a9ea     0x17d7 hpl/core/hpl_init.o
                              0x7388b (size before relaxing)
 .debug_str     0x0007c1c1      0x84e hpl/gclk/hpl_gclk.o
                              0x726dd (size before relaxing)
 .debug_str     0x0007ca0f      0x194 hpl/pm/hpl_pm.o
                              0x723ea (size before relaxing)
 .debug_str     0x0007cba3     0x12a9 hpl/sysctrl/hpl_sysctrl.o
                              0x73235 (size before relaxing)
 .debug_str     0x0007de4c     0x1949 hpl/usb/hpl_usb.o
                              0x7809a (size before relaxing)
 .debug_str     0x0007f795       0x1d main.o
                              0x78861 (size before relaxing)
 .debug_str     0x0007f7b2      0x792 usb/class/cdc/device/cdcdf_acm.o
                              0x783a8 (size before relaxing)
 .debug_str     0x0007ff44      0x546 usb/device/usbdc.o
                              0x77a11 (size before relaxing)
 .debug_str     0x0008048a       0xe4 usb/usb_protocol.o
                              0x75fc5 (size before relaxing)
 .debug_str     0x0008056e      0x12f usb_start.o
                              0x78b80 (size before relaxing)

.debug_frame    0x00000000     0x10a8
 .debug_frame   0x00000000       0x28 atmel_start.o
 .debug_frame   0x00000028       0x40 Device_Startup/startup_samd21.o
 .debug_frame   0x00000068       0x74 driver_init.o
 .debug_frame   0x000000dc       0x40 hal/src/hal_atomic.o
 .debug_frame   0x0000011c      0x30c hal/src/hal_usb_device.o
 .debug_frame   0x00000428       0x20 hal/utils/src/utils_assert.o
 .debug_frame   0x00000448       0x88 hal/utils/src/utils_list.o
 .debug_frame   0x000004d0       0x28 hpl/core/hpl_init.o
 .debug_frame   0x000004f8       0x30 hpl/gclk/hpl_gclk.o
 .debug_frame   0x00000528       0x40 hpl/pm/hpl_pm.o
 .debug_frame   0x00000568       0x30 hpl/sysctrl/hpl_sysctrl.o
 .debug_frame   0x00000598      0x394 hpl/usb/hpl_usb.o
 .debug_frame   0x0000092c       0x28 main.o
 .debug_frame   0x00000954      0x190 usb/class/cdc/device/cdcdf_acm.o
 .debug_frame   0x00000ae4      0x408 usb/device/usbdc.o
 .debug_frame   0x00000eec       0xa4 usb/usb_protocol.o
 .debug_frame   0x00000f90       0xa4 usb_start.o
 .debug_frame   0x00001034       0x2c c:/program files (x86)/atmel/studio/7.0/toolchain/arm/arm-gnu-toolchain/bin/../lib/gcc/arm-none-eabi/6.3.1/../../../../arm-none-eabi/lib/thumb/v6-m\libc_nano.a(lib_a-init.o)
 .debug_frame   0x00001060       0x28 c:/program files (x86)/atmel/studio/7.0/toolchain/arm/arm-gnu-toolchain/bin/../lib/gcc/arm-none-eabi/6.3.1/../../../../arm-none-eabi/lib/thumb/v6-m\libc_nano.a(lib_a-memcpy-stub.o)
 .debug_frame   0x00001088       0x20 c:/program files (x86)/atmel/studio/7.0/toolchain/arm/arm-gnu-toolchain/bin/../lib/gcc/arm-none-eabi/6.3.1/../../../../arm-none-eabi/lib/thumb/v6-m\libc_nano.a(lib_a-memset.o)
