Archive member included to satisfy reference by file (symbol)

c:/program files (x86)/atmel/studio/7.0/toolchain/arm/arm-gnu-toolchain/bin/../lib/gcc/arm-none-eabi/6.3.1/thumb/v6-m\libgcc.a(_udivsi3.o)
                              src/ASF/sam0/drivers/system/clock/clock_samd21_r21_da_ha1/clock.o (__aeabi_uidiv)
c:/program files (x86)/atmel/studio/7.0/toolchain/arm/arm-gnu-toolchain/bin/../lib/gcc/arm-none-eabi/6.3.1/thumb/v6-m\libgcc.a(_divsi3.o)
                              src/ASF/sam0/drivers/usb/stack_interface/usb_device_udd.o (__aeabi_idivmod)
c:/program files (x86)/atmel/studio/7.0/toolchain/arm/arm-gnu-toolchain/bin/../lib/gcc/arm-none-eabi/6.3.1/thumb/v6-m\libgcc.a(_dvmd_tls.o)
                              c:/program files (x86)/atmel/studio/7.0/toolchain/arm/arm-gnu-toolchain/bin/../lib/gcc/arm-none-eabi/6.3.1/thumb/v6-m\libgcc.a(_udivsi3.o) (__aeabi_idiv0)
c:/program files (x86)/atmel/studio/7.0/toolchain/arm/arm-gnu-toolchain/bin/../lib/gcc/arm-none-eabi/6.3.1/thumb/v6-m\libgcc.a(_clzsi2.o)
                              src/ASF/sam0/drivers/usb/usb_sam_d_r/usb.o (__clzsi2)
c:/program files (x86)/atmel/studio/7.0/toolchain/arm/arm-gnu-toolchain/bin/../lib/gcc/arm-none-eabi/6.3.1/thumb/v6-m\libgcc.a(_ctzsi2.o)
                              src/ASF/sam0/drivers/usb/usb_sam_d_r/usb.o (__ctzsi2)
c:/program files (x86)/atmel/studio/7.0/toolchain/arm/arm-gnu-toolchain/bin/../lib/gcc/arm-none-eabi/6.3.1/thumb/v6-m\libgcc.a(_muldi3.o)
                              src/ASF/sam0/drivers/sercom/sercom.o (__aeabi_lmul)
c:/program files (x86)/atmel/studio/7.0/toolchain/arm/arm-gnu-toolchain/bin/../lib/gcc/arm-none-eabi/6.3.1/../../../../arm-none-eabi/lib/thumb/v6-m\libc_nano.a(lib_a-exit.o)
                              c:/program files (x86)/atmel/studio/7.0/toolchain/arm/arm-gnu-toolchain/bin/../lib/gcc/arm-none-eabi/6.3.1/../../../../arm-none-eabi/lib/thumb/v6-m/crt0.o (exit)
c:/program files (x86)/atmel/studio/7.0/toolchain/arm/arm-gnu-toolchain/bin/../lib/gcc/arm-none-eabi/6.3.1/../../../../arm-none-eabi/lib/thumb/v6-m\libc_nano.a(lib_a-impure.o)
                              c:/program files (x86)/atmel/studio/7.0/toolchain/arm/arm-gnu-toolchain/bin/../lib/gcc/arm-none-eabi/6.3.1/../../../../arm-none-eabi/lib/thumb/v6-m\libc_nano.a(lib_a-exit.o) (_global_impure_ptr)
c:/program files (x86)/atmel/studio/7.0/toolchain/arm/arm-gnu-toolchain/bin/../lib/gcc/arm-none-eabi/6.3.1/../../../../arm-none-eabi/lib/thumb/v6-m\libc_nano.a(lib_a-init.o)
                              c:/program files (x86)/atmel/studio/7.0/toolchain/arm/arm-gnu-toolchain/bin/../lib/gcc/arm-none-eabi/6.3.1/../../../../arm-none-eabi/lib/thumb/v6-m/crt0.o (__libc_init_array)
c:/program files (x86)/atmel/studio/7.0/toolchain/arm/arm-gnu-toolchain/bin/../lib/gcc/arm-none-eabi/6.3.1/../../../../arm-none-eabi/lib/thumb/v6-m\libc_nano.a(lib_a-memcpy-stub.o)
                              src/ASF/common/services/usb/class/cdc/device/udi_cdc.o (memcpy)
c:/program files (x86)/atmel/studio/7.0/toolchain/arm/arm-gnu-toolchain/bin/../lib/gcc/arm-none-eabi/6.3.1/../../../../arm-none-eabi/lib/thumb/v6-m\libc_nano.a(lib_a-memset.o)
                              c:/program files (x86)/atmel/studio/7.0/toolchain/arm/arm-gnu-toolchain/bin/../lib/gcc/arm-none-eabi/6.3.1/../../../../arm-none-eabi/lib/thumb/v6-m/crt0.o (memset)

Allocating common symbols
Common symbol       size              file

b_sharp_received    0x1               src/usart_sam_ba.o
udd_ep_out_cache_buffer
                    0xc0              src/ASF/sam0/drivers/usb/stack_interface/usb_device_udd.o
usb_descriptor_table
                    0x100             src/ASF/sam0/drivers/usb/usb_sam_d_r/usb.o
j                   0x1               src/sam_ba_monitor.o
usb_device          0x168             src/ASF/sam0/drivers/usb/stack_interface/usb_device_udd.o
idx_rx_write        0x1               src/usart_sam_ba.o
size_of_data        0x2               src/usart_sam_ba.o
length              0x4               src/sam_ba_monitor.o
ptr                 0x4               src/sam_ba_monitor.o
command             0x1               src/sam_ba_monitor.o
_sercom_instances   0x10              src/ASF/sam0/drivers/sercom/sercom_interrupt.o
idx_tx_read         0x1               src/usart_sam_ba.o
i                   0x4               src/sam_ba_monitor.o
usart_sam_ba        0x34              src/usart_sam_ba.o
buffer_tx_usart     0x80              src/usart_sam_ba.o
error_timeout       0x1               src/usart_sam_ba.o
_extint_dev         0x40              src/ASF/sam0/drivers/extint/extint_sam_d_r_h/extint.o
udd_g_ctrlreq       0x18              src/ASF/sam0/drivers/usb/stack_interface/usb_device_udd.o
_current_channel    0x1               src/ASF/sam0/drivers/extint/extint_callback.o
data                0x40              src/sam_ba_monitor.o
mode_of_transfer    0x1               src/usart_sam_ba.o
[...]
Memory Configuration

Name             Origin             Length             Attributes
rom              0x00000000         0x00040000         xr
ram              0x20000000         0x00008000         xrw
*default*        0x00000000         0xffffffff

Linker script and memory map

LOAD c:/program files (x86)/atmel/studio/7.0/toolchain/arm/arm-gnu-toolchain/bin/../lib/gcc/arm-none-eabi/6.3.1/thumb/v6-m/crti.o
LOAD c:/program files (x86)/atmel/studio/7.0/toolchain/arm/arm-gnu-toolchain/bin/../lib/gcc/arm-none-eabi/6.3.1/thumb/v6-m/crtbegin.o
LOAD c:/program files (x86)/atmel/studio/7.0/toolchain/arm/arm-gnu-toolchain/bin/../lib/gcc/arm-none-eabi/6.3.1/../../../../arm-none-eabi/lib/thumb/v6-m/crt0.o
LOAD src/ASF/common/services/sleepmgr/samd/sleepmgr.o
LOAD src/ASF/common/services/usb/class/cdc/device/udi_cdc.o
LOAD src/ASF/common/services/usb/class/cdc/device/udi_cdc_desc.o
LOAD src/ASF/common/services/usb/udc/udc.o
LOAD src/ASF/common/utils/interrupt/interrupt_sam_nvic.o
LOAD src/ASF/sam0/boards/samd21_xplained_pro/board_init.o
LOAD src/ASF/sam0/drivers/extint/extint_callback.o
LOAD src/ASF/sam0/drivers/extint/extint_sam_d_r_h/extint.o
LOAD src/ASF/sam0/drivers/port/port.o
LOAD src/ASF/sam0/drivers/sercom/sercom.o
LOAD src/ASF/sam0/drivers/sercom/sercom_interrupt.o
LOAD src/ASF/sam0/drivers/sercom/usart/usart.o
LOAD src/ASF/sam0/drivers/sercom/usart/usart_interrupt.o
LOAD src/ASF/sam0/drivers/system/clock/clock_samd21_r21_da_ha1/clock.o
LOAD src/ASF/sam0/drivers/system/clock/clock_samd21_r21_da_ha1/gclk.o
LOAD src/ASF/sam0/drivers/system/interrupt/system_interrupt.o
LOAD src/ASF/sam0/drivers/system/pinmux/pinmux.o
LOAD src/ASF/sam0/drivers/system/system.o
LOAD src/ASF/sam0/drivers/usb/stack_interface/usb_device_udd.o
LOAD src/ASF/sam0/drivers/usb/stack_interface/usb_dual.o
LOAD src/ASF/sam0/drivers/usb/usb_sam_d_r/usb.o
LOAD src/ASF/sam0/utils/cmsis/samd21/source/gcc/startup_samd21.o
LOAD src/ASF/sam0/utils/cmsis/samd21/source/system_samd21.o
LOAD src/ASF/sam0/utils/syscalls/gcc/syscalls.o
LOAD src/main.o
LOAD src/sam_ba_monitor.o
LOAD src/usart_sam_ba.o
START GROUP
LOAD ../src/ASF/thirdparty/CMSIS/Lib/GCC\libarm_cortexM0l_math.a
LOAD c:/program files (x86)/atmel/studio/7.0/toolchain/arm/arm-gnu-toolchain/bin/../lib/gcc/arm-none-eabi/6.3.1/../../../../arm-none-eabi/lib/thumb/v6-m\libm.a
END GROUP
                0x00000400                STACK_SIZE = 0x400
START GROUP
LOAD c:/program files (x86)/atmel/studio/7.0/toolchain/arm/arm-gnu-toolchain/bin/../lib/gcc/arm-none-eabi/6.3.1/thumb/v6-m\libgcc.a
LOAD c:/program files (x86)/atmel/studio/7.0/toolchain/arm/arm-gnu-toolchain/bin/../lib/gcc/arm-none-eabi/6.3.1/../../../../arm-none-eabi/lib/thumb/v6-m\libc_nano.a
END GROUP
START GROUP
LOAD c:/program files (x86)/atmel/studio/7.0/toolchain/arm/arm-gnu-toolchain/bin/../lib/gcc/arm-none-eabi/6.3.1/thumb/v6-m\libgcc.a
LOAD c:/program files (x86)/atmel/studio/7.0/toolchain/arm/arm-gnu-toolchain/bin/../lib/gcc/arm-none-eabi/6.3.1/../../../../arm-none-eabi/lib/thumb/v6-m\libc_nano.a
END GROUP
LOAD c:/program files (x86)/atmel/studio/7.0/toolchain/arm/arm-gnu-toolchain/bin/../lib/gcc/arm-none-eabi/6.3.1/thumb/v6-m/crtend.o
LOAD c:/program files (x86)/atmel/studio/7.0/toolchain/arm/arm-gnu-toolchain/bin/../lib/gcc/arm-none-eabi/6.3.1/thumb/v6-m/crtn.o
                0x00002000                STACK_SIZE = DEFINED (STACK_SIZE)?STACK_SIZE:DEFINED (__stack_size__)?__stack_size__:0x2000

.text           0x00000000     0x4f84
                0x00000000                . = ALIGN (0x4)
                0x00000000                _sfixed = .
 *(.vectors .vectors.*)
 .vectors       0x00000000       0xb4 src/ASF/sam0/utils/cmsis/samd21/source/gcc/startup_samd21.o
                0x00000000                exception_table
 *(.text .text.* .gnu.linkonce.t.*)
 .text          0x000000b4       0x60 c:/program files (x86)/atmel/studio/7.0/toolchain/arm/arm-gnu-toolchain/bin/../lib/gcc/arm-none-eabi/6.3.1/thumb/v6-m/crtbegin.o
 .text.udi_cdc_comm_disable
                0x00000114       0x10 src/ASF/common/services/usb/class/cdc/device/udi_cdc.o
                0x00000114                udi_cdc_comm_disable
 .text.udi_cdc_data_setup
                0x00000124        0x4 src/ASF/common/services/usb/class/cdc/device/udi_cdc.o
                0x00000124                udi_cdc_data_setup
 .text.udi_cdc_getsetting
                0x00000128        0x4 src/ASF/common/services/usb/class/cdc/device/udi_cdc.o
                0x00000128                udi_cdc_getsetting
 .text.udi_cdc_line_coding_received
                0x0000012c       0x14 src/ASF/common/services/usb/class/cdc/device/udi_cdc.o
 .text.udi_cdc_comm_enable
                0x00000140       0x68 src/ASF/common/services/usb/class/cdc/device/udi_cdc.o
                0x00000140                udi_cdc_comm_enable
 .text.udi_cdc_tx_send
                0x000001a8      0x160 src/ASF/common/services/usb/class/cdc/device/udi_cdc.o
 .text.udi_cdc_data_sent
                0x00000308       0x3c src/ASF/common/services/usb/class/cdc/device/udi_cdc.o
 .text.udi_cdc_data_sof_notify
                0x00000344       0x10 src/ASF/common/services/usb/class/cdc/device/udi_cdc.o
                0x00000344                udi_cdc_data_sof_notify
 .text.udi_cdc_data_disable
                0x00000354       0x28 src/ASF/common/services/usb/class/cdc/device/udi_cdc.o
                0x00000354                udi_cdc_data_disable
 .text.udi_cdc_comm_setup
                0x0000037c       0x94 src/ASF/common/services/usb/class/cdc/device/udi_cdc.o
                0x0000037c                udi_cdc_comm_setup
 .text.udi_cdc_multi_get_nb_received_data
                0x00000410       0x50 src/ASF/common/services/usb/class/cdc/device/udi_cdc.o
                0x00000410                udi_cdc_multi_get_nb_received_data
 .text.udi_cdc_multi_is_rx_ready
                0x00000460       0x14 src/ASF/common/services/usb/class/cdc/device/udi_cdc.o
                0x00000460                udi_cdc_multi_is_rx_ready
 .text.udi_cdc_rx_start
                0x00000474       0xcc src/ASF/common/services/usb/class/cdc/device/udi_cdc.o
 .text.udi_cdc_data_enable
                0x00000540       0x90 src/ASF/common/services/usb/class/cdc/device/udi_cdc.o
                0x00000540                udi_cdc_data_enable
 .text.udi_cdc_data_received
                0x000005d0       0x68 src/ASF/common/services/usb/class/cdc/device/udi_cdc.o
 .text.udi_cdc_is_rx_ready
                0x00000638       0x10 src/ASF/common/services/usb/class/cdc/device/udi_cdc.o
                0x00000638                udi_cdc_is_rx_ready
 .text.udi_cdc_multi_getc
                0x00000648       0xd0 src/ASF/common/services/usb/class/cdc/device/udi_cdc.o
                0x00000648                udi_cdc_multi_getc
 .text.udi_cdc_getc
                0x00000718       0x10 src/ASF/common/services/usb/class/cdc/device/udi_cdc.o
                0x00000718                udi_cdc_getc
 .text.udi_cdc_multi_read_buf
                0x00000728       0xd0 src/ASF/common/services/usb/class/cdc/device/udi_cdc.o
                0x00000728                udi_cdc_multi_read_buf
 .text.udi_cdc_multi_read_no_polling
                0x000007f8       0xcc src/ASF/common/services/usb/class/cdc/device/udi_cdc.o
                0x000007f8                udi_cdc_multi_read_no_polling
 .text.udi_cdc_read_no_polling
                0x000008c4       0x14 src/ASF/common/services/usb/class/cdc/device/udi_cdc.o
                0x000008c4                udi_cdc_read_no_polling
 .text.udi_cdc_read_buf
                0x000008d8       0x14 src/ASF/common/services/usb/class/cdc/device/udi_cdc.o
                0x000008d8                udi_cdc_read_buf
 .text.udi_cdc_multi_get_free_tx_buffer
                0x000008ec       0x80 src/ASF/common/services/usb/class/cdc/device/udi_cdc.o
                0x000008ec                udi_cdc_multi_get_free_tx_buffer
 .text.udi_cdc_multi_is_tx_ready
                0x0000096c       0x14 src/ASF/common/services/usb/class/cdc/device/udi_cdc.o
                0x0000096c                udi_cdc_multi_is_tx_ready
 .text.udi_cdc_multi_putc
                0x00000980       0xbc src/ASF/common/services/usb/class/cdc/device/udi_cdc.o
                0x00000980                udi_cdc_multi_putc
 .text.udi_cdc_putc
                0x00000a3c       0x10 src/ASF/common/services/usb/class/cdc/device/udi_cdc.o
                0x00000a3c                udi_cdc_putc
 .text.udi_cdc_multi_write_buf
                0x00000a4c       0xd0 src/ASF/common/services/usb/class/cdc/device/udi_cdc.o
                0x00000a4c                udi_cdc_multi_write_buf
 .text.udi_cdc_write_buf
                0x00000b1c       0x14 src/ASF/common/services/usb/class/cdc/device/udi_cdc.o
                0x00000b1c                udi_cdc_write_buf
 .text.udc_next_desc_in_iface
                0x00000b30       0x4c src/ASF/common/services/usb/udc/udc.o
 .text.udc_valid_address
                0x00000b7c       0x18 src/ASF/common/services/usb/udc/udc.o
 .text.udc_update_iface_desc
                0x00000b94       0x74 src/ASF/common/services/usb/udc/udc.o
 .text.udc_iface_disable
                0x00000c08       0x6c src/ASF/common/services/usb/udc/udc.o
 .text.udc_iface_enable
                0x00000c74       0x58 src/ASF/common/services/usb/udc/udc.o
 .text.udc_start
                0x00000ccc        0xc src/ASF/common/services/usb/udc/udc.o
                0x00000ccc                udc_start
 .text.udc_reset
                0x00000cd8       0x4c src/ASF/common/services/usb/udc/udc.o
                0x00000cd8                udc_reset
 .text.udc_sof_notify
                0x00000d24       0x44 src/ASF/common/services/usb/udc/udc.o
                0x00000d24                udc_sof_notify
 .text.udc_process_setup
                0x00000d68      0x444 src/ASF/common/services/usb/udc/udc.o
                0x00000d68                udc_process_setup
 .text.cpu_irq_enter_critical
                0x000011ac       0x40 src/ASF/common/utils/interrupt/interrupt_sam_nvic.o
                0x000011ac                cpu_irq_enter_critical
 .text.cpu_irq_leave_critical
                0x000011ec       0x30 src/ASF/common/utils/interrupt/interrupt_sam_nvic.o
                0x000011ec                cpu_irq_leave_critical
 .text.EIC_Handler
                0x0000121c       0x54 src/ASF/sam0/drivers/extint/extint_callback.o
                0x0000121c                EIC_Handler
 .text._extint_enable
                0x00001270       0x18 src/ASF/sam0/drivers/extint/extint_sam_d_r_h/extint.o
 .text._system_extint_init
                0x00001288       0x6c src/ASF/sam0/drivers/extint/extint_sam_d_r_h/extint.o
                0x00001288                _system_extint_init
 .text.long_division
                0x000012f4       0xba src/ASF/sam0/drivers/sercom/sercom.o
 .text._sercom_get_sync_baud_val
                0x000013ae       0x28 src/ASF/sam0/drivers/sercom/sercom.o
                0x000013ae                _sercom_get_sync_baud_val
 *fill*         0x000013d6        0x2 
 .text._sercom_get_async_baud_val
                0x000013d8       0x94 src/ASF/sam0/drivers/sercom/sercom.o
                0x000013d8                _sercom_get_async_baud_val
 .text.sercom_set_gclk_generator
                0x0000146c       0x4c src/ASF/sam0/drivers/sercom/sercom.o
                0x0000146c                sercom_set_gclk_generator
 .text._sercom_get_default_pad
                0x000014b8       0xfc src/ASF/sam0/drivers/sercom/sercom.o
                0x000014b8                _sercom_get_default_pad
 .text._sercom_get_sercom_inst_index
                0x000015b4       0x48 src/ASF/sam0/drivers/sercom/sercom.o
                0x000015b4                _sercom_get_sercom_inst_index
 .text._sercom_default_handler
                0x000015fc        0x2 src/ASF/sam0/drivers/sercom/sercom_interrupt.o
 *fill*         0x000015fe        0x2 
 .text._sercom_set_handler
                0x00001600       0x40 src/ASF/sam0/drivers/sercom/sercom_interrupt.o
                0x00001600                _sercom_set_handler
 .text._sercom_get_interrupt_vector
                0x00001640       0x24 src/ASF/sam0/drivers/sercom/sercom_interrupt.o
                0x00001640                _sercom_get_interrupt_vector
 .text.SERCOM0_Handler
                0x00001664       0x10 src/ASF/sam0/drivers/sercom/sercom_interrupt.o
                0x00001664                SERCOM0_Handler
 .text.SERCOM1_Handler
                0x00001674       0x10 src/ASF/sam0/drivers/sercom/sercom_interrupt.o
                0x00001674                SERCOM1_Handler
 .text.SERCOM2_Handler
                0x00001684       0x10 src/ASF/sam0/drivers/sercom/sercom_interrupt.o
                0x00001684                SERCOM2_Handler
 .text.SERCOM3_Handler
                0x00001694       0x10 src/ASF/sam0/drivers/sercom/sercom_interrupt.o
                0x00001694                SERCOM3_Handler
 .text.usart_init
                0x000016a4      0x33c src/ASF/sam0/drivers/sercom/usart/usart.o
                0x000016a4                usart_init
 .text.usart_write_wait
                0x000019e0       0x26 src/ASF/sam0/drivers/sercom/usart/usart.o
                0x000019e0                usart_write_wait
 .text.usart_read_wait
                0x00001a06       0x6a src/ASF/sam0/drivers/sercom/usart/usart.o
                0x00001a06                usart_read_wait
 .text._usart_interrupt_handler
                0x00001a70      0x194 src/ASF/sam0/drivers/sercom/usart/usart_interrupt.o
                0x00001a70                _usart_interrupt_handler
 .text.system_clock_source_get_hz
                0x00001c04       0x94 src/ASF/sam0/drivers/system/clock/clock_samd21_r21_da_ha1/clock.o
                0x00001c04                system_clock_source_get_hz
 .text.system_clock_source_osc8m_set_config
                0x00001c98       0x3c src/ASF/sam0/drivers/system/clock/clock_samd21_r21_da_ha1/clock.o
                0x00001c98                system_clock_source_osc8m_set_config
 .text.system_clock_source_dfll_set_config
                0x00001cd4       0x80 src/ASF/sam0/drivers/system/clock/clock_samd21_r21_da_ha1/clock.o
                0x00001cd4                system_clock_source_dfll_set_config
 .text.system_clock_source_enable
                0x00001d54       0xa8 src/ASF/sam0/drivers/system/clock/clock_samd21_r21_da_ha1/clock.o
                0x00001d54                system_clock_source_enable
 .text.system_clock_init
                0x00001dfc      0x108 src/ASF/sam0/drivers/system/clock/clock_samd21_r21_da_ha1/clock.o
                0x00001dfc                system_clock_init
 .text.system_gclk_init
                0x00001f04       0x24 src/ASF/sam0/drivers/system/clock/clock_samd21_r21_da_ha1/gclk.o
                0x00001f04                system_gclk_init
 .text.system_gclk_gen_set_config
                0x00001f28       0xb8 src/ASF/sam0/drivers/system/clock/clock_samd21_r21_da_ha1/gclk.o
                0x00001f28                system_gclk_gen_set_config
 .text.system_gclk_gen_enable
                0x00001fe0       0x44 src/ASF/sam0/drivers/system/clock/clock_samd21_r21_da_ha1/gclk.o
                0x00001fe0                system_gclk_gen_enable
 .text.system_gclk_gen_get_hz
                0x00002024       0x8c src/ASF/sam0/drivers/system/clock/clock_samd21_r21_da_ha1/gclk.o
                0x00002024                system_gclk_gen_get_hz
 .text.system_gclk_chan_enable
                0x000020b0       0x30 src/ASF/sam0/drivers/system/clock/clock_samd21_r21_da_ha1/gclk.o
                0x000020b0                system_gclk_chan_enable
 .text.system_gclk_chan_disable
                0x000020e0       0x5c src/ASF/sam0/drivers/system/clock/clock_samd21_r21_da_ha1/gclk.o
                0x000020e0                system_gclk_chan_disable
 .text.system_gclk_chan_set_config
                0x0000213c       0x1c src/ASF/sam0/drivers/system/clock/clock_samd21_r21_da_ha1/gclk.o
                0x0000213c                system_gclk_chan_set_config
 .text.system_gclk_chan_get_hz
                0x00002158       0x34 src/ASF/sam0/drivers/system/clock/clock_samd21_r21_da_ha1/gclk.o
                0x00002158                system_gclk_chan_get_hz
 .text._system_pinmux_config
                0x0000218c       0xa8 src/ASF/sam0/drivers/system/pinmux/pinmux.o
 .text.system_pinmux_pin_set_config
                0x00002234       0x30 src/ASF/sam0/drivers/system/pinmux/pinmux.o
                0x00002234                system_pinmux_pin_set_config
 .text._system_dummy_init
                0x00002264        0x2 src/ASF/sam0/drivers/system/system.o
                0x00002264                system_board_init
                0x00002264                _system_events_init
                0x00002264                _system_dummy_init
                0x00002264                _system_divas_init
 *fill*         0x00002266        0x2 
 .text.system_init
                0x00002268       0x2c src/ASF/sam0/drivers/system/system.o
                0x00002268                system_init
 .text.udd_sleep_mode
                0x00002294       0xc0 src/ASF/sam0/drivers/usb/stack_interface/usb_device_udd.o
 .text.udd_ep_get_job
                0x00002354       0x24 src/ASF/sam0/drivers/usb/stack_interface/usb_device_udd.o
 .text.udd_ep_transfer_process
                0x00002378      0x1b4 src/ASF/sam0/drivers/usb/stack_interface/usb_device_udd.o
 .text.udd_ctrl_stall_data
                0x0000252c       0x2c src/ASF/sam0/drivers/usb/stack_interface/usb_device_udd.o
 .text._usb_on_wakeup
                0x00002558       0x68 src/ASF/sam0/drivers/usb/stack_interface/usb_device_udd.o
 .text._usb_on_suspend
                0x000025c0       0x2c src/ASF/sam0/drivers/usb/stack_interface/usb_device_udd.o
 .text._usb_device_lpm_suspend
                0x000025ec       0x5c src/ASF/sam0/drivers/usb/stack_interface/usb_device_udd.o
 .text._usb_on_bus_reset
                0x00002648       0xb0 src/ASF/sam0/drivers/usb/stack_interface/usb_device_udd.o
 .text.udd_ctrl_send_zlp_in
                0x000026f8       0x3c src/ASF/sam0/drivers/usb/stack_interface/usb_device_udd.o
 .text._usb_ep0_on_tansfer_fail
                0x00002734       0x54 src/ASF/sam0/drivers/usb/stack_interface/usb_device_udd.o
 .text.udd_ctrl_in_sent
                0x00002788       0xa8 src/ASF/sam0/drivers/usb/stack_interface/usb_device_udd.o
 .text._usb_ep0_on_setup
                0x00002830       0xe4 src/ASF/sam0/drivers/usb/stack_interface/usb_device_udd.o
 .text._usb_on_sof_notify
                0x00002914        0xc src/ASF/sam0/drivers/usb/stack_interface/usb_device_udd.o
 .text.udd_ep_abort
                0x00002920       0x3c src/ASF/sam0/drivers/usb/stack_interface/usb_device_udd.o
                0x00002920                udd_ep_abort
 .text.udd_is_high_speed
                0x0000295c        0x4 src/ASF/sam0/drivers/usb/stack_interface/usb_device_udd.o
                0x0000295c                udd_is_high_speed
 .text.udd_get_frame_number
                0x00002960       0x10 src/ASF/sam0/drivers/usb/stack_interface/usb_device_udd.o
                0x00002960                udd_get_frame_number
 .text.udd_get_micro_frame_number
                0x00002970       0x10 src/ASF/sam0/drivers/usb/stack_interface/usb_device_udd.o
                0x00002970                udd_get_micro_frame_number
 .text.udd_ep_free
                0x00002980       0x58 src/ASF/sam0/drivers/usb/stack_interface/usb_device_udd.o
                0x00002980                udd_ep_free
 .text.udd_ep_alloc
                0x000029d8      0x108 src/ASF/sam0/drivers/usb/stack_interface/usb_device_udd.o
                0x000029d8                udd_ep_alloc
 .text.udd_ep_is_halted
                0x00002ae0       0x14 src/ASF/sam0/drivers/usb/stack_interface/usb_device_udd.o
                0x00002ae0                udd_ep_is_halted
 .text.udd_ep_set_halt
                0x00002af4       0x30 src/ASF/sam0/drivers/usb/stack_interface/usb_device_udd.o
                0x00002af4                udd_ep_set_halt
 .text._usb_ep0_on_tansfer_ok
                0x00002b24      0x100 src/ASF/sam0/drivers/usb/stack_interface/usb_device_udd.o
 .text.udd_ep_clear_halt
                0x00002c24       0x44 src/ASF/sam0/drivers/usb/stack_interface/usb_device_udd.o
                0x00002c24                udd_ep_clear_halt
 .text.udd_ep_run
                0x00002c68      0x1d8 src/ASF/sam0/drivers/usb/stack_interface/usb_device_udd.o
                0x00002c68                udd_ep_run
 .text.udd_set_address
                0x00002e40       0x10 src/ASF/sam0/drivers/usb/stack_interface/usb_device_udd.o
                0x00002e40                udd_set_address
 .text.udd_getaddress
                0x00002e50       0x10 src/ASF/sam0/drivers/usb/stack_interface/usb_device_udd.o
                0x00002e50                udd_getaddress
 .text.udd_set_setup_payload
                0x00002e60        0xc src/ASF/sam0/drivers/usb/stack_interface/usb_device_udd.o
                0x00002e60                udd_set_setup_payload
 .text.udd_attach
                0x00002e6c       0x84 src/ASF/sam0/drivers/usb/stack_interface/usb_device_udd.o
                0x00002e6c                udd_attach
 .text.udd_enable
                0x00002ef0       0x9c src/ASF/sam0/drivers/usb/stack_interface/usb_device_udd.o
                0x00002ef0                udd_enable
 .text.usb_device_register_callback
                0x00002f8c       0x24 src/ASF/sam0/drivers/usb/usb_sam_d_r/usb.o
                0x00002f8c                usb_device_register_callback
 .text.usb_device_enable_callback
                0x00002fb0       0x20 src/ASF/sam0/drivers/usb/usb_sam_d_r/usb.o
                0x00002fb0                usb_device_enable_callback
 .text.usb_device_disable_callback
                0x00002fd0       0x1c src/ASF/sam0/drivers/usb/usb_sam_d_r/usb.o
                0x00002fd0                usb_device_disable_callback
 .text.usb_device_endpoint_register_callback
                0x00002fec       0x28 src/ASF/sam0/drivers/usb/usb_sam_d_r/usb.o
                0x00002fec                usb_device_endpoint_register_callback
 .text.usb_device_endpoint_unregister_callback
                0x00003014       0x28 src/ASF/sam0/drivers/usb/usb_sam_d_r/usb.o
                0x00003014                usb_device_endpoint_unregister_callback
 .text.usb_device_endpoint_enable_callback
                0x0000303c       0xd0 src/ASF/sam0/drivers/usb/usb_sam_d_r/usb.o
                0x0000303c                usb_device_endpoint_enable_callback
 .text.usb_device_endpoint_disable_callback
                0x0000310c       0xd0 src/ASF/sam0/drivers/usb/usb_sam_d_r/usb.o
                0x0000310c                usb_device_endpoint_disable_callback
 .text.usb_device_endpoint_get_config_defaults
                0x000031dc        0xe src/ASF/sam0/drivers/usb/usb_sam_d_r/usb.o
                0x000031dc                usb_device_endpoint_get_config_defaults
 *fill*         0x000031ea        0x2 
 .text.usb_device_endpoint_set_config
                0x000031ec      0x244 src/ASF/sam0/drivers/usb/usb_sam_d_r/usb.o
                0x000031ec                usb_device_endpoint_set_config
 .text.usb_device_endpoint_abort_job
                0x00003430       0x36 src/ASF/sam0/drivers/usb/usb_sam_d_r/usb.o
                0x00003430                usb_device_endpoint_abort_job
 .text.usb_device_endpoint_is_halted
                0x00003466       0x2a src/ASF/sam0/drivers/usb/usb_sam_d_r/usb.o
                0x00003466                usb_device_endpoint_is_halted
 .text.usb_device_endpoint_set_halt
                0x00003490       0x26 src/ASF/sam0/drivers/usb/usb_sam_d_r/usb.o
                0x00003490                usb_device_endpoint_set_halt
 .text.usb_device_endpoint_clear_halt
                0x000034b6       0x84 src/ASF/sam0/drivers/usb/usb_sam_d_r/usb.o
                0x000034b6                usb_device_endpoint_clear_halt
 *fill*         0x0000353a        0x2 
 .text.usb_device_endpoint_write_buffer_job
                0x0000353c       0x54 src/ASF/sam0/drivers/usb/usb_sam_d_r/usb.o
                0x0000353c                usb_device_endpoint_write_buffer_job
 .text.usb_device_endpoint_read_buffer_job
                0x00003590       0x50 src/ASF/sam0/drivers/usb/usb_sam_d_r/usb.o
                0x00003590                usb_device_endpoint_read_buffer_job
 .text.usb_device_endpoint_setup_buffer_job
                0x000035e0       0x30 src/ASF/sam0/drivers/usb/usb_sam_d_r/usb.o
                0x000035e0                usb_device_endpoint_setup_buffer_job
 .text.usb_enable
                0x00003610       0x14 src/ASF/sam0/drivers/usb/usb_sam_d_r/usb.o
                0x00003610                usb_enable
 .text.USB_Handler
                0x00003624      0x6e0 src/ASF/sam0/drivers/usb/usb_sam_d_r/usb.o
                0x00003624                USB_Handler
 .text.usb_get_config_defaults
                0x00003d04        0xe src/ASF/sam0/drivers/usb/usb_sam_d_r/usb.o
                0x00003d04                usb_get_config_defaults
 *fill*         0x00003d12        0x2 
 .text.usb_init
                0x00003d14      0x200 src/ASF/sam0/drivers/usb/usb_sam_d_r/usb.o
                0x00003d14                usb_init
 .text.Dummy_Handler
                0x00003f14        0x2 src/ASF/sam0/utils/cmsis/samd21/source/gcc/startup_samd21.o
                0x00003f14                DMAC_Handler
                0x00003f14                HardFault_Handler
                0x00003f14                AC_Handler
                0x00003f14                SysTick_Handler
                0x00003f14                PendSV_Handler
                0x00003f14                NMI_Handler
                0x00003f14                ADC_Handler
                0x00003f14                TCC1_Handler
                0x00003f14                TCC0_Handler
                0x00003f14                RTC_Handler
                0x00003f14                WDT_Handler
                0x00003f14                TC4_Handler
                0x00003f14                TC3_Handler
                0x00003f14                Dummy_Handler
                0x00003f14                PM_Handler
                0x00003f14                SVC_Handler
                0x00003f14                TCC2_Handler
                0x00003f14                EVSYS_Handler
                0x00003f14                I2S_Handler
                0x00003f14                NVMCTRL_Handler
                0x00003f14                DAC_Handler
                0x00003f14                PTC_Handler
                0x00003f14                TC5_Handler
                0x00003f14                SYSCTRL_Handler
 *fill*         0x00003f16        0x2 
 .text.Reset_Handler
                0x00003f18       0xe4 src/ASF/sam0/utils/cmsis/samd21/source/gcc/startup_samd21.o
                0x00003f18                Reset_Handler
 .text.main     0x00003ffc       0x98 src/main.o
                0x00003ffc                main
 .text.main_suspend_lpm_action
                0x00004094        0x2 src/main.o
                0x00004094                main_suspend_lpm_action
 .text.main_remotewakeup_lpm_disable
                0x00004096        0x2 src/main.o
                0x00004096                main_remotewakeup_lpm_disable
 .text.main_remotewakeup_lpm_enable
                0x00004098        0x2 src/main.o
                0x00004098                main_remotewakeup_lpm_enable
 *fill*         0x0000409a        0x2 
 .text.main_cdc_enable
                0x0000409c       0x10 src/main.o
                0x0000409c                main_cdc_enable
 .text.main_cdc_disable
                0x000040ac        0xc src/main.o
                0x000040ac                main_cdc_disable
 .text.main_cdc_set_dtr
                0x000040b8        0x2 src/main.o
                0x000040b8                main_cdc_set_dtr
 .text.main_cdc_rx_notify
                0x000040ba        0x2 src/main.o
                0x000040ba                main_cdc_rx_notify
 .text.main_cdc_set_coding
                0x000040bc        0x2 src/main.o
                0x000040bc                main_cdc_set_coding
 *fill*         0x000040be        0x2 
 .text.sam_ba_monitor_init
                0x000040c0       0x24 src/sam_ba_monitor.o
                0x000040c0                sam_ba_monitor_init
 .text.sam_ba_putdata_term
                0x000040e4       0x8c src/sam_ba_monitor.o
                0x000040e4                sam_ba_putdata_term
 .text.call_applet
                0x00004170       0x28 src/sam_ba_monitor.o
                0x00004170                call_applet
 .text.sam_ba_monitor_run
                0x00004198      0x3a0 src/sam_ba_monitor.o
                0x00004198                sam_ba_monitor_run
 .text.usart_open
                0x00004538      0x128 src/usart_sam_ba.o
                0x00004538                usart_open
 .text.usart_putc
                0x00004660       0x18 src/usart_sam_ba.o
                0x00004660                usart_putc
 .text.usart_is_rx_ready
                0x00004678       0x10 src/usart_sam_ba.o
                0x00004678                usart_is_rx_ready
 .text.usart_getc
                0x00004688       0x2c src/usart_sam_ba.o
                0x00004688                usart_getc
 .text.usart_sharp_received
                0x000046b4       0x24 src/usart_sam_ba.o
                0x000046b4                usart_sharp_received
 .text.usart_putdata
                0x000046d8       0x20 src/usart_sam_ba.o
                0x000046d8                usart_putdata
 .text.usart_getdata
                0x000046f8       0x14 src/usart_sam_ba.o
                0x000046f8                usart_getdata
 .text.add_crc  0x0000470c       0x2c src/usart_sam_ba.o
                0x0000470c                add_crc
 .text.getbytes
                0x00004738       0x94 src/usart_sam_ba.o
 .text.getPacket
                0x000047cc       0x7c src/usart_sam_ba.o
                0x000047cc                getPacket
 .text.usart_putdata_xmd
                0x00004848      0x158 src/usart_sam_ba.o
                0x00004848                usart_putdata_xmd
 .text.usart_getdata_xmd
                0x000049a0       0xf0 src/usart_sam_ba.o
                0x000049a0                usart_getdata_xmd
 .text          0x00004a90      0x114 c:/program files (x86)/atmel/studio/7.0/toolchain/arm/arm-gnu-toolchain/bin/../lib/gcc/arm-none-eabi/6.3.1/thumb/v6-m\libgcc.a(_udivsi3.o)
                0x00004a90                __aeabi_uidiv
                0x00004a90                __udivsi3
                0x00004b9c                __aeabi_uidivmod
 .text          0x00004ba4      0x1d4 c:/program files (x86)/atmel/studio/7.0/toolchain/arm/arm-gnu-toolchain/bin/../lib/gcc/arm-none-eabi/6.3.1/thumb/v6-m\libgcc.a(_divsi3.o)
                0x00004ba4                __divsi3
                0x00004ba4                __aeabi_idiv
                0x00004d70                __aeabi_idivmod
 .text          0x00004d78        0x4 c:/program files (x86)/atmel/studio/7.0/toolchain/arm/arm-gnu-toolchain/bin/../lib/gcc/arm-none-eabi/6.3.1/thumb/v6-m\libgcc.a(_dvmd_tls.o)
                0x00004d78                __aeabi_idiv0
                0x00004d78                __aeabi_ldiv0
 .text          0x00004d7c       0x40 c:/program files (x86)/atmel/studio/7.0/toolchain/arm/arm-gnu-toolchain/bin/../lib/gcc/arm-none-eabi/6.3.1/thumb/v6-m\libgcc.a(_ctzsi2.o)
                0x00004d7c                __ctzsi2
 .text          0x00004dbc       0x54 c:/program files (x86)/atmel/studio/7.0/toolchain/arm/arm-gnu-toolchain/bin/../lib/gcc/arm-none-eabi/6.3.1/thumb/v6-m\libgcc.a(_muldi3.o)
                0x00004dbc                __muldi3
                0x00004dbc                __aeabi_lmul
 .text.__libc_init_array
                0x00004e10       0x48 c:/program files (x86)/atmel/studio/7.0/toolchain/arm/arm-gnu-toolchain/bin/../lib/gcc/arm-none-eabi/6.3.1/../../../../arm-none-eabi/lib/thumb/v6-m\libc_nano.a(lib_a-init.o)
                0x00004e10                __libc_init_array
 .text.memcpy   0x00004e58       0x12 c:/program files (x86)/atmel/studio/7.0/toolchain/arm/arm-gnu-toolchain/bin/../lib/gcc/arm-none-eabi/6.3.1/../../../../arm-none-eabi/lib/thumb/v6-m\libc_nano.a(lib_a-memcpy-stub.o)
                0x00004e58                memcpy
 .text.memset   0x00004e6a       0x10 c:/program files (x86)/atmel/studio/7.0/toolchain/arm/arm-gnu-toolchain/bin/../lib/gcc/arm-none-eabi/6.3.1/../../../../arm-none-eabi/lib/thumb/v6-m\libc_nano.a(lib_a-memset.o)
                0x00004e6a                memset
 *(.glue_7t)
 .glue_7t       0x00004e7a        0x0 linker stubs
 *(.glue_7)
 .glue_7        0x00004e7a        0x0 linker stubs
 *(.rodata .rodata* .gnu.linkonce.r.*)
 *fill*         0x00004e7a        0x2 
 .rodata        0x00004e7c       0x10 src/ASF/sam0/drivers/sercom/sercom.o
 .rodata.system_clock_source_get_hz
                0x00004e8c       0x24 src/ASF/sam0/drivers/system/clock/clock_samd21_r21_da_ha1/clock.o
 .rodata.system_clock_source_enable
                0x00004eb0       0x24 src/ASF/sam0/drivers/system/clock/clock_samd21_r21_da_ha1/clock.o
 .rodata.usb_device_endpoint_set_config
                0x00004ed4       0x14 src/ASF/sam0/drivers/usb/usb_sam_d_r/usb.o
 .rodata._usb_device_irq_bits
                0x00004ee8        0xe src/ASF/sam0/drivers/usb/usb_sam_d_r/usb.o
 *fill*         0x00004ef6        0x2 
 .rodata._usb_endpoint_irq_bits
                0x00004ef8        0x4 src/ASF/sam0/drivers/usb/usb_sam_d_r/usb.o
 .rodata.RomBOOT_Version
                0x00004efc        0x5 src/sam_ba_monitor.o
                0x00004efc                RomBOOT_Version
 *fill*         0x00004f01        0x3 
 .rodata.sam_ba_monitor_run.str1.4
                0x00004f04       0x28 src/sam_ba_monitor.o
                                 0x26 (size before relaxing)
 .rodata.uart_if
                0x00004f2c       0x1c src/sam_ba_monitor.o
                0x00004f2c                uart_if
 .rodata.usbcdc_if
                0x00004f48       0x1c src/sam_ba_monitor.o
                0x00004f48                usbcdc_if
 *(.ARM.extab* .gnu.linkonce.armextab.*)
                0x00004f64                . = ALIGN (0x4)
 *(.init)
 .init          0x00004f64        0x4 c:/program files (x86)/atmel/studio/7.0/toolchain/arm/arm-gnu-toolchain/bin/../lib/gcc/arm-none-eabi/6.3.1/thumb/v6-m/crti.o
                0x00004f64                _init
 .init          0x00004f68        0x8 c:/program files (x86)/atmel/studio/7.0/toolchain/arm/arm-gnu-toolchain/bin/../lib/gcc/arm-none-eabi/6.3.1/thumb/v6-m/crtn.o
                0x00004f70                . = ALIGN (0x4)
                0x00004f70                __preinit_array_start = .
 *(.preinit_array)
                0x00004f70                __preinit_array_end = .
                0x00004f70                . = ALIGN (0x4)
                0x00004f70                __init_array_start = .
 *(SORT(.init_array.*))
 *(.init_array)
 .init_array    0x00004f70        0x4 c:/program files (x86)/atmel/studio/7.0/toolchain/arm/arm-gnu-toolchain/bin/../lib/gcc/arm-none-eabi/6.3.1/thumb/v6-m/crtbegin.o
                0x00004f74                __init_array_end = .
                0x00004f74                . = ALIGN (0x4)
 *crtbegin.o(.ctors)
 *(EXCLUDE_FILE(*crtend.o) .ctors)
 *(SORT(.ctors.*))
 *crtend.o(.ctors)
                0x00004f74                . = ALIGN (0x4)
 *(.fini)
 .fini          0x00004f74        0x4 c:/program files (x86)/atmel/studio/7.0/toolchain/arm/arm-gnu-toolchain/bin/../lib/gcc/arm-none-eabi/6.3.1/thumb/v6-m/crti.o
                0x00004f74                _fini
 .fini          0x00004f78        0x8 c:/program files (x86)/atmel/studio/7.0/toolchain/arm/arm-gnu-toolchain/bin/../lib/gcc/arm-none-eabi/6.3.1/thumb/v6-m/crtn.o
                0x00004f80                . = ALIGN (0x4)
                0x00004f80                __fini_array_start = .
 *(.fini_array)
 .fini_array    0x00004f80        0x4 c:/program files (x86)/atmel/studio/7.0/toolchain/arm/arm-gnu-toolchain/bin/../lib/gcc/arm-none-eabi/6.3.1/thumb/v6-m/crtbegin.o
 *(SORT(.fini_array.*))
                0x00004f84                __fini_array_end = .
 *crtbegin.o(.dtors)
 *(EXCLUDE_FILE(*crtend.o) .dtors)
 *(SORT(.dtors.*))
 *crtend.o(.dtors)
                0x00004f84                . = ALIGN (0x4)
                0x00004f84                _efixed = .
                [!provide]                PROVIDE (__exidx_start, .)

.vfp11_veneer   0x00004f84        0x0
 .vfp11_veneer  0x00004f84        0x0 linker stubs

.v4_bx          0x00004f84        0x0
 .v4_bx         0x00004f84        0x0 linker stubs

.iplt           0x00004f84        0x0
 .iplt          0x00004f84        0x0 c:/program files (x86)/atmel/studio/7.0/toolchain/arm/arm-gnu-toolchain/bin/../lib/gcc/arm-none-eabi/6.3.1/thumb/v6-m/crtbegin.o

.eh_frame       0x00004f84        0x0
 .eh_frame      0x00004f84        0x0 c:/program files (x86)/atmel/studio/7.0/toolchain/arm/arm-gnu-toolchain/bin/../lib/gcc/arm-none-eabi/6.3.1/thumb/v6-m/crtbegin.o

.rel.dyn        0x00004f84        0x0
 .rel.iplt      0x00004f84        0x0 c:/program files (x86)/atmel/studio/7.0/toolchain/arm/arm-gnu-toolchain/bin/../lib/gcc/arm-none-eabi/6.3.1/thumb/v6-m/crtbegin.o

.jcr            0x00004f84        0x0
 .jcr           0x00004f84        0x0 c:/program files (x86)/atmel/studio/7.0/toolchain/arm/arm-gnu-toolchain/bin/../lib/gcc/arm-none-eabi/6.3.1/thumb/v6-m/crtbegin.o

.igot.plt       0x00004f84        0x0
 .igot.plt      0x00004f84        0x0 c:/program files (x86)/atmel/studio/7.0/toolchain/arm/arm-gnu-toolchain/bin/../lib/gcc/arm-none-eabi/6.3.1/thumb/v6-m/crtbegin.o

.ARM.exidx
 *(.ARM.exidx* .gnu.linkonce.armexidx.*)
                [!provide]                PROVIDE (__exidx_end, .)
                0x00004f84                . = ALIGN (0x4)
                0x00004f84                _etext = .

.relocate       0x20000000      0x114 load address 0x00004f84
                0x20000000                . = ALIGN (0x4)
                0x20000000                _srelocate = .
 *(.ramfunc .ramfunc.*)
 *(.data .data.*)
 .data.udi_api_cdc_comm
                0x20000000       0x14 src/ASF/common/services/usb/class/cdc/device/udi_cdc.o
                0x20000000                udi_api_cdc_comm
 .data.udi_api_cdc_data
                0x20000014       0x14 src/ASF/common/services/usb/class/cdc/device/udi_cdc.o
                0x20000014                udi_api_cdc_data
 .data.udc_config
                0x20000028        0xc src/ASF/common/services/usb/class/cdc/device/udi_cdc_desc.o
                0x20000028                udc_config
 .data.udc_config_fs
                0x20000034        0x8 src/ASF/common/services/usb/class/cdc/device/udi_cdc_desc.o
                0x20000034                udc_config_fs
 .data.udc_desc_fs
                0x2000003c       0x43 src/ASF/common/services/usb/class/cdc/device/udi_cdc_desc.o
                0x2000003c                udc_desc_fs
 *fill*         0x2000007f        0x1 
 .data.udc_device_desc
                0x20000080       0x12 src/ASF/common/services/usb/class/cdc/device/udi_cdc_desc.o
                0x20000080                udc_device_desc
 *fill*         0x20000092        0x2 
 .data.udc_device_lpm
                0x20000094        0xc src/ASF/common/services/usb/class/cdc/device/udi_cdc_desc.o
                0x20000094                udc_device_lpm
 .data.udi_apis
                0x200000a0        0x8 src/ASF/common/services/usb/class/cdc/device/udi_cdc_desc.o
                0x200000a0                udi_apis
 .data.udc_string_desc
                0x200000a8       0x3c src/ASF/common/services/usb/udc/udc.o
 .data.udc_string_desc_languageid
                0x200000e4        0x4 src/ASF/common/services/usb/udc/udc.o
 .data.udc_string_manufacturer_name
                0x200000e8        0xa src/ASF/common/services/usb/udc/udc.o
 *fill*         0x200000f2        0x2 
 .data.udc_string_product_name
                0x200000f4       0x1e src/ASF/common/services/usb/udc/udc.o
 .data.g_interrupt_enabled
                0x20000112        0x1 src/ASF/common/utils/interrupt/interrupt_sam_nvic.o
                0x20000112                g_interrupt_enabled
                0x20000114                . = ALIGN (0x4)
 *fill*         0x20000113        0x1 
                0x20000114                _erelocate = .

.bss            0x20000114      0xbc8 load address 0x00005098
                0x20000114                . = ALIGN (0x4)
                0x20000114                _sbss = .
                0x20000114                _szero = .
 *(.bss .bss.*)
 .bss           0x20000114       0x1c c:/program files (x86)/atmel/studio/7.0/toolchain/arm/arm-gnu-toolchain/bin/../lib/gcc/arm-none-eabi/6.3.1/thumb/v6-m/crtbegin.o
 .bss.sof_zlp_counter.12464
                0x20000130        0x2 src/ASF/common/services/usb/class/cdc/device/udi_cdc.o
 .bss.udi_cdc_data_running
                0x20000132        0x1 src/ASF/common/services/usb/class/cdc/device/udi_cdc.o
 *fill*         0x20000133        0x1 
 .bss.udi_cdc_line_coding
                0x20000134        0x7 src/ASF/common/services/usb/class/cdc/device/udi_cdc.o
 .bss.udi_cdc_nb_comm_enabled
                0x2000013b        0x1 src/ASF/common/services/usb/class/cdc/device/udi_cdc.o
 .bss.udi_cdc_nb_data_enabled
                0x2000013c        0x1 src/ASF/common/services/usb/class/cdc/device/udi_cdc.o
 *fill*         0x2000013d        0x3 
 .bss.udi_cdc_rx_buf
                0x20000140      0x280 src/ASF/common/services/usb/class/cdc/device/udi_cdc.o
 .bss.udi_cdc_rx_buf_nb
                0x200003c0        0x4 src/ASF/common/services/usb/class/cdc/device/udi_cdc.o
 .bss.udi_cdc_rx_buf_sel
                0x200003c4        0x1 src/ASF/common/services/usb/class/cdc/device/udi_cdc.o
 *fill*         0x200003c5        0x3 
 .bss.udi_cdc_rx_pos
                0x200003c8        0x2 src/ASF/common/services/usb/class/cdc/device/udi_cdc.o
 *fill*         0x200003ca        0x2 
 .bss.udi_cdc_rx_trans_ongoing
                0x200003cc        0x1 src/ASF/common/services/usb/class/cdc/device/udi_cdc.o
 *fill*         0x200003cd        0x3 
 .bss.udi_cdc_state
                0x200003d0        0x2 src/ASF/common/services/usb/class/cdc/device/udi_cdc.o
 *fill*         0x200003d2        0x2 
 .bss.udi_cdc_tx_both_buf_to_send
                0x200003d4        0x1 src/ASF/common/services/usb/class/cdc/device/udi_cdc.o
 *fill*         0x200003d5        0x3 
 .bss.udi_cdc_tx_buf
                0x200003d8      0x280 src/ASF/common/services/usb/class/cdc/device/udi_cdc.o
 .bss.udi_cdc_tx_buf_nb
                0x20000658        0x4 src/ASF/common/services/usb/class/cdc/device/udi_cdc.o
 .bss.udi_cdc_tx_buf_sel
                0x2000065c        0x1 src/ASF/common/services/usb/class/cdc/device/udi_cdc.o
 *fill*         0x2000065d        0x3 
 .bss.udi_cdc_tx_sof_num
                0x20000660        0x2 src/ASF/common/services/usb/class/cdc/device/udi_cdc.o
 *fill*         0x20000662        0x2 
 .bss.udi_cdc_tx_trans_ongoing
                0x20000664        0x1 src/ASF/common/services/usb/class/cdc/device/udi_cdc.o
 *fill*         0x20000665        0x3 
 .bss.uid_cdc_state_msg
                0x20000668        0xa src/ASF/common/services/usb/class/cdc/device/udi_cdc.o
 .bss.udc_device_status
                0x20000672        0x2 src/ASF/common/services/usb/udc/udc.o
 .bss.udc_ep_status.12107
                0x20000674        0x2 src/ASF/common/services/usb/udc/udc.o
 *fill*         0x20000676        0x2 
 .bss.udc_iface_setting
                0x20000678        0x1 src/ASF/common/services/usb/udc/udc.o
 *fill*         0x20000679        0x3 
 .bss.udc_num_configuration
                0x2000067c        0x1 src/ASF/common/services/usb/udc/udc.o
 *fill*         0x2000067d        0x3 
 .bss.udc_ptr_conf
                0x20000680        0x4 src/ASF/common/services/usb/udc/udc.o
 .bss.udc_ptr_iface
                0x20000684        0x4 src/ASF/common/services/usb/udc/udc.o
 .bss.cpu_irq_critical_section_counter
                0x20000688        0x4 src/ASF/common/utils/interrupt/interrupt_sam_nvic.o
 .bss.cpu_irq_prev_interrupt_state
                0x2000068c        0x1 src/ASF/common/utils/interrupt/interrupt_sam_nvic.o
 *fill*         0x2000068d        0x3 
 .bss._sercom_config
                0x20000690        0x2 src/ASF/sam0/drivers/sercom/sercom.o
 .bss._handler_table_initialized
                0x20000692        0x1 src/ASF/sam0/drivers/sercom/sercom_interrupt.o
 *fill*         0x20000693        0x1 
 .bss._sercom_interrupt_handlers
                0x20000694       0x10 src/ASF/sam0/drivers/sercom/sercom_interrupt.o
 .bss._system_clock_inst
                0x200006a4       0x18 src/ASF/sam0/drivers/system/clock/clock_samd21_r21_da_ha1/clock.o
 .bss.b_shortpacket.13383
                0x200006bc        0x1 src/ASF/sam0/drivers/usb/stack_interface/usb_device_udd.o
 *fill*         0x200006bd        0x1 
 .bss.udd_ctrl_payload_nb_trans
                0x200006be        0x2 src/ASF/sam0/drivers/usb/stack_interface/usb_device_udd.o
 .bss.udd_ctrl_prev_payload_nb_trans
                0x200006c0        0x2 src/ASF/sam0/drivers/usb/stack_interface/usb_device_udd.o
 .bss.udd_ep_control_state
                0x200006c2        0x1 src/ASF/sam0/drivers/usb/stack_interface/usb_device_udd.o
 *fill*         0x200006c3        0x1 
 .bss.udd_ep_job
                0x200006c4       0x78 src/ASF/sam0/drivers/usb/stack_interface/usb_device_udd.o
 .bss.udd_state.13240
                0x2000073c        0x1 src/ASF/sam0/drivers/usb/stack_interface/usb_device_udd.o
 *fill*         0x2000073d        0x3 
 .bss._usb_instances
                0x20000740        0x4 src/ASF/sam0/drivers/usb/usb_sam_d_r/usb.o
 .bss.device_callback_lpm_wakeup_enable
                0x20000744        0x4 src/ASF/sam0/drivers/usb/usb_sam_d_r/usb.o
 .bss.ep_callback_para
                0x20000748        0x8 src/ASF/sam0/drivers/usb/usb_sam_d_r/usb.o
 .bss.host_pipe_job_busy_status
                0x20000750        0x4 src/ASF/sam0/drivers/usb/usb_sam_d_r/usb.o
                0x20000750                host_pipe_job_busy_status
 .bss.pipe_callback_para
                0x20000754        0x6 src/ASF/sam0/drivers/usb/usb_sam_d_r/usb.o
 .bss.main_b_cdc_enable
                0x2000075a        0x1 src/main.o
 .bss.b_terminal_mode
                0x2000075b        0x1 src/sam_ba_monitor.o
                0x2000075b                b_terminal_mode
 *(COMMON)
 COMMON         0x2000075c        0x5 src/ASF/common/services/sleepmgr/samd/sleepmgr.o
                0x2000075c                sleepmgr_locks
 COMMON         0x20000761        0x1 src/ASF/sam0/drivers/extint/extint_callback.o
                0x20000761                _current_channel
 *fill*         0x20000762        0x2 
 COMMON         0x20000764       0x40 src/ASF/sam0/drivers/extint/extint_sam_d_r_h/extint.o
                0x20000764                _extint_dev
 COMMON         0x200007a4       0x10 src/ASF/sam0/drivers/sercom/sercom_interrupt.o
                0x200007a4                _sercom_instances
 COMMON         0x200007b4      0x280 src/ASF/sam0/drivers/usb/stack_interface/usb_device_udd.o
                0x200007b4                udd_ep_out_cache_buffer
                0x20000874                usb_device
                0x200009dc                udd_g_ctrlreq
                0x200009f4                udd_ctrl_buffer
 COMMON         0x20000a34      0x100 src/ASF/sam0/drivers/usb/usb_sam_d_r/usb.o
                0x20000a34                usb_descriptor_table
 COMMON         0x20000b34       0x68 src/sam_ba_monitor.o
                0x20000b34                j
                0x20000b38                length
                0x20000b3c                ptr
                0x20000b40                command
                0x20000b44                i
                0x20000b48                data
                0x20000b88                ptr_data
                0x20000b8c                ptr_monitor_if
                0x20000b90                sp
                0x20000b94                current_number
                0x20000b98                u32tmp
 COMMON         0x20000b9c      0x140 src/usart_sam_ba.o
                0x20000b9c                b_sharp_received
                0x20000b9d                idx_rx_write
                0x20000b9e                size_of_data
                0x20000ba0                idx_tx_read
                0x20000ba4                usart_sam_ba
                0x20000bd8                buffer_tx_usart
                0x20000c58                error_timeout
                0x20000c59                mode_of_transfer
                0x20000c5a                idx_rx_read
                0x20000c5b                idx_tx_write
                0x20000c5c                buffer_rx_usart
                0x20000cdc                . = ALIGN (0x4)
                0x20000cdc                _ebss = .
                0x20000cdc                _ezero = .

.stack          0x20000cdc      0x404 load address 0x00005c60
                0x20000ce0                . = ALIGN (0x8)
 *fill*         0x20000cdc        0x4 
                0x20000ce0                _sstack = .
                0x200010e0                . = (. + STACK_SIZE)
 *fill*         0x20000ce0      0x400 
                0x200010e0                . = ALIGN (0x8)
                0x200010e0                _estack = .
                0x200010e0                . = ALIGN (0x4)
                0x200010e0                _end = .
OUTPUT(SAMBA_BOOTLOADER1.elf elf32-littlearm)

.ARM.attributes
                0x00000000       0x28
 .ARM.attributes
                0x00000000       0x1e c:/program files (x86)/atmel/studio/7.0/toolchain/arm/arm-gnu-toolchain/bin/../lib/gcc/arm-none-eabi/6.3.1/thumb/v6-m/crti.o
 .ARM.attributes
                0x0000001e       0x2c c:/program files (x86)/atmel/studio/7.0/toolchain/arm/arm-gnu-toolchain/bin/../lib/gcc/arm-none-eabi/6.3.1/thumb/v6-m/crtbegin.o
 .ARM.attributes
                0x0000004a       0x32 src/ASF/common/services/sleepmgr/samd/sleepmgr.o
 .ARM.attributes
                0x0000007c       0x32 src/ASF/common/services/usb/class/cdc/device/udi_cdc.o
 .ARM.attributes
                0x000000ae       0x32 src/ASF/common/services/usb/class/cdc/device/udi_cdc_desc.o
 .ARM.attributes
                0x000000e0       0x32 src/ASF/common/services/usb/udc/udc.o
 .ARM.attributes
                0x00000112       0x32 src/ASF/common/utils/interrupt/interrupt_sam_nvic.o
 .ARM.attributes
                0x00000144       0x32 src/ASF/sam0/drivers/extint/extint_callback.o
 .ARM.attributes
                0x00000176       0x32 src/ASF/sam0/drivers/extint/extint_sam_d_r_h/extint.o
 .ARM.attributes
                0x000001a8       0x32 src/ASF/sam0/drivers/sercom/sercom.o
 .ARM.attributes
                0x000001da       0x32 src/ASF/sam0/drivers/sercom/sercom_interrupt.o
 .ARM.attributes
                0x0000020c       0x32 src/ASF/sam0/drivers/sercom/usart/usart.o
 .ARM.attributes
                0x0000023e       0x32 src/ASF/sam0/drivers/sercom/usart/usart_interrupt.o
 .ARM.attributes
                0x00000270       0x32 src/ASF/sam0/drivers/system/clock/clock_samd21_r21_da_ha1/clock.o
 .ARM.attributes
                0x000002a2       0x32 src/ASF/sam0/drivers/system/clock/clock_samd21_r21_da_ha1/gclk.o
 .ARM.attributes
                0x000002d4       0x32 src/ASF/sam0/drivers/system/pinmux/pinmux.o
 .ARM.attributes
                0x00000306       0x32 src/ASF/sam0/drivers/system/system.o
 .ARM.attributes
                0x00000338       0x32 src/ASF/sam0/drivers/usb/stack_interface/usb_device_udd.o
 .ARM.attributes
                0x0000036a       0x32 src/ASF/sam0/drivers/usb/usb_sam_d_r/usb.o
 .ARM.attributes
                0x0000039c       0x32 src/ASF/sam0/utils/cmsis/samd21/source/gcc/startup_samd21.o
 .ARM.attributes
                0x000003ce       0x32 src/main.o
 .ARM.attributes
                0x00000400       0x32 src/sam_ba_monitor.o
 .ARM.attributes
                0x00000432       0x32 src/usart_sam_ba.o
 .ARM.attributes
                0x00000464       0x1e c:/program files (x86)/atmel/studio/7.0/toolchain/arm/arm-gnu-toolchain/bin/../lib/gcc/arm-none-eabi/6.3.1/thumb/v6-m\libgcc.a(_udivsi3.o)
 .ARM.attributes
                0x00000482       0x1e c:/program files (x86)/atmel/studio/7.0/toolchain/arm/arm-gnu-toolchain/bin/../lib/gcc/arm-none-eabi/6.3.1/thumb/v6-m\libgcc.a(_divsi3.o)
 .ARM.attributes
                0x000004a0       0x1e c:/program files (x86)/atmel/studio/7.0/toolchain/arm/arm-gnu-toolchain/bin/../lib/gcc/arm-none-eabi/6.3.1/thumb/v6-m\libgcc.a(_dvmd_tls.o)
 .ARM.attributes
                0x000004be       0x1e c:/program files (x86)/atmel/studio/7.0/toolchain/arm/arm-gnu-toolchain/bin/../lib/gcc/arm-none-eabi/6.3.1/thumb/v6-m\libgcc.a(_ctzsi2.o)
 .ARM.attributes
                0x000004dc       0x2c c:/program files (x86)/atmel/studio/7.0/toolchain/arm/arm-gnu-toolchain/bin/../lib/gcc/arm-none-eabi/6.3.1/thumb/v6-m\libgcc.a(_muldi3.o)
 .ARM.attributes
                0x00000508       0x2c c:/program files (x86)/atmel/studio/7.0/toolchain/arm/arm-gnu-toolchain/bin/../lib/gcc/arm-none-eabi/6.3.1/../../../../arm-none-eabi/lib/thumb/v6-m\libc_nano.a(lib_a-init.o)
 .ARM.attributes
                0x00000534       0x2c c:/program files (x86)/atmel/studio/7.0/toolchain/arm/arm-gnu-toolchain/bin/../lib/gcc/arm-none-eabi/6.3.1/../../../../arm-none-eabi/lib/thumb/v6-m\libc_nano.a(lib_a-memcpy-stub.o)
 .ARM.attributes
                0x00000560       0x2c c:/program files (x86)/atmel/studio/7.0/toolchain/arm/arm-gnu-toolchain/bin/../lib/gcc/arm-none-eabi/6.3.1/../../../../arm-none-eabi/lib/thumb/v6-m\libc_nano.a(lib_a-memset.o)
 .ARM.attributes
                0x0000058c       0x1e c:/program files (x86)/atmel/studio/7.0/toolchain/arm/arm-gnu-toolchain/bin/../lib/gcc/arm-none-eabi/6.3.1/thumb/v6-m/crtn.o

.comment        0x00000000       0x59
 .comment       0x00000000       0x59 src/ASF/common/services/sleepmgr/samd/sleepmgr.o
                                 0x5a (size before relaxing)
 .comment       0x00000059       0x5a src/ASF/common/services/usb/class/cdc/device/udi_cdc.o
 .comment       0x00000059       0x5a src/ASF/common/services/usb/class/cdc/device/udi_cdc_desc.o
 .comment       0x00000059       0x5a src/ASF/common/services/usb/udc/udc.o
 .comment       0x00000059       0x5a src/ASF/common/utils/interrupt/interrupt_sam_nvic.o
 .comment       0x00000059       0x5a src/ASF/sam0/drivers/extint/extint_callback.o
 .comment       0x00000059       0x5a src/ASF/sam0/drivers/extint/extint_sam_d_r_h/extint.o
 .comment       0x00000059       0x5a src/ASF/sam0/drivers/sercom/sercom.o
 .comment       0x00000059       0x5a src/ASF/sam0/drivers/sercom/sercom_interrupt.o
 .comment       0x00000059       0x5a src/ASF/sam0/drivers/sercom/usart/usart.o
 .comment       0x00000059       0x5a src/ASF/sam0/drivers/sercom/usart/usart_interrupt.o
 .comment       0x00000059       0x5a src/ASF/sam0/drivers/system/clock/clock_samd21_r21_da_ha1/clock.o
 .comment       0x00000059       0x5a src/ASF/sam0/drivers/system/clock/clock_samd21_r21_da_ha1/gclk.o
 .comment       0x00000059       0x5a src/ASF/sam0/drivers/system/pinmux/pinmux.o
 .comment       0x00000059       0x5a src/ASF/sam0/drivers/system/system.o
 .comment       0x00000059       0x5a src/ASF/sam0/drivers/usb/stack_interface/usb_device_udd.o
 .comment       0x00000059       0x5a src/ASF/sam0/drivers/usb/usb_sam_d_r/usb.o
 .comment       0x00000059       0x5a src/ASF/sam0/utils/cmsis/samd21/source/gcc/startup_samd21.o
 .comment       0x00000059       0x5a src/main.o
 .comment       0x00000059       0x5a src/sam_ba_monitor.o
 .comment       0x00000059       0x5a src/usart_sam_ba.o

.debug_info     0x00000000    0x35e6c
 .debug_info    0x00000000      0xa8e src/ASF/common/services/sleepmgr/samd/sleepmgr.o
 .debug_info    0x00000a8e     0x29ad src/ASF/common/services/usb/class/cdc/device/udi_cdc.o
 .debug_info    0x0000343b     0x1321 src/ASF/common/services/usb/class/cdc/device/udi_cdc_desc.o
 .debug_info    0x0000475c     0x1a74 src/ASF/common/services/usb/udc/udc.o
 .debug_info    0x000061d0      0xb05 src/ASF/common/utils/interrupt/interrupt_sam_nvic.o
 .debug_info    0x00006cd5     0x19a7 src/ASF/sam0/drivers/extint/extint_callback.o
 .debug_info    0x0000867c     0x2ae7 src/ASF/sam0/drivers/extint/extint_sam_d_r_h/extint.o
 .debug_info    0x0000b163     0x2dc7 src/ASF/sam0/drivers/sercom/sercom.o
 .debug_info    0x0000df2a     0x2b6f src/ASF/sam0/drivers/sercom/sercom_interrupt.o
 .debug_info    0x00010a99     0x499e src/ASF/sam0/drivers/sercom/usart/usart.o
 .debug_info    0x00015437     0x3048 src/ASF/sam0/drivers/sercom/usart/usart_interrupt.o
 .debug_info    0x0001847f     0x38cb src/ASF/sam0/drivers/system/clock/clock_samd21_r21_da_ha1/clock.o
 .debug_info    0x0001bd4a     0x1ec7 src/ASF/sam0/drivers/system/clock/clock_samd21_r21_da_ha1/gclk.o
 .debug_info    0x0001dc11     0x13f3 src/ASF/sam0/drivers/system/pinmux/pinmux.o
 .debug_info    0x0001f004      0xa73 src/ASF/sam0/drivers/system/system.o
 .debug_info    0x0001fa77     0x6407 src/ASF/sam0/drivers/usb/stack_interface/usb_device_udd.o
 .debug_info    0x00025e7e     0x5245 src/ASF/sam0/drivers/usb/usb_sam_d_r/usb.o
 .debug_info    0x0002b0c3     0x3a3f src/ASF/sam0/utils/cmsis/samd21/source/gcc/startup_samd21.o
 .debug_info    0x0002eb02     0x1a74 src/main.o
 .debug_info    0x00030576     0x1605 src/sam_ba_monitor.o
 .debug_info    0x00031b7b     0x42f1 src/usart_sam_ba.o

.debug_abbrev   0x00000000     0x4c11
 .debug_abbrev  0x00000000      0x1b2 src/ASF/common/services/sleepmgr/samd/sleepmgr.o
 .debug_abbrev  0x000001b2      0x454 src/ASF/common/services/usb/class/cdc/device/udi_cdc.o
 .debug_abbrev  0x00000606      0x1d6 src/ASF/common/services/usb/class/cdc/device/udi_cdc_desc.o
 .debug_abbrev  0x000007dc      0x3f5 src/ASF/common/services/usb/udc/udc.o
 .debug_abbrev  0x00000bd1      0x23b src/ASF/common/utils/interrupt/interrupt_sam_nvic.o
 .debug_abbrev  0x00000e0c      0x333 src/ASF/sam0/drivers/extint/extint_callback.o
 .debug_abbrev  0x0000113f      0x4b4 src/ASF/sam0/drivers/extint/extint_sam_d_r_h/extint.o
 .debug_abbrev  0x000015f3      0x378 src/ASF/sam0/drivers/sercom/sercom.o
 .debug_abbrev  0x0000196b      0x2da src/ASF/sam0/drivers/sercom/sercom_interrupt.o
 .debug_abbrev  0x00001c45      0x467 src/ASF/sam0/drivers/sercom/usart/usart.o
 .debug_abbrev  0x000020ac      0x416 src/ASF/sam0/drivers/sercom/usart/usart_interrupt.o
 .debug_abbrev  0x000024c2      0x493 src/ASF/sam0/drivers/system/clock/clock_samd21_r21_da_ha1/clock.o
 .debug_abbrev  0x00002955      0x40d src/ASF/sam0/drivers/system/clock/clock_samd21_r21_da_ha1/gclk.o
 .debug_abbrev  0x00002d62      0x361 src/ASF/sam0/drivers/system/pinmux/pinmux.o
 .debug_abbrev  0x000030c3      0x1e1 src/ASF/sam0/drivers/system/system.o
 .debug_abbrev  0x000032a4      0x607 src/ASF/sam0/drivers/usb/stack_interface/usb_device_udd.o
 .debug_abbrev  0x000038ab      0x507 src/ASF/sam0/drivers/usb/usb_sam_d_r/usb.o
 .debug_abbrev  0x00003db2      0x234 src/ASF/sam0/utils/cmsis/samd21/source/gcc/startup_samd21.o
 .debug_abbrev  0x00003fe6      0x3a2 src/main.o
 .debug_abbrev  0x00004388      0x370 src/sam_ba_monitor.o
 .debug_abbrev  0x000046f8      0x519 src/usart_sam_ba.o

.debug_aranges  0x00000000      0x948
 .debug_aranges
                0x00000000       0x18 src/ASF/common/services/sleepmgr/samd/sleepmgr.o
 .debug_aranges
                0x00000018      0x178 src/ASF/common/services/usb/class/cdc/device/udi_cdc.o
 .debug_aranges
                0x00000190       0x18 src/ASF/common/services/usb/class/cdc/device/udi_cdc_desc.o
 .debug_aranges
                0x000001a8       0x70 src/ASF/common/services/usb/udc/udc.o
 .debug_aranges
                0x00000218       0x28 src/ASF/common/utils/interrupt/interrupt_sam_nvic.o
 .debug_aranges
                0x00000240       0x48 src/ASF/sam0/drivers/extint/extint_callback.o
 .debug_aranges
                0x00000288       0x50 src/ASF/sam0/drivers/extint/extint_sam_d_r_h/extint.o
 .debug_aranges
                0x000002d8       0x48 src/ASF/sam0/drivers/sercom/sercom.o
 .debug_aranges
                0x00000320       0x50 src/ASF/sam0/drivers/sercom/sercom_interrupt.o
 .debug_aranges
                0x00000370       0x40 src/ASF/sam0/drivers/sercom/usart/usart.o
 .debug_aranges
                0x000003b0       0x70 src/ASF/sam0/drivers/sercom/usart/usart_interrupt.o
 .debug_aranges
                0x00000420       0x78 src/ASF/sam0/drivers/system/clock/clock_samd21_r21_da_ha1/clock.o
 .debug_aranges
                0x00000498       0x80 src/ASF/sam0/drivers/system/clock/clock_samd21_r21_da_ha1/gclk.o
 .debug_aranges
                0x00000518       0x40 src/ASF/sam0/drivers/system/pinmux/pinmux.o
 .debug_aranges
                0x00000558       0x28 src/ASF/sam0/drivers/system/system.o
 .debug_aranges
                0x00000580      0x128 src/ASF/sam0/drivers/usb/stack_interface/usb_device_udd.o
 .debug_aranges
                0x000006a8      0x158 src/ASF/sam0/drivers/usb/usb_sam_d_r/usb.o
 .debug_aranges
                0x00000800       0x28 src/ASF/sam0/utils/cmsis/samd21/source/gcc/startup_samd21.o
 .debug_aranges
                0x00000828       0x60 src/main.o
 .debug_aranges
                0x00000888       0x38 src/sam_ba_monitor.o
 .debug_aranges
                0x000008c0       0x88 src/usart_sam_ba.o

.debug_macro    0x00000000    0x1c355
 .debug_macro   0x00000000      0x557 src/ASF/common/services/sleepmgr/samd/sleepmgr.o
 .debug_macro   0x00000557      0x8c8 src/ASF/common/services/sleepmgr/samd/sleepmgr.o
 .debug_macro   0x00000e1f      0x16d src/ASF/common/services/sleepmgr/samd/sleepmgr.o
 .debug_macro   0x00000f8c      0x71d src/ASF/common/services/sleepmgr/samd/sleepmgr.o
 .debug_macro   0x000016a9       0x22 src/ASF/common/services/sleepmgr/samd/sleepmgr.o
 .debug_macro   0x000016cb       0x87 src/ASF/common/services/sleepmgr/samd/sleepmgr.o
 .debug_macro   0x00001752       0x51 src/ASF/common/services/sleepmgr/samd/sleepmgr.o
 .debug_macro   0x000017a3       0xef src/ASF/common/services/sleepmgr/samd/sleepmgr.o
 .debug_macro   0x00001892       0x6a src/ASF/common/services/sleepmgr/samd/sleepmgr.o
 .debug_macro   0x000018fc      0x1df src/ASF/common/services/sleepmgr/samd/sleepmgr.o
 .debug_macro   0x00001adb       0x10 src/ASF/common/services/sleepmgr/samd/sleepmgr.o
 .debug_macro   0x00001aeb       0x76 src/ASF/common/services/sleepmgr/samd/sleepmgr.o
 .debug_macro   0x00001b61       0x16 src/ASF/common/services/sleepmgr/samd/sleepmgr.o
 .debug_macro   0x00001b77      0x6db src/ASF/common/services/sleepmgr/samd/sleepmgr.o
 .debug_macro   0x00002252      0xdd8 src/ASF/common/services/sleepmgr/samd/sleepmgr.o
 .debug_macro   0x0000302a       0x22 src/ASF/common/services/sleepmgr/samd/sleepmgr.o
 .debug_macro   0x0000304c       0x40 src/ASF/common/services/sleepmgr/samd/sleepmgr.o
 .debug_macro   0x0000308c       0x1c src/ASF/common/services/sleepmgr/samd/sleepmgr.o
 .debug_macro   0x000030a8       0x22 src/ASF/common/services/sleepmgr/samd/sleepmgr.o
 .debug_macro   0x000030ca       0xb5 src/ASF/common/services/sleepmgr/samd/sleepmgr.o
 .debug_macro   0x0000317f      0x3ad src/ASF/common/services/sleepmgr/samd/sleepmgr.o
 .debug_macro   0x0000352c      0x681 src/ASF/common/services/sleepmgr/samd/sleepmgr.o
 .debug_macro   0x00003bad      0x8b5 src/ASF/common/services/sleepmgr/samd/sleepmgr.o
 .debug_macro   0x00004462      0x230 src/ASF/common/services/sleepmgr/samd/sleepmgr.o
 .debug_macro   0x00004692      0xd60 src/ASF/common/services/sleepmgr/samd/sleepmgr.o
 .debug_macro   0x000053f2      0x4cb src/ASF/common/services/sleepmgr/samd/sleepmgr.o
 .debug_macro   0x000058bd      0x9f8 src/ASF/common/services/sleepmgr/samd/sleepmgr.o
 .debug_macro   0x000062b5      0x82b src/ASF/common/services/sleepmgr/samd/sleepmgr.o
 .debug_macro   0x00006ae0      0x455 src/ASF/common/services/sleepmgr/samd/sleepmgr.o
 .debug_macro   0x00006f35       0x5e src/ASF/common/services/sleepmgr/samd/sleepmgr.o
 .debug_macro   0x00006f93      0x8fd src/ASF/common/services/sleepmgr/samd/sleepmgr.o
 .debug_macro   0x00007890      0x21c src/ASF/common/services/sleepmgr/samd/sleepmgr.o
 .debug_macro   0x00007aac      0x95b src/ASF/common/services/sleepmgr/samd/sleepmgr.o
 .debug_macro   0x00008407       0x5e src/ASF/common/services/sleepmgr/samd/sleepmgr.o
 .debug_macro   0x00008465      0x667 src/ASF/common/services/sleepmgr/samd/sleepmgr.o
 .debug_macro   0x00008acc      0x3af src/ASF/common/services/sleepmgr/samd/sleepmgr.o
 .debug_macro   0x00008e7b      0xc7a src/ASF/common/services/sleepmgr/samd/sleepmgr.o
 .debug_macro   0x00009af5     0x1092 src/ASF/common/services/sleepmgr/samd/sleepmgr.o
 .debug_macro   0x0000ab87      0xc4a src/ASF/common/services/sleepmgr/samd/sleepmgr.o
 .debug_macro   0x0000b7d1      0x6ba src/ASF/common/services/sleepmgr/samd/sleepmgr.o
 .debug_macro   0x0000be8b     0x1bbf src/ASF/common/services/sleepmgr/samd/sleepmgr.o
 .debug_macro   0x0000da4a     0x1440 src/ASF/common/services/sleepmgr/samd/sleepmgr.o
 .debug_macro   0x0000ee8a      0x344 src/ASF/common/services/sleepmgr/samd/sleepmgr.o
 .debug_macro   0x0000f1ce       0x7c src/ASF/common/services/sleepmgr/samd/sleepmgr.o
 .debug_macro   0x0000f24a       0xa0 src/ASF/common/services/sleepmgr/samd/sleepmgr.o
 .debug_macro   0x0000f2ea       0x4c src/ASF/common/services/sleepmgr/samd/sleepmgr.o
 .debug_macro   0x0000f336       0xca src/ASF/common/services/sleepmgr/samd/sleepmgr.o
 .debug_macro   0x0000f400       0x94 src/ASF/common/services/sleepmgr/samd/sleepmgr.o
 .debug_macro   0x0000f494       0x58 src/ASF/common/services/sleepmgr/samd/sleepmgr.o
 .debug_macro   0x0000f4ec      0x37d src/ASF/common/services/sleepmgr/samd/sleepmgr.o
 .debug_macro   0x0000f869       0x82 src/ASF/common/services/sleepmgr/samd/sleepmgr.o
 .debug_macro   0x0000f8eb      0x18d src/ASF/common/services/sleepmgr/samd/sleepmgr.o
 .debug_macro   0x0000fa78       0xb8 src/ASF/common/services/sleepmgr/samd/sleepmgr.o
 .debug_macro   0x0000fb30       0xa0 src/ASF/common/services/sleepmgr/samd/sleepmgr.o
 .debug_macro   0x0000fbd0       0xb8 src/ASF/common/services/sleepmgr/samd/sleepmgr.o
 .debug_macro   0x0000fc88       0x1c src/ASF/common/services/sleepmgr/samd/sleepmgr.o
 .debug_macro   0x0000fca4       0x1c src/ASF/common/services/sleepmgr/samd/sleepmgr.o
 .debug_macro   0x0000fcc0       0x1c src/ASF/common/services/sleepmgr/samd/sleepmgr.o
 .debug_macro   0x0000fcdc       0x82 src/ASF/common/services/sleepmgr/samd/sleepmgr.o
 .debug_macro   0x0000fd5e      0x15a src/ASF/common/services/sleepmgr/samd/sleepmgr.o
 .debug_macro   0x0000feb8       0xdc src/ASF/common/services/sleepmgr/samd/sleepmgr.o
 .debug_macro   0x0000ff94      0x128 src/ASF/common/services/sleepmgr/samd/sleepmgr.o
 .debug_macro   0x000100bc      0x128 src/ASF/common/services/sleepmgr/samd/sleepmgr.o
 .debug_macro   0x000101e4      0x128 src/ASF/common/services/sleepmgr/samd/sleepmgr.o
 .debug_macro   0x0001030c      0x128 src/ASF/common/services/sleepmgr/samd/sleepmgr.o
 .debug_macro   0x00010434      0x124 src/ASF/common/services/sleepmgr/samd/sleepmgr.o
 .debug_macro   0x00010558       0xe2 src/ASF/common/services/sleepmgr/samd/sleepmgr.o
 .debug_macro   0x0001063a       0xe2 src/ASF/common/services/sleepmgr/samd/sleepmgr.o
 .debug_macro   0x0001071c       0xe2 src/ASF/common/services/sleepmgr/samd/sleepmgr.o
 .debug_macro   0x000107fe      0x130 src/ASF/common/services/sleepmgr/samd/sleepmgr.o
 .debug_macro   0x0001092e      0x106 src/ASF/common/services/sleepmgr/samd/sleepmgr.o
 .debug_macro   0x00010a34       0xfa src/ASF/common/services/sleepmgr/samd/sleepmgr.o
 .debug_macro   0x00010b2e      0x40f src/ASF/common/services/sleepmgr/samd/sleepmgr.o
 .debug_macro   0x00010f3d       0x40 src/ASF/common/services/sleepmgr/samd/sleepmgr.o
 .debug_macro   0x00010f7d      0x345 src/ASF/common/services/sleepmgr/samd/sleepmgr.o
 .debug_macro   0x000112c2      0xf73 src/ASF/common/services/sleepmgr/samd/sleepmgr.o
 .debug_macro   0x00012235       0x6d src/ASF/common/services/sleepmgr/samd/sleepmgr.o
 .debug_macro   0x000122a2       0x58 src/ASF/common/services/sleepmgr/samd/sleepmgr.o
 .debug_macro   0x000122fa       0x35 src/ASF/common/services/sleepmgr/samd/sleepmgr.o
 .debug_macro   0x0001232f       0x9c src/ASF/common/services/sleepmgr/samd/sleepmgr.o
 .debug_macro   0x000123cb       0x16 src/ASF/common/services/sleepmgr/samd/sleepmgr.o
 .debug_macro   0x000123e1       0x35 src/ASF/common/services/sleepmgr/samd/sleepmgr.o
 .debug_macro   0x00012416      0x34d src/ASF/common/services/sleepmgr/samd/sleepmgr.o
 .debug_macro   0x00012763       0x10 src/ASF/common/services/sleepmgr/samd/sleepmgr.o
 .debug_macro   0x00012773       0x58 src/ASF/common/services/sleepmgr/samd/sleepmgr.o
 .debug_macro   0x000127cb       0x1f src/ASF/common/services/sleepmgr/samd/sleepmgr.o
 .debug_macro   0x000127ea       0x43 src/ASF/common/services/sleepmgr/samd/sleepmgr.o
 .debug_macro   0x0001282d       0x20 src/ASF/common/services/sleepmgr/samd/sleepmgr.o
 .debug_macro   0x0001284d      0x187 src/ASF/common/services/sleepmgr/samd/sleepmgr.o
 .debug_macro   0x000129d4       0x10 src/ASF/common/services/sleepmgr/samd/sleepmgr.o
 .debug_macro   0x000129e4       0x1c src/ASF/common/services/sleepmgr/samd/sleepmgr.o
 .debug_macro   0x00012a00       0x52 src/ASF/common/services/sleepmgr/samd/sleepmgr.o
 .debug_macro   0x00012a52       0x40 src/ASF/common/services/sleepmgr/samd/sleepmgr.o
 .debug_macro   0x00012a92       0x10 src/ASF/common/services/sleepmgr/samd/sleepmgr.o
 .debug_macro   0x00012aa2       0x40 src/ASF/common/services/sleepmgr/samd/sleepmgr.o
 .debug_macro   0x00012ae2       0xd7 src/ASF/common/services/sleepmgr/samd/sleepmgr.o
 .debug_macro   0x00012bb9       0x16 src/ASF/common/services/sleepmgr/samd/sleepmgr.o
 .debug_macro   0x00012bcf      0x18b src/ASF/common/services/sleepmgr/samd/sleepmgr.o
 .debug_macro   0x00012d5a       0x16 src/ASF/common/services/sleepmgr/samd/sleepmgr.o
 .debug_macro   0x00012d70       0x16 src/ASF/common/services/sleepmgr/samd/sleepmgr.o
 .debug_macro   0x00012d86       0x29 src/ASF/common/services/sleepmgr/samd/sleepmgr.o
 .debug_macro   0x00012daf       0x51 src/ASF/common/services/sleepmgr/samd/sleepmgr.o
 .debug_macro   0x00012e00       0x3e src/ASF/common/services/sleepmgr/samd/sleepmgr.o
 .debug_macro   0x00012e3e      0x3df src/ASF/common/services/sleepmgr/samd/sleepmgr.o
 .debug_macro   0x0001321d       0x10 src/ASF/common/services/sleepmgr/samd/sleepmgr.o
 .debug_macro   0x0001322d       0x11 src/ASF/common/services/sleepmgr/samd/sleepmgr.o
 .debug_macro   0x0001323e       0x18 src/ASF/common/services/sleepmgr/samd/sleepmgr.o
 .debug_macro   0x00013256       0x16 src/ASF/common/services/sleepmgr/samd/sleepmgr.o
 .debug_macro   0x0001326c      0x659 src/ASF/common/services/usb/class/cdc/device/udi_cdc.o
 .debug_macro   0x000138c5      0x2df src/ASF/common/services/usb/class/cdc/device/udi_cdc.o
 .debug_macro   0x00013ba4       0x10 src/ASF/common/services/usb/class/cdc/device/udi_cdc.o
 .debug_macro   0x00013bb4      0x992 src/ASF/common/services/usb/class/cdc/device/udi_cdc.o
 .debug_macro   0x00014546       0xb0 src/ASF/common/services/usb/class/cdc/device/udi_cdc.o
 .debug_macro   0x000145f6      0x21e src/ASF/common/services/usb/class/cdc/device/udi_cdc.o
 .debug_macro   0x00014814       0x99 src/ASF/common/services/usb/class/cdc/device/udi_cdc.o
 .debug_macro   0x000148ad      0x241 src/ASF/common/services/usb/class/cdc/device/udi_cdc.o
 .debug_macro   0x00014aee      0x162 src/ASF/common/services/usb/class/cdc/device/udi_cdc.o
 .debug_macro   0x00014c50       0x16 src/ASF/common/services/usb/class/cdc/device/udi_cdc.o
 .debug_macro   0x00014c66       0x1c src/ASF/common/services/usb/class/cdc/device/udi_cdc.o
 .debug_macro   0x00014c82      0x190 src/ASF/common/services/usb/class/cdc/device/udi_cdc.o
 .debug_macro   0x00014e12       0x16 src/ASF/common/services/usb/class/cdc/device/udi_cdc.o
 .debug_macro   0x00014e28      0x5c1 src/ASF/common/services/usb/class/cdc/device/udi_cdc_desc.o
 .debug_macro   0x000153e9      0x5ad src/ASF/common/services/usb/udc/udc.o
 .debug_macro   0x00015996      0x4f7 src/ASF/common/utils/interrupt/interrupt_sam_nvic.o
 .debug_macro   0x00015e8d      0x51c src/ASF/sam0/drivers/extint/extint_callback.o
 .debug_macro   0x000163a9       0x19 src/ASF/sam0/drivers/extint/extint_callback.o
 .debug_macro   0x000163c2      0x576 src/ASF/sam0/drivers/extint/extint_sam_d_r_h/extint.o
 .debug_macro   0x00016938       0x2e src/ASF/sam0/drivers/extint/extint_sam_d_r_h/extint.o
 .debug_macro   0x00016966       0x1f src/ASF/sam0/drivers/extint/extint_sam_d_r_h/extint.o
 .debug_macro   0x00016985       0x10 src/ASF/sam0/drivers/extint/extint_sam_d_r_h/extint.o
 .debug_macro   0x00016995      0x584 src/ASF/sam0/drivers/sercom/sercom.o
 .debug_macro   0x00016f19       0x7a src/ASF/sam0/drivers/sercom/sercom.o
 .debug_macro   0x00016f93       0x10 src/ASF/sam0/drivers/sercom/sercom.o
 .debug_macro   0x00016fa3      0x581 src/ASF/sam0/drivers/sercom/sercom_interrupt.o
 .debug_macro   0x00017524      0x595 src/ASF/sam0/drivers/sercom/usart/usart.o
 .debug_macro   0x00017ab9       0x51 src/ASF/sam0/drivers/sercom/usart/usart.o
 .debug_macro   0x00017b0a      0x595 src/ASF/sam0/drivers/sercom/usart/usart_interrupt.o
 .debug_macro   0x0001809f      0x576 src/ASF/sam0/drivers/system/clock/clock_samd21_r21_da_ha1/clock.o
 .debug_macro   0x00018615      0x299 src/ASF/sam0/drivers/system/clock/clock_samd21_r21_da_ha1/clock.o
 .debug_macro   0x000188ae      0x52d src/ASF/sam0/drivers/system/clock/clock_samd21_r21_da_ha1/gclk.o
 .debug_macro   0x00018ddb      0x507 src/ASF/sam0/drivers/system/pinmux/pinmux.o
 .debug_macro   0x000192e2       0x12 src/ASF/sam0/drivers/system/pinmux/pinmux.o
 .debug_macro   0x000192f4      0x53a src/ASF/sam0/drivers/system/system.o
 .debug_macro   0x0001982e      0x685 src/ASF/sam0/drivers/usb/stack_interface/usb_device_udd.o
 .debug_macro   0x00019eb3       0x52 src/ASF/sam0/drivers/usb/stack_interface/usb_device_udd.o
 .debug_macro   0x00019f05       0x8d src/ASF/sam0/drivers/usb/stack_interface/usb_device_udd.o
 .debug_macro   0x00019f92       0x57 src/ASF/sam0/drivers/usb/stack_interface/usb_device_udd.o
 .debug_macro   0x00019fe9      0x353 src/ASF/sam0/drivers/usb/stack_interface/usb_device_udd.o
 .debug_macro   0x0001a33c       0x10 src/ASF/sam0/drivers/usb/stack_interface/usb_device_udd.o
 .debug_macro   0x0001a34c       0xaf src/ASF/sam0/drivers/usb/stack_interface/usb_device_udd.o
 .debug_macro   0x0001a3fb       0x1c src/ASF/sam0/drivers/usb/stack_interface/usb_device_udd.o
 .debug_macro   0x0001a417       0x11 src/ASF/sam0/drivers/usb/stack_interface/usb_device_udd.o
 .debug_macro   0x0001a428       0x1c src/ASF/sam0/drivers/usb/stack_interface/usb_device_udd.o
 .debug_macro   0x0001a444      0x5ce src/ASF/sam0/drivers/usb/usb_sam_d_r/usb.o
 .debug_macro   0x0001aa12      0x2de src/ASF/sam0/utils/cmsis/samd21/source/gcc/startup_samd21.o
 .debug_macro   0x0001acf0       0x3a src/ASF/sam0/utils/cmsis/samd21/source/gcc/startup_samd21.o
 .debug_macro   0x0001ad2a      0x71b src/main.o
 .debug_macro   0x0001b445       0x22 src/main.o
 .debug_macro   0x0001b467       0x57 src/main.o
 .debug_macro   0x0001b4be       0x52 src/main.o
 .debug_macro   0x0001b510       0x22 src/main.o
 .debug_macro   0x0001b532       0x4c src/main.o
 .debug_macro   0x0001b57e      0x6f8 src/sam_ba_monitor.o
 .debug_macro   0x0001bc76      0x6df src/usart_sam_ba.o

.debug_line     0x00000000    0x106f7
 .debug_line    0x00000000      0xa48 src/ASF/common/services/sleepmgr/samd/sleepmgr.o
 .debug_line    0x00000a48     0x111b src/ASF/common/services/usb/class/cdc/device/udi_cdc.o
 .debug_line    0x00001b63      0xa11 src/ASF/common/services/usb/class/cdc/device/udi_cdc_desc.o
 .debug_line    0x00002574      0xc48 src/ASF/common/services/usb/udc/udc.o
 .debug_line    0x000031bc      0x8b9 src/ASF/common/utils/interrupt/interrupt_sam_nvic.o
 .debug_line    0x00003a75      0x9c1 src/ASF/sam0/drivers/extint/extint_callback.o
 .debug_line    0x00004436      0xc21 src/ASF/sam0/drivers/extint/extint_sam_d_r_h/extint.o
 .debug_line    0x00005057      0xba5 src/ASF/sam0/drivers/sercom/sercom.o
 .debug_line    0x00005bfc      0xb3d src/ASF/sam0/drivers/sercom/sercom_interrupt.o
 .debug_line    0x00006739      0xcfb src/ASF/sam0/drivers/sercom/usart/usart.o
 .debug_line    0x00007434      0xcbe src/ASF/sam0/drivers/sercom/usart/usart_interrupt.o
 .debug_line    0x000080f2      0xc83 src/ASF/sam0/drivers/system/clock/clock_samd21_r21_da_ha1/clock.o
 .debug_line    0x00008d75      0xc67 src/ASF/sam0/drivers/system/clock/clock_samd21_r21_da_ha1/gclk.o
 .debug_line    0x000099dc      0x938 src/ASF/sam0/drivers/system/pinmux/pinmux.o
 .debug_line    0x0000a314      0x9e2 src/ASF/sam0/drivers/system/system.o
 .debug_line    0x0000acf6     0x134e src/ASF/sam0/drivers/usb/stack_interface/usb_device_udd.o
 .debug_line    0x0000c044     0x1094 src/ASF/sam0/drivers/usb/usb_sam_d_r/usb.o
 .debug_line    0x0000d0d8      0x63d src/ASF/sam0/utils/cmsis/samd21/source/gcc/startup_samd21.o
 .debug_line    0x0000d715      0xf42 src/main.o
 .debug_line    0x0000e657      0xfb8 src/sam_ba_monitor.o
 .debug_line    0x0000f60f     0x10e8 src/usart_sam_ba.o

.debug_str      0x00000000    0x8edb4
 .debug_str     0x00000000    0x7cbc9 src/ASF/common/services/sleepmgr/samd/sleepmgr.o
                              0x7d495 (size before relaxing)
 .debug_str     0x0007cbc9     0x829a src/ASF/common/services/usb/class/cdc/device/udi_cdc.o
                              0x85593 (size before relaxing)
 .debug_str     0x00084e63      0x4fa src/ASF/common/services/usb/class/cdc/device/udi_cdc_desc.o
                              0x84c5c (size before relaxing)
 .debug_str     0x0008535d      0x7c1 src/ASF/common/services/usb/udc/udc.o
                              0x83c5c (size before relaxing)
 .debug_str     0x00085b1e       0x65 src/ASF/common/utils/interrupt/interrupt_sam_nvic.o
                              0x7d2e1 (size before relaxing)
 .debug_str     0x00085b83      0x7cc src/ASF/sam0/drivers/extint/extint_callback.o
                              0x7db24 (size before relaxing)
 .debug_str     0x0008634f      0xf5a src/ASF/sam0/drivers/extint/extint_sam_d_r_h/extint.o
                              0x7eaac (size before relaxing)
 .debug_str     0x000872a9      0xd3d src/ASF/sam0/drivers/sercom/sercom.o
                              0x7e830 (size before relaxing)
 .debug_str     0x00087fe6      0x1c7 src/ASF/sam0/drivers/sercom/sercom_interrupt.o
                              0x7e633 (size before relaxing)
 .debug_str     0x000881ad      0xc58 src/ASF/sam0/drivers/sercom/usart/usart.o
                              0x7f615 (size before relaxing)
 .debug_str     0x00088e05      0x1da src/ASF/sam0/drivers/sercom/usart/usart_interrupt.o
                              0x7e85b (size before relaxing)
 .debug_str     0x00088fdf     0x280b src/ASF/sam0/drivers/system/clock/clock_samd21_r21_da_ha1/clock.o
                              0x804ec (size before relaxing)
 .debug_str     0x0008b7ea      0x1d9 src/ASF/sam0/drivers/system/clock/clock_samd21_r21_da_ha1/gclk.o
                              0x7dfa4 (size before relaxing)
 .debug_str     0x0008b9c3      0x33b src/ASF/sam0/drivers/system/pinmux/pinmux.o
                              0x7d783 (size before relaxing)
 .debug_str     0x0008bcfe       0x47 src/ASF/sam0/drivers/system/system.o
                              0x7d3be (size before relaxing)
 .debug_str     0x0008bd45     0x185c src/ASF/sam0/drivers/usb/stack_interface/usb_device_udd.o
                              0x85dc1 (size before relaxing)
 .debug_str     0x0008d5a1      0x85a src/ASF/sam0/drivers/usb/usb_sam_d_r/usb.o
                              0x7fd58 (size before relaxing)
 .debug_str     0x0008ddfb      0x8df src/ASF/sam0/utils/cmsis/samd21/source/gcc/startup_samd21.o
                              0x68365 (size before relaxing)
 .debug_str     0x0008e6da      0x3de src/main.o
                              0x86ebe (size before relaxing)
 .debug_str     0x0008eab8       0xda src/sam_ba_monitor.o
                              0x85a31 (size before relaxing)
 .debug_str     0x0008eb92      0x222 src/usart_sam_ba.o
                              0x8831d (size before relaxing)

.debug_loc      0x00000000     0x92d3
 .debug_loc     0x00000000     0x1224 src/ASF/common/services/usb/class/cdc/device/udi_cdc.o
 .debug_loc     0x00001224      0x4d6 src/ASF/common/services/usb/udc/udc.o
 .debug_loc     0x000016fa      0x2ac src/ASF/sam0/drivers/extint/extint_callback.o
 .debug_loc     0x000019a6      0x43d src/ASF/sam0/drivers/extint/extint_sam_d_r_h/extint.o
 .debug_loc     0x00001de3      0x93e src/ASF/sam0/drivers/sercom/sercom.o
 .debug_loc     0x00002721      0x165 src/ASF/sam0/drivers/sercom/sercom_interrupt.o
 .debug_loc     0x00002886      0xd40 src/ASF/sam0/drivers/sercom/usart/usart.o
 .debug_loc     0x000035c6      0x711 src/ASF/sam0/drivers/sercom/usart/usart_interrupt.o
 .debug_loc     0x00003cd7      0xf49 src/ASF/sam0/drivers/system/clock/clock_samd21_r21_da_ha1/clock.o
 .debug_loc     0x00004c20      0x504 src/ASF/sam0/drivers/system/clock/clock_samd21_r21_da_ha1/gclk.o
 .debug_loc     0x00005124      0x36d src/ASF/sam0/drivers/system/pinmux/pinmux.o
 .debug_loc     0x00005491       0x20 src/ASF/sam0/drivers/system/system.o
 .debug_loc     0x000054b1     0x1300 src/ASF/sam0/drivers/usb/stack_interface/usb_device_udd.o
 .debug_loc     0x000067b1     0x1b24 src/ASF/sam0/drivers/usb/usb_sam_d_r/usb.o
 .debug_loc     0x000082d5       0x40 src/ASF/sam0/utils/cmsis/samd21/source/gcc/startup_samd21.o
 .debug_loc     0x00008315       0x8d src/main.o
 .debug_loc     0x000083a2      0x214 src/sam_ba_monitor.o
 .debug_loc     0x000085b6      0xd1d src/usart_sam_ba.o

.debug_ranges   0x00000000      0xb40
 .debug_ranges  0x00000000      0x1c8 src/ASF/common/services/usb/class/cdc/device/udi_cdc.o
 .debug_ranges  0x000001c8       0xc8 src/ASF/common/services/usb/udc/udc.o
 .debug_ranges  0x00000290       0x18 src/ASF/common/utils/interrupt/interrupt_sam_nvic.o
 .debug_ranges  0x000002a8       0x90 src/ASF/sam0/drivers/extint/extint_callback.o
 .debug_ranges  0x00000338       0x40 src/ASF/sam0/drivers/extint/extint_sam_d_r_h/extint.o
 .debug_ranges  0x00000378       0x58 src/ASF/sam0/drivers/sercom/sercom.o
 .debug_ranges  0x000003d0       0x40 src/ASF/sam0/drivers/sercom/sercom_interrupt.o
 .debug_ranges  0x00000410      0x140 src/ASF/sam0/drivers/sercom/usart/usart.o
 .debug_ranges  0x00000550       0x60 src/ASF/sam0/drivers/sercom/usart/usart_interrupt.o
 .debug_ranges  0x000005b0       0x68 src/ASF/sam0/drivers/system/clock/clock_samd21_r21_da_ha1/clock.o
 .debug_ranges  0x00000618       0x88 src/ASF/sam0/drivers/system/clock/clock_samd21_r21_da_ha1/gclk.o
 .debug_ranges  0x000006a0       0x30 src/ASF/sam0/drivers/system/pinmux/pinmux.o
 .debug_ranges  0x000006d0       0x18 src/ASF/sam0/drivers/system/system.o
 .debug_ranges  0x000006e8      0x1a8 src/ASF/sam0/drivers/usb/stack_interface/usb_device_udd.o
 .debug_ranges  0x00000890      0x190 src/ASF/sam0/drivers/usb/usb_sam_d_r/usb.o
 .debug_ranges  0x00000a20       0x18 src/ASF/sam0/utils/cmsis/samd21/source/gcc/startup_samd21.o
 .debug_ranges  0x00000a38       0x50 src/main.o
 .debug_ranges  0x00000a88       0x28 src/sam_ba_monitor.o
 .debug_ranges  0x00000ab0       0x90 src/usart_sam_ba.o

.debug_frame    0x00000000     0x18b4
 .debug_frame   0x00000000      0x480 src/ASF/common/services/usb/class/cdc/device/udi_cdc.o
 .debug_frame   0x00000480      0x138 src/ASF/common/services/usb/udc/udc.o
 .debug_frame   0x000005b8       0x30 src/ASF/common/utils/interrupt/interrupt_sam_nvic.o
 .debug_frame   0x000005e8       0x7c src/ASF/sam0/drivers/extint/extint_callback.o
 .debug_frame   0x00000664       0xb8 src/ASF/sam0/drivers/extint/extint_sam_d_r_h/extint.o
 .debug_frame   0x0000071c       0xbc src/ASF/sam0/drivers/sercom/sercom.o
 .debug_frame   0x000007d8       0xb8 src/ASF/sam0/drivers/sercom/sercom_interrupt.o
 .debug_frame   0x00000890       0xac src/ASF/sam0/drivers/sercom/usart/usart.o
 .debug_frame   0x0000093c      0x110 src/ASF/sam0/drivers/sercom/usart/usart_interrupt.o
 .debug_frame   0x00000a4c      0x150 src/ASF/sam0/drivers/system/clock/clock_samd21_r21_da_ha1/clock.o
 .debug_frame   0x00000b9c      0x148 src/ASF/sam0/drivers/system/clock/clock_samd21_r21_da_ha1/gclk.o
 .debug_frame   0x00000ce4       0x98 src/ASF/sam0/drivers/system/pinmux/pinmux.o
 .debug_frame   0x00000d7c       0x38 src/ASF/sam0/drivers/system/system.o
 .debug_frame   0x00000db4      0x35c src/ASF/sam0/drivers/usb/stack_interface/usb_device_udd.o
 .debug_frame   0x00001110      0x3b8 src/ASF/sam0/drivers/usb/usb_sam_d_r/usb.o
 .debug_frame   0x000014c8       0x40 src/ASF/sam0/utils/cmsis/samd21/source/gcc/startup_samd21.o
 .debug_frame   0x00001508       0xac src/main.o
 .debug_frame   0x000015b4       0x7c src/sam_ba_monitor.o
 .debug_frame   0x00001630      0x19c src/usart_sam_ba.o
 .debug_frame   0x000017cc       0x20 c:/program files (x86)/atmel/studio/7.0/toolchain/arm/arm-gnu-toolchain/bin/../lib/gcc/arm-none-eabi/6.3.1/thumb/v6-m\libgcc.a(_udivsi3.o)
 .debug_frame   0x000017ec       0x20 c:/program files (x86)/atmel/studio/7.0/toolchain/arm/arm-gnu-toolchain/bin/../lib/gcc/arm-none-eabi/6.3.1/thumb/v6-m\libgcc.a(_divsi3.o)
 .debug_frame   0x0000180c       0x34 c:/program files (x86)/atmel/studio/7.0/toolchain/arm/arm-gnu-toolchain/bin/../lib/gcc/arm-none-eabi/6.3.1/thumb/v6-m\libgcc.a(_muldi3.o)
 .debug_frame   0x00001840       0x2c c:/program files (x86)/atmel/studio/7.0/toolchain/arm/arm-gnu-toolchain/bin/../lib/gcc/arm-none-eabi/6.3.1/../../../../arm-none-eabi/lib/thumb/v6-m\libc_nano.a(lib_a-init.o)
 .debug_frame   0x0000186c       0x28 c:/program files (x86)/atmel/studio/7.0/toolchain/arm/arm-gnu-toolchain/bin/../lib/gcc/arm-none-eabi/6.3.1/../../../../arm-none-eabi/lib/thumb/v6-m\libc_nano.a(lib_a-memcpy-stub.o)
 .debug_frame   0x00001894       0x20 c:/program files (x86)/atmel/studio/7.0/toolchain/arm/arm-gnu-toolchain/bin/../lib/gcc/arm-none-eabi/6.3.1/../../../../arm-none-eabi/lib/thumb/v6-m\libc_nano.a(lib_a-memset.o)
