Archive member included to satisfy reference by file (symbol)

c:/program files (x86)/atmel/studio/7.0/toolchain/arm/arm-gnu-toolchain/bin/../lib/gcc/arm-none-eabi/6.3.1/thumb/v6-m\libgcc.a(_udivsi3.o)
                              src/ASF/common2/services/delay/sam0/systick_counter.o (__aeabi_uidiv)
c:/program files (x86)/atmel/studio/7.0/toolchain/arm/arm-gnu-toolchain/bin/../lib/gcc/arm-none-eabi/6.3.1/thumb/v6-m\libgcc.a(_dvmd_tls.o)
                              c:/program files (x86)/atmel/studio/7.0/toolchain/arm/arm-gnu-toolchain/bin/../lib/gcc/arm-none-eabi/6.3.1/thumb/v6-m\libgcc.a(_udivsi3.o) (__aeabi_idiv0)
c:/program files (x86)/atmel/studio/7.0/toolchain/arm/arm-gnu-toolchain/bin/../lib/gcc/arm-none-eabi/6.3.1/thumb/v6-m\libgcc.a(_muldi3.o)
                              src/ASF/sam0/drivers/sercom/sercom.o (__aeabi_lmul)
c:/program files (x86)/atmel/studio/7.0/toolchain/arm/arm-gnu-toolchain/bin/../lib/gcc/arm-none-eabi/6.3.1/../../../../arm-none-eabi/lib/thumb/v6-m\libc_nano.a(lib_a-exit.o)
                              c:/program files (x86)/atmel/studio/7.0/toolchain/arm/arm-gnu-toolchain/bin/../lib/gcc/arm-none-eabi/6.3.1/../../../../arm-none-eabi/lib/thumb/v6-m/crt0.o (exit)
c:/program files (x86)/atmel/studio/7.0/toolchain/arm/arm-gnu-toolchain/bin/../lib/gcc/arm-none-eabi/6.3.1/../../../../arm-none-eabi/lib/thumb/v6-m\libc_nano.a(lib_a-impure.o)
                              c:/program files (x86)/atmel/studio/7.0/toolchain/arm/arm-gnu-toolchain/bin/../lib/gcc/arm-none-eabi/6.3.1/../../../../arm-none-eabi/lib/thumb/v6-m\libc_nano.a(lib_a-exit.o) (_global_impure_ptr)
c:/program files (x86)/atmel/studio/7.0/toolchain/arm/arm-gnu-toolchain/bin/../lib/gcc/arm-none-eabi/6.3.1/../../../../arm-none-eabi/lib/thumb/v6-m\libc_nano.a(lib_a-init.o)
                              c:/program files (x86)/atmel/studio/7.0/toolchain/arm/arm-gnu-toolchain/bin/../lib/gcc/arm-none-eabi/6.3.1/../../../../arm-none-eabi/lib/thumb/v6-m/crt0.o (__libc_init_array)
c:/program files (x86)/atmel/studio/7.0/toolchain/arm/arm-gnu-toolchain/bin/../lib/gcc/arm-none-eabi/6.3.1/../../../../arm-none-eabi/lib/thumb/v6-m\libc_nano.a(lib_a-memset.o)
                              c:/program files (x86)/atmel/studio/7.0/toolchain/arm/arm-gnu-toolchain/bin/../lib/gcc/arm-none-eabi/6.3.1/../../../../arm-none-eabi/lib/thumb/v6-m/crt0.o (memset)
c:/program files (x86)/atmel/studio/7.0/toolchain/arm/arm-gnu-toolchain/bin/../lib/gcc/arm-none-eabi/6.3.1/../../../../arm-none-eabi/lib/thumb/v6-m\libc_nano.a(lib_a-puts.o)
                              src/main.o (puts)
c:/program files (x86)/atmel/studio/7.0/toolchain/arm/arm-gnu-toolchain/bin/../lib/gcc/arm-none-eabi/6.3.1/../../../../arm-none-eabi/lib/thumb/v6-m\libc_nano.a(lib_a-setbuf.o)
                              src/main.o (setbuf)
c:/program files (x86)/atmel/studio/7.0/toolchain/arm/arm-gnu-toolchain/bin/../lib/gcc/arm-none-eabi/6.3.1/../../../../arm-none-eabi/lib/thumb/v6-m\libc_nano.a(lib_a-setvbuf.o)
                              c:/program files (x86)/atmel/studio/7.0/toolchain/arm/arm-gnu-toolchain/bin/../lib/gcc/arm-none-eabi/6.3.1/../../../../arm-none-eabi/lib/thumb/v6-m\libc_nano.a(lib_a-setbuf.o) (setvbuf)
c:/program files (x86)/atmel/studio/7.0/toolchain/arm/arm-gnu-toolchain/bin/../lib/gcc/arm-none-eabi/6.3.1/../../../../arm-none-eabi/lib/thumb/v6-m\libc_nano.a(lib_a-wbuf.o)
                              c:/program files (x86)/atmel/studio/7.0/toolchain/arm/arm-gnu-toolchain/bin/../lib/gcc/arm-none-eabi/6.3.1/../../../../arm-none-eabi/lib/thumb/v6-m\libc_nano.a(lib_a-puts.o) (__swbuf_r)
c:/program files (x86)/atmel/studio/7.0/toolchain/arm/arm-gnu-toolchain/bin/../lib/gcc/arm-none-eabi/6.3.1/../../../../arm-none-eabi/lib/thumb/v6-m\libc_nano.a(lib_a-wsetup.o)
                              c:/program files (x86)/atmel/studio/7.0/toolchain/arm/arm-gnu-toolchain/bin/../lib/gcc/arm-none-eabi/6.3.1/../../../../arm-none-eabi/lib/thumb/v6-m\libc_nano.a(lib_a-puts.o) (__swsetup_r)
c:/program files (x86)/atmel/studio/7.0/toolchain/arm/arm-gnu-toolchain/bin/../lib/gcc/arm-none-eabi/6.3.1/../../../../arm-none-eabi/lib/thumb/v6-m\libc_nano.a(lib_a-fflush.o)
                              c:/program files (x86)/atmel/studio/7.0/toolchain/arm/arm-gnu-toolchain/bin/../lib/gcc/arm-none-eabi/6.3.1/../../../../arm-none-eabi/lib/thumb/v6-m\libc_nano.a(lib_a-setvbuf.o) (_fflush_r)
c:/program files (x86)/atmel/studio/7.0/toolchain/arm/arm-gnu-toolchain/bin/../lib/gcc/arm-none-eabi/6.3.1/../../../../arm-none-eabi/lib/thumb/v6-m\libc_nano.a(lib_a-findfp.o)
                              c:/program files (x86)/atmel/studio/7.0/toolchain/arm/arm-gnu-toolchain/bin/../lib/gcc/arm-none-eabi/6.3.1/../../../../arm-none-eabi/lib/thumb/v6-m\libc_nano.a(lib_a-puts.o) (__sinit)
c:/program files (x86)/atmel/studio/7.0/toolchain/arm/arm-gnu-toolchain/bin/../lib/gcc/arm-none-eabi/6.3.1/../../../../arm-none-eabi/lib/thumb/v6-m\libc_nano.a(lib_a-fwalk.o)
[...]
Memory Configuration

Name             Origin             Length             Attributes
rom              0x00000000         0x00040000         xr
ram              0x20000000         0x00008000         xrw
*default*        0x00000000         0xffffffff

Linker script and memory map

LOAD c:/program files (x86)/atmel/studio/7.0/toolchain/arm/arm-gnu-toolchain/bin/../lib/gcc/arm-none-eabi/6.3.1/thumb/v6-m/crti.o
LOAD c:/program files (x86)/atmel/studio/7.0/toolchain/arm/arm-gnu-toolchain/bin/../lib/gcc/arm-none-eabi/6.3.1/thumb/v6-m/crtbegin.o
LOAD c:/program files (x86)/atmel/studio/7.0/toolchain/arm/arm-gnu-toolchain/bin/../lib/gcc/arm-none-eabi/6.3.1/../../../../arm-none-eabi/lib/thumb/v6-m/crt0.o
LOAD src/ASF/common2/services/delay/sam0/systick_counter.o
LOAD src/ASF/common/utils/interrupt/interrupt_sam_nvic.o
LOAD src/ASF/sam0/boards/samd21_xplained_pro/board_init.o
LOAD src/ASF/sam0/drivers/extint/extint_callback.o
LOAD src/ASF/sam0/drivers/extint/extint_sam_d_r_h/extint.o
LOAD src/ASF/sam0/drivers/port/port.o
LOAD src/ASF/sam0/drivers/sercom/sercom.o
LOAD src/ASF/sam0/drivers/sercom/sercom_interrupt.o
LOAD src/ASF/sam0/drivers/sercom/usart/usart.o
LOAD src/ASF/sam0/drivers/sercom/usart/usart_interrupt.o
LOAD src/ASF/sam0/drivers/system/clock/clock_samd21_r21_da_ha1/clock.o
LOAD src/ASF/sam0/drivers/system/clock/clock_samd21_r21_da_ha1/gclk.o
LOAD src/ASF/sam0/drivers/system/interrupt/system_interrupt.o
LOAD src/ASF/sam0/drivers/system/pinmux/pinmux.o
LOAD src/ASF/sam0/drivers/system/system.o
LOAD src/ASF/sam0/drivers/tc/tc_interrupt.o
LOAD src/ASF/sam0/drivers/tc/tc_sam_d_r_h/tc.o
LOAD src/ASF/sam0/utils/cmsis/samd21/source/gcc/startup_samd21.o
LOAD src/ASF/sam0/utils/cmsis/samd21/source/system_samd21.o
LOAD src/ASF/sam0/utils/stdio/read.o
LOAD src/ASF/sam0/utils/stdio/write.o
LOAD src/ASF/sam0/utils/syscalls/gcc/syscalls.o
LOAD src/main.o
START GROUP
LOAD ../src/ASF/thirdparty/CMSIS/Lib/GCC\libarm_cortexM0l_math.a
LOAD c:/program files (x86)/atmel/studio/7.0/toolchain/arm/arm-gnu-toolchain/bin/../lib/gcc/arm-none-eabi/6.3.1/../../../../arm-none-eabi/lib/thumb/v6-m\libm.a
END GROUP
START GROUP
LOAD c:/program files (x86)/atmel/studio/7.0/toolchain/arm/arm-gnu-toolchain/bin/../lib/gcc/arm-none-eabi/6.3.1/thumb/v6-m\libgcc.a
LOAD c:/program files (x86)/atmel/studio/7.0/toolchain/arm/arm-gnu-toolchain/bin/../lib/gcc/arm-none-eabi/6.3.1/../../../../arm-none-eabi/lib/thumb/v6-m\libc_nano.a
END GROUP
START GROUP
LOAD c:/program files (x86)/atmel/studio/7.0/toolchain/arm/arm-gnu-toolchain/bin/../lib/gcc/arm-none-eabi/6.3.1/thumb/v6-m\libgcc.a
LOAD c:/program files (x86)/atmel/studio/7.0/toolchain/arm/arm-gnu-toolchain/bin/../lib/gcc/arm-none-eabi/6.3.1/../../../../arm-none-eabi/lib/thumb/v6-m\libc_nano.a
END GROUP
LOAD c:/program files (x86)/atmel/studio/7.0/toolchain/arm/arm-gnu-toolchain/bin/../lib/gcc/arm-none-eabi/6.3.1/thumb/v6-m/crtend.o
LOAD c:/program files (x86)/atmel/studio/7.0/toolchain/arm/arm-gnu-toolchain/bin/../lib/gcc/arm-none-eabi/6.3.1/thumb/v6-m/crtn.o
                0x00002000                STACK_SIZE = DEFINED (STACK_SIZE)?STACK_SIZE:DEFINED (__stack_size__)?__stack_size__:0x2000

.text           0x00000000     0x29fc
                0x00000000                . = ALIGN (0x4)
                0x00000000                _sfixed = .
 *(.vectors .vectors.*)
 .vectors       0x00000000       0xb4 src/ASF/sam0/utils/cmsis/samd21/source/gcc/startup_samd21.o
                0x00000000                exception_table
 *(.text .text.* .gnu.linkonce.t.*)
 .text          0x000000b4       0x60 c:/program files (x86)/atmel/studio/7.0/toolchain/arm/arm-gnu-toolchain/bin/../lib/gcc/arm-none-eabi/6.3.1/thumb/v6-m/crtbegin.o
 .text.delay_init
                0x00000114       0x40 src/ASF/common2/services/delay/sam0/systick_counter.o
                0x00000114                delay_init
 .text.delay_cycles_ms
                0x00000154       0x2c src/ASF/common2/services/delay/sam0/systick_counter.o
                0x00000154                delay_cycles_ms
 .text.cpu_irq_enter_critical
                0x00000180       0x40 src/ASF/common/utils/interrupt/interrupt_sam_nvic.o
                0x00000180                cpu_irq_enter_critical
 .text.cpu_irq_leave_critical
                0x000001c0       0x30 src/ASF/common/utils/interrupt/interrupt_sam_nvic.o
                0x000001c0                cpu_irq_leave_critical
 .text.system_board_init
                0x000001f0       0x38 src/ASF/sam0/boards/samd21_xplained_pro/board_init.o
                0x000001f0                board_init
                0x000001f0                system_board_init
 .text.extint_register_callback
                0x00000228       0x2c src/ASF/sam0/drivers/extint/extint_callback.o
                0x00000228                extint_register_callback
 .text.extint_chan_enable_callback
                0x00000254       0x20 src/ASF/sam0/drivers/extint/extint_callback.o
                0x00000254                extint_chan_enable_callback
 .text.EIC_Handler
                0x00000274       0x54 src/ASF/sam0/drivers/extint/extint_callback.o
                0x00000274                EIC_Handler
 .text._extint_enable
                0x000002c8       0x18 src/ASF/sam0/drivers/extint/extint_sam_d_r_h/extint.o
 .text._system_extint_init
                0x000002e0       0x6c src/ASF/sam0/drivers/extint/extint_sam_d_r_h/extint.o
                0x000002e0                _system_extint_init
 .text.extint_chan_get_config_defaults
                0x0000034c       0x14 src/ASF/sam0/drivers/extint/extint_sam_d_r_h/extint.o
                0x0000034c                extint_chan_get_config_defaults
 .text.extint_chan_set_config
                0x00000360       0x78 src/ASF/sam0/drivers/extint/extint_sam_d_r_h/extint.o
                0x00000360                extint_chan_set_config
 .text.port_pin_set_config
                0x000003d8       0x24 src/ASF/sam0/drivers/port/port.o
                0x000003d8                port_pin_set_config
 .text.long_division
                0x000003fc       0xba src/ASF/sam0/drivers/sercom/sercom.o
 .text._sercom_get_sync_baud_val
                0x000004b6       0x28 src/ASF/sam0/drivers/sercom/sercom.o
                0x000004b6                _sercom_get_sync_baud_val
 *fill*         0x000004de        0x2 
 .text._sercom_get_async_baud_val
                0x000004e0       0x94 src/ASF/sam0/drivers/sercom/sercom.o
                0x000004e0                _sercom_get_async_baud_val
 .text.sercom_set_gclk_generator
                0x00000574       0x4c src/ASF/sam0/drivers/sercom/sercom.o
                0x00000574                sercom_set_gclk_generator
 .text._sercom_get_default_pad
                0x000005c0      0x178 src/ASF/sam0/drivers/sercom/sercom.o
                0x000005c0                _sercom_get_default_pad
 .text._sercom_get_sercom_inst_index
                0x00000738       0x38 src/ASF/sam0/drivers/sercom/sercom.o
                0x00000738                _sercom_get_sercom_inst_index
 .text._sercom_default_handler
                0x00000770        0x2 src/ASF/sam0/drivers/sercom/sercom_interrupt.o
 *fill*         0x00000772        0x2 
 .text._sercom_set_handler
                0x00000774       0x3c src/ASF/sam0/drivers/sercom/sercom_interrupt.o
                0x00000774                _sercom_set_handler
 .text._sercom_get_interrupt_vector
                0x000007b0       0x30 src/ASF/sam0/drivers/sercom/sercom_interrupt.o
                0x000007b0                _sercom_get_interrupt_vector
 .text.SERCOM0_Handler
                0x000007e0       0x10 src/ASF/sam0/drivers/sercom/sercom_interrupt.o
                0x000007e0                SERCOM0_Handler
 .text.SERCOM1_Handler
                0x000007f0       0x10 src/ASF/sam0/drivers/sercom/sercom_interrupt.o
                0x000007f0                SERCOM1_Handler
 .text.SERCOM2_Handler
                0x00000800       0x10 src/ASF/sam0/drivers/sercom/sercom_interrupt.o
                0x00000800                SERCOM2_Handler
 .text.SERCOM3_Handler
                0x00000810       0x10 src/ASF/sam0/drivers/sercom/sercom_interrupt.o
                0x00000810                SERCOM3_Handler
 .text.SERCOM4_Handler
                0x00000820       0x10 src/ASF/sam0/drivers/sercom/sercom_interrupt.o
                0x00000820                SERCOM4_Handler
 .text.SERCOM5_Handler
                0x00000830       0x10 src/ASF/sam0/drivers/sercom/sercom_interrupt.o
                0x00000830                SERCOM5_Handler
 .text.usart_init
                0x00000840      0x33c src/ASF/sam0/drivers/sercom/usart/usart.o
                0x00000840                usart_init
 .text.usart_write_wait
                0x00000b7c       0x26 src/ASF/sam0/drivers/sercom/usart/usart.o
                0x00000b7c                usart_write_wait
 .text.usart_read_wait
                0x00000ba2       0x6a src/ASF/sam0/drivers/sercom/usart/usart.o
                0x00000ba2                usart_read_wait
 .text._usart_interrupt_handler
                0x00000c0c      0x194 src/ASF/sam0/drivers/sercom/usart/usart_interrupt.o
                0x00000c0c                _usart_interrupt_handler
 .text.system_clock_source_get_hz
                0x00000da0       0x94 src/ASF/sam0/drivers/system/clock/clock_samd21_r21_da_ha1/clock.o
                0x00000da0                system_clock_source_get_hz
 .text.system_clock_source_osc8m_set_config
                0x00000e34       0x3c src/ASF/sam0/drivers/system/clock/clock_samd21_r21_da_ha1/clock.o
                0x00000e34                system_clock_source_osc8m_set_config
 .text.system_clock_source_enable
                0x00000e70       0xa8 src/ASF/sam0/drivers/system/clock/clock_samd21_r21_da_ha1/clock.o
                0x00000e70                system_clock_source_enable
 .text.system_clock_init
                0x00000f18       0x98 src/ASF/sam0/drivers/system/clock/clock_samd21_r21_da_ha1/clock.o
                0x00000f18                system_clock_init
 .text.system_gclk_init
                0x00000fb0       0x24 src/ASF/sam0/drivers/system/clock/clock_samd21_r21_da_ha1/gclk.o
                0x00000fb0                system_gclk_init
 .text.system_gclk_gen_set_config
                0x00000fd4       0xb8 src/ASF/sam0/drivers/system/clock/clock_samd21_r21_da_ha1/gclk.o
                0x00000fd4                system_gclk_gen_set_config
 .text.system_gclk_gen_enable
                0x0000108c       0x44 src/ASF/sam0/drivers/system/clock/clock_samd21_r21_da_ha1/gclk.o
                0x0000108c                system_gclk_gen_enable
 .text.system_gclk_gen_get_hz
                0x000010d0       0x8c src/ASF/sam0/drivers/system/clock/clock_samd21_r21_da_ha1/gclk.o
                0x000010d0                system_gclk_gen_get_hz
 .text.system_gclk_chan_enable
                0x0000115c       0x30 src/ASF/sam0/drivers/system/clock/clock_samd21_r21_da_ha1/gclk.o
                0x0000115c                system_gclk_chan_enable
 .text.system_gclk_chan_disable
                0x0000118c       0x5c src/ASF/sam0/drivers/system/clock/clock_samd21_r21_da_ha1/gclk.o
                0x0000118c                system_gclk_chan_disable
 .text.system_gclk_chan_set_config
                0x000011e8       0x1c src/ASF/sam0/drivers/system/clock/clock_samd21_r21_da_ha1/gclk.o
                0x000011e8                system_gclk_chan_set_config
 .text.system_gclk_chan_get_hz
                0x00001204       0x34 src/ASF/sam0/drivers/system/clock/clock_samd21_r21_da_ha1/gclk.o
                0x00001204                system_gclk_chan_get_hz
 .text._system_pinmux_config
                0x00001238       0xa8 src/ASF/sam0/drivers/system/pinmux/pinmux.o
 .text.system_pinmux_pin_set_config
                0x000012e0       0x30 src/ASF/sam0/drivers/system/pinmux/pinmux.o
                0x000012e0                system_pinmux_pin_set_config
 .text._system_dummy_init
                0x00001310        0x2 src/ASF/sam0/drivers/system/system.o
                0x00001310                _system_events_init
                0x00001310                _system_dummy_init
                0x00001310                _system_divas_init
 *fill*         0x00001312        0x2 
 .text.system_init
                0x00001314       0x2c src/ASF/sam0/drivers/system/system.o
                0x00001314                system_init
 .text.tc_register_callback
                0x00001340       0x32 src/ASF/sam0/drivers/tc/tc_interrupt.o
                0x00001340                tc_register_callback
 *fill*         0x00001372        0x2 
 .text._tc_interrupt_handler
                0x00001374       0x64 src/ASF/sam0/drivers/tc/tc_interrupt.o
                0x00001374                _tc_interrupt_handler
 .text.TC3_Handler
                0x000013d8       0x10 src/ASF/sam0/drivers/tc/tc_interrupt.o
                0x000013d8                TC3_Handler
 .text.TC4_Handler
                0x000013e8       0x10 src/ASF/sam0/drivers/tc/tc_interrupt.o
                0x000013e8                TC4_Handler
 .text.TC5_Handler
                0x000013f8       0x10 src/ASF/sam0/drivers/tc/tc_interrupt.o
                0x000013f8                TC5_Handler
 .text.TC6_Handler
                0x00001408       0x10 src/ASF/sam0/drivers/tc/tc_interrupt.o
                0x00001408                TC6_Handler
 .text.TC7_Handler
                0x00001418       0x10 src/ASF/sam0/drivers/tc/tc_interrupt.o
                0x00001418                TC7_Handler
 .text._tc_get_inst_index
                0x00001428       0x3c src/ASF/sam0/drivers/tc/tc_sam_d_r_h/tc.o
                0x00001428                _tc_get_inst_index
 .text.tc_init  0x00001464      0x240 src/ASF/sam0/drivers/tc/tc_sam_d_r_h/tc.o
                0x00001464                tc_init
 .text.tc_set_count_value
                0x000016a4       0x32 src/ASF/sam0/drivers/tc/tc_sam_d_r_h/tc.o
                0x000016a4                tc_set_count_value
 .text.Dummy_Handler
                0x000016d6        0x2 src/ASF/sam0/utils/cmsis/samd21/source/gcc/startup_samd21.o
                0x000016d6                DMAC_Handler
                0x000016d6                HardFault_Handler
                0x000016d6                AC_Handler
                0x000016d6                SysTick_Handler
                0x000016d6                PendSV_Handler
                0x000016d6                NMI_Handler
                0x000016d6                ADC_Handler
                0x000016d6                TCC1_Handler
                0x000016d6                TCC0_Handler
                0x000016d6                RTC_Handler
                0x000016d6                WDT_Handler
                0x000016d6                USB_Handler
                0x000016d6                Dummy_Handler
                0x000016d6                PM_Handler
                0x000016d6                SVC_Handler
                0x000016d6                TCC2_Handler
                0x000016d6                EVSYS_Handler
                0x000016d6                I2S_Handler
                0x000016d6                NVMCTRL_Handler
                0x000016d6                DAC_Handler
                0x000016d6                PTC_Handler
                0x000016d6                SYSCTRL_Handler
 .text.Reset_Handler
                0x000016d8       0xe4 src/ASF/sam0/utils/cmsis/samd21/source/gcc/startup_samd21.o
                0x000016d8                Reset_Handler
 .text._read    0x000017bc       0x44 src/ASF/sam0/utils/stdio/read.o
                0x000017bc                _read
 .text._write   0x00001800       0x50 src/ASF/sam0/utils/stdio/write.o
                0x00001800                _write
 .text._sbrk    0x00001850       0x24 src/ASF/sam0/utils/syscalls/gcc/syscalls.o
                0x00001850                _sbrk
 .text._close   0x00001874        0x6 src/ASF/sam0/utils/syscalls/gcc/syscalls.o
                0x00001874                _close
 .text._fstat   0x0000187a        0xa src/ASF/sam0/utils/syscalls/gcc/syscalls.o
                0x0000187a                _fstat
 .text._isatty  0x00001884        0x4 src/ASF/sam0/utils/syscalls/gcc/syscalls.o
                0x00001884                _isatty
 .text._lseek   0x00001888        0x4 src/ASF/sam0/utils/syscalls/gcc/syscalls.o
                0x00001888                _lseek
 .text.extint_callback
                0x0000188c       0x24 src/main.o
 .text.usart_serial_getchar
                0x000018b0       0x2c src/main.o
 .text.usart_serial_putchar
                0x000018dc       0x18 src/main.o
 .text.tc_callback_to_counter
                0x000018f4       0x44 src/main.o
 .text.main     0x00001938      0x254 src/main.o
                0x00001938                main
 .text          0x00001b8c      0x114 c:/program files (x86)/atmel/studio/7.0/toolchain/arm/arm-gnu-toolchain/bin/../lib/gcc/arm-none-eabi/6.3.1/thumb/v6-m\libgcc.a(_udivsi3.o)
                0x00001b8c                __aeabi_uidiv
                0x00001b8c                __udivsi3
                0x00001c98                __aeabi_uidivmod
 .text          0x00001ca0        0x4 c:/program files (x86)/atmel/studio/7.0/toolchain/arm/arm-gnu-toolchain/bin/../lib/gcc/arm-none-eabi/6.3.1/thumb/v6-m\libgcc.a(_dvmd_tls.o)
                0x00001ca0                __aeabi_idiv0
                0x00001ca0                __aeabi_ldiv0
 .text          0x00001ca4       0x54 c:/program files (x86)/atmel/studio/7.0/toolchain/arm/arm-gnu-toolchain/bin/../lib/gcc/arm-none-eabi/6.3.1/thumb/v6-m\libgcc.a(_muldi3.o)
                0x00001ca4                __muldi3
                0x00001ca4                __aeabi_lmul
 .text.__libc_init_array
                0x00001cf8       0x48 c:/program files (x86)/atmel/studio/7.0/toolchain/arm/arm-gnu-toolchain/bin/../lib/gcc/arm-none-eabi/6.3.1/../../../../arm-none-eabi/lib/thumb/v6-m\libc_nano.a(lib_a-init.o)
                0x00001cf8                __libc_init_array
 .text.memset   0x00001d40       0x10 c:/program files (x86)/atmel/studio/7.0/toolchain/arm/arm-gnu-toolchain/bin/../lib/gcc/arm-none-eabi/6.3.1/../../../../arm-none-eabi/lib/thumb/v6-m\libc_nano.a(lib_a-memset.o)
                0x00001d40                memset
 .text._puts_r  0x00001d50       0xc0 c:/program files (x86)/atmel/studio/7.0/toolchain/arm/arm-gnu-toolchain/bin/../lib/gcc/arm-none-eabi/6.3.1/../../../../arm-none-eabi/lib/thumb/v6-m\libc_nano.a(lib_a-puts.o)
                0x00001d50                _puts_r
 .text.puts     0x00001e10       0x14 c:/program files (x86)/atmel/studio/7.0/toolchain/arm/arm-gnu-toolchain/bin/../lib/gcc/arm-none-eabi/6.3.1/../../../../arm-none-eabi/lib/thumb/v6-m\libc_nano.a(lib_a-puts.o)
                0x00001e10                puts
 .text.setbuf   0x00001e24       0x12 c:/program files (x86)/atmel/studio/7.0/toolchain/arm/arm-gnu-toolchain/bin/../lib/gcc/arm-none-eabi/6.3.1/../../../../arm-none-eabi/lib/thumb/v6-m\libc_nano.a(lib_a-setbuf.o)
                0x00001e24                setbuf
 *fill*         0x00001e36        0x2 
 .text.setvbuf  0x00001e38      0x158 c:/program files (x86)/atmel/studio/7.0/toolchain/arm/arm-gnu-toolchain/bin/../lib/gcc/arm-none-eabi/6.3.1/../../../../arm-none-eabi/lib/thumb/v6-m\libc_nano.a(lib_a-setvbuf.o)
                0x00001e38                setvbuf
 .text.__swbuf_r
                0x00001f90       0xac c:/program files (x86)/atmel/studio/7.0/toolchain/arm/arm-gnu-toolchain/bin/../lib/gcc/arm-none-eabi/6.3.1/../../../../arm-none-eabi/lib/thumb/v6-m\libc_nano.a(lib_a-wbuf.o)
                0x00001f90                __swbuf_r
 .text.__swsetup_r
                0x0000203c       0xec c:/program files (x86)/atmel/studio/7.0/toolchain/arm/arm-gnu-toolchain/bin/../lib/gcc/arm-none-eabi/6.3.1/../../../../arm-none-eabi/lib/thumb/v6-m\libc_nano.a(lib_a-wsetup.o)
                0x0000203c                __swsetup_r
 .text.__sflush_r
                0x00002128      0x114 c:/program files (x86)/atmel/studio/7.0/toolchain/arm/arm-gnu-toolchain/bin/../lib/gcc/arm-none-eabi/6.3.1/../../../../arm-none-eabi/lib/thumb/v6-m\libc_nano.a(lib_a-fflush.o)
                0x00002128                __sflush_r
 .text._fflush_r
                0x0000223c       0x58 c:/program files (x86)/atmel/studio/7.0/toolchain/arm/arm-gnu-toolchain/bin/../lib/gcc/arm-none-eabi/6.3.1/../../../../arm-none-eabi/lib/thumb/v6-m\libc_nano.a(lib_a-fflush.o)
                0x0000223c                _fflush_r
 .text._cleanup_r
                0x00002294       0x10 c:/program files (x86)/atmel/studio/7.0/toolchain/arm/arm-gnu-toolchain/bin/../lib/gcc/arm-none-eabi/6.3.1/../../../../arm-none-eabi/lib/thumb/v6-m\libc_nano.a(lib_a-findfp.o)
                0x00002294                _cleanup_r
 .text.std.isra.0
                0x000022a4       0x48 c:/program files (x86)/atmel/studio/7.0/toolchain/arm/arm-gnu-toolchain/bin/../lib/gcc/arm-none-eabi/6.3.1/../../../../arm-none-eabi/lib/thumb/v6-m\libc_nano.a(lib_a-findfp.o)
 .text.__sfmoreglue
                0x000022ec       0x2c c:/program files (x86)/atmel/studio/7.0/toolchain/arm/arm-gnu-toolchain/bin/../lib/gcc/arm-none-eabi/6.3.1/../../../../arm-none-eabi/lib/thumb/v6-m\libc_nano.a(lib_a-findfp.o)
                0x000022ec                __sfmoreglue
 .text.__sinit  0x00002318       0x68 c:/program files (x86)/atmel/studio/7.0/toolchain/arm/arm-gnu-toolchain/bin/../lib/gcc/arm-none-eabi/6.3.1/../../../../arm-none-eabi/lib/thumb/v6-m\libc_nano.a(lib_a-findfp.o)
                0x00002318                __sinit
 .text.__sfp    0x00002380       0x80 c:/program files (x86)/atmel/studio/7.0/toolchain/arm/arm-gnu-toolchain/bin/../lib/gcc/arm-none-eabi/6.3.1/../../../../arm-none-eabi/lib/thumb/v6-m\libc_nano.a(lib_a-findfp.o)
                0x00002380                __sfp
 .text._fwalk_reent
                0x00002400       0x42 c:/program files (x86)/atmel/studio/7.0/toolchain/arm/arm-gnu-toolchain/bin/../lib/gcc/arm-none-eabi/6.3.1/../../../../arm-none-eabi/lib/thumb/v6-m\libc_nano.a(lib_a-fwalk.o)
                0x00002400                _fwalk_reent
 *fill*         0x00002442        0x2 
 .text.__swhatbuf_r
                0x00002444       0x50 c:/program files (x86)/atmel/studio/7.0/toolchain/arm/arm-gnu-toolchain/bin/../lib/gcc/arm-none-eabi/6.3.1/../../../../arm-none-eabi/lib/thumb/v6-m\libc_nano.a(lib_a-makebuf.o)
                0x00002444                __swhatbuf_r
 .text.__smakebuf_r
                0x00002494       0x88 c:/program files (x86)/atmel/studio/7.0/toolchain/arm/arm-gnu-toolchain/bin/../lib/gcc/arm-none-eabi/6.3.1/../../../../arm-none-eabi/lib/thumb/v6-m\libc_nano.a(lib_a-makebuf.o)
                0x00002494                __smakebuf_r
 .text.malloc   0x0000251c       0x14 c:/program files (x86)/atmel/studio/7.0/toolchain/arm/arm-gnu-toolchain/bin/../lib/gcc/arm-none-eabi/6.3.1/../../../../arm-none-eabi/lib/thumb/v6-m\libc_nano.a(lib_a-malloc.o)
                0x0000251c                malloc
 .text._free_r  0x00002530       0x94 c:/program files (x86)/atmel/studio/7.0/toolchain/arm/arm-gnu-toolchain/bin/../lib/gcc/arm-none-eabi/6.3.1/../../../../arm-none-eabi/lib/thumb/v6-m\libc_nano.a(lib_a-nano-freer.o)
                0x00002530                _free_r
 .text._malloc_r
                0x000025c4       0xbc c:/program files (x86)/atmel/studio/7.0/toolchain/arm/arm-gnu-toolchain/bin/../lib/gcc/arm-none-eabi/6.3.1/../../../../arm-none-eabi/lib/thumb/v6-m\libc_nano.a(lib_a-nano-mallocr.o)
                0x000025c4                _malloc_r
 .text._sbrk_r  0x00002680       0x24 c:/program files (x86)/atmel/studio/7.0/toolchain/arm/arm-gnu-toolchain/bin/../lib/gcc/arm-none-eabi/6.3.1/../../../../arm-none-eabi/lib/thumb/v6-m\libc_nano.a(lib_a-sbrkr.o)
                0x00002680                _sbrk_r
 .text.__sread  0x000026a4       0x28 c:/program files (x86)/atmel/studio/7.0/toolchain/arm/arm-gnu-toolchain/bin/../lib/gcc/arm-none-eabi/6.3.1/../../../../arm-none-eabi/lib/thumb/v6-m\libc_nano.a(lib_a-stdio.o)
                0x000026a4                __sread
 .text.__swrite
                0x000026cc       0x38 c:/program files (x86)/atmel/studio/7.0/toolchain/arm/arm-gnu-toolchain/bin/../lib/gcc/arm-none-eabi/6.3.1/../../../../arm-none-eabi/lib/thumb/v6-m\libc_nano.a(lib_a-stdio.o)
                0x000026cc                __swrite
 .text.__sseek  0x00002704       0x2c c:/program files (x86)/atmel/studio/7.0/toolchain/arm/arm-gnu-toolchain/bin/../lib/gcc/arm-none-eabi/6.3.1/../../../../arm-none-eabi/lib/thumb/v6-m\libc_nano.a(lib_a-stdio.o)
                0x00002704                __sseek
 .text.__sclose
                0x00002730        0xc c:/program files (x86)/atmel/studio/7.0/toolchain/arm/arm-gnu-toolchain/bin/../lib/gcc/arm-none-eabi/6.3.1/../../../../arm-none-eabi/lib/thumb/v6-m\libc_nano.a(lib_a-stdio.o)
                0x00002730                __sclose
 .text._write_r
                0x0000273c       0x28 c:/program files (x86)/atmel/studio/7.0/toolchain/arm/arm-gnu-toolchain/bin/../lib/gcc/arm-none-eabi/6.3.1/../../../../arm-none-eabi/lib/thumb/v6-m\libc_nano.a(lib_a-writer.o)
                0x0000273c                _write_r
 .text._close_r
                0x00002764       0x24 c:/program files (x86)/atmel/studio/7.0/toolchain/arm/arm-gnu-toolchain/bin/../lib/gcc/arm-none-eabi/6.3.1/../../../../arm-none-eabi/lib/thumb/v6-m\libc_nano.a(lib_a-closer.o)
                0x00002764                _close_r
 .text._fstat_r
                0x00002788       0x24 c:/program files (x86)/atmel/studio/7.0/toolchain/arm/arm-gnu-toolchain/bin/../lib/gcc/arm-none-eabi/6.3.1/../../../../arm-none-eabi/lib/thumb/v6-m\libc_nano.a(lib_a-fstatr.o)
                0x00002788                _fstat_r
 .text._isatty_r
                0x000027ac       0x24 c:/program files (x86)/atmel/studio/7.0/toolchain/arm/arm-gnu-toolchain/bin/../lib/gcc/arm-none-eabi/6.3.1/../../../../arm-none-eabi/lib/thumb/v6-m\libc_nano.a(lib_a-isattyr.o)
                0x000027ac                _isatty_r
 .text._lseek_r
                0x000027d0       0x28 c:/program files (x86)/atmel/studio/7.0/toolchain/arm/arm-gnu-toolchain/bin/../lib/gcc/arm-none-eabi/6.3.1/../../../../arm-none-eabi/lib/thumb/v6-m\libc_nano.a(lib_a-lseekr.o)
                0x000027d0                _lseek_r
 .text.__malloc_lock
                0x000027f8        0x2 c:/program files (x86)/atmel/studio/7.0/toolchain/arm/arm-gnu-toolchain/bin/../lib/gcc/arm-none-eabi/6.3.1/../../../../arm-none-eabi/lib/thumb/v6-m\libc_nano.a(lib_a-mlock.o)
                0x000027f8                __malloc_lock
 .text.__malloc_unlock
                0x000027fa        0x2 c:/program files (x86)/atmel/studio/7.0/toolchain/arm/arm-gnu-toolchain/bin/../lib/gcc/arm-none-eabi/6.3.1/../../../../arm-none-eabi/lib/thumb/v6-m\libc_nano.a(lib_a-mlock.o)
                0x000027fa                __malloc_unlock
 .text._read_r  0x000027fc       0x28 c:/program files (x86)/atmel/studio/7.0/toolchain/arm/arm-gnu-toolchain/bin/../lib/gcc/arm-none-eabi/6.3.1/../../../../arm-none-eabi/lib/thumb/v6-m\libc_nano.a(lib_a-readr.o)
                0x000027fc                _read_r
 *(.glue_7t)
 .glue_7t       0x00002824        0x0 linker stubs
 *(.glue_7)
 .glue_7        0x00002824        0x0 linker stubs
 *(.rodata .rodata* .gnu.linkonce.r.*)
 .rodata        0x00002824       0x18 src/ASF/sam0/drivers/sercom/sercom.o
 .rodata.system_clock_source_get_hz
                0x0000283c       0x24 src/ASF/sam0/drivers/system/clock/clock_samd21_r21_da_ha1/clock.o
 .rodata.system_clock_source_enable
                0x00002860       0x24 src/ASF/sam0/drivers/system/clock/clock_samd21_r21_da_ha1/clock.o
 .rodata        0x00002884       0x1e src/ASF/sam0/drivers/tc/tc_sam_d_r_h/tc.o
 *fill*         0x000028a2        0x2 
 .rodata.main.str1.4
                0x000028a4       0xa3 src/main.o
 *fill*         0x00002947        0x1 
 .rodata.tc_callback_to_counter.str1.4
                0x00002948       0x28 src/main.o
                                 0x27 (size before relaxing)
 .rodata.tc_interrupt_vectors.12814
                0x00002970        0x5 src/main.o
 *fill*         0x00002975        0x3 
 .rodata._global_impure_ptr
                0x00002978        0x4 c:/program files (x86)/atmel/studio/7.0/toolchain/arm/arm-gnu-toolchain/bin/../lib/gcc/arm-none-eabi/6.3.1/../../../../arm-none-eabi/lib/thumb/v6-m\libc_nano.a(lib_a-impure.o)
                0x00002978                _global_impure_ptr
 .rodata.__sf_fake_stderr
                0x0000297c       0x20 c:/program files (x86)/atmel/studio/7.0/toolchain/arm/arm-gnu-toolchain/bin/../lib/gcc/arm-none-eabi/6.3.1/../../../../arm-none-eabi/lib/thumb/v6-m\libc_nano.a(lib_a-findfp.o)
                0x0000297c                __sf_fake_stderr
 .rodata.__sf_fake_stdin
                0x0000299c       0x20 c:/program files (x86)/atmel/studio/7.0/toolchain/arm/arm-gnu-toolchain/bin/../lib/gcc/arm-none-eabi/6.3.1/../../../../arm-none-eabi/lib/thumb/v6-m\libc_nano.a(lib_a-findfp.o)
                0x0000299c                __sf_fake_stdin
 .rodata.__sf_fake_stdout
                0x000029bc       0x20 c:/program files (x86)/atmel/studio/7.0/toolchain/arm/arm-gnu-toolchain/bin/../lib/gcc/arm-none-eabi/6.3.1/../../../../arm-none-eabi/lib/thumb/v6-m\libc_nano.a(lib_a-findfp.o)
                0x000029bc                __sf_fake_stdout
 *(.ARM.extab* .gnu.linkonce.armextab.*)
                0x000029dc                . = ALIGN (0x4)
 *(.init)
 .init          0x000029dc        0x4 c:/program files (x86)/atmel/studio/7.0/toolchain/arm/arm-gnu-toolchain/bin/../lib/gcc/arm-none-eabi/6.3.1/thumb/v6-m/crti.o
                0x000029dc                _init
 .init          0x000029e0        0x8 c:/program files (x86)/atmel/studio/7.0/toolchain/arm/arm-gnu-toolchain/bin/../lib/gcc/arm-none-eabi/6.3.1/thumb/v6-m/crtn.o
                0x000029e8                . = ALIGN (0x4)
                0x000029e8                __preinit_array_start = .
 *(.preinit_array)
                0x000029e8                __preinit_array_end = .
                0x000029e8                . = ALIGN (0x4)
                0x000029e8                __init_array_start = .
 *(SORT(.init_array.*))
 *(.init_array)
 .init_array    0x000029e8        0x4 c:/program files (x86)/atmel/studio/7.0/toolchain/arm/arm-gnu-toolchain/bin/../lib/gcc/arm-none-eabi/6.3.1/thumb/v6-m/crtbegin.o
                0x000029ec                __init_array_end = .
                0x000029ec                . = ALIGN (0x4)
 *crtbegin.o(.ctors)
 *(EXCLUDE_FILE(*crtend.o) .ctors)
 *(SORT(.ctors.*))
 *crtend.o(.ctors)
                0x000029ec                . = ALIGN (0x4)
 *(.fini)
 .fini          0x000029ec        0x4 c:/program files (x86)/atmel/studio/7.0/toolchain/arm/arm-gnu-toolchain/bin/../lib/gcc/arm-none-eabi/6.3.1/thumb/v6-m/crti.o
                0x000029ec                _fini
 .fini          0x000029f0        0x8 c:/program files (x86)/atmel/studio/7.0/toolchain/arm/arm-gnu-toolchain/bin/../lib/gcc/arm-none-eabi/6.3.1/thumb/v6-m/crtn.o
                0x000029f8                . = ALIGN (0x4)
                0x000029f8                __fini_array_start = .
 *(.fini_array)
 .fini_array    0x000029f8        0x4 c:/program files (x86)/atmel/studio/7.0/toolchain/arm/arm-gnu-toolchain/bin/../lib/gcc/arm-none-eabi/6.3.1/thumb/v6-m/crtbegin.o
 *(SORT(.fini_array.*))
                0x000029fc                __fini_array_end = .
 *crtbegin.o(.dtors)
 *(EXCLUDE_FILE(*crtend.o) .dtors)
 *(SORT(.dtors.*))
 *crtend.o(.dtors)
                0x000029fc                . = ALIGN (0x4)
                0x000029fc                _efixed = .
                [!provide]                PROVIDE (__exidx_start, .)

.vfp11_veneer   0x000029fc        0x0
 .vfp11_veneer  0x000029fc        0x0 linker stubs

.v4_bx          0x000029fc        0x0
 .v4_bx         0x000029fc        0x0 linker stubs

.iplt           0x000029fc        0x0
 .iplt          0x000029fc        0x0 c:/program files (x86)/atmel/studio/7.0/toolchain/arm/arm-gnu-toolchain/bin/../lib/gcc/arm-none-eabi/6.3.1/thumb/v6-m/crtbegin.o

.eh_frame       0x000029fc        0x0
 .eh_frame      0x000029fc        0x0 c:/program files (x86)/atmel/studio/7.0/toolchain/arm/arm-gnu-toolchain/bin/../lib/gcc/arm-none-eabi/6.3.1/thumb/v6-m/crtbegin.o

.rel.dyn        0x000029fc        0x0
 .rel.iplt      0x000029fc        0x0 c:/program files (x86)/atmel/studio/7.0/toolchain/arm/arm-gnu-toolchain/bin/../lib/gcc/arm-none-eabi/6.3.1/thumb/v6-m/crtbegin.o

.jcr            0x000029fc        0x0
 .jcr           0x000029fc        0x0 c:/program files (x86)/atmel/studio/7.0/toolchain/arm/arm-gnu-toolchain/bin/../lib/gcc/arm-none-eabi/6.3.1/thumb/v6-m/crtbegin.o

.igot.plt       0x000029fc        0x0
 .igot.plt      0x000029fc        0x0 c:/program files (x86)/atmel/studio/7.0/toolchain/arm/arm-gnu-toolchain/bin/../lib/gcc/arm-none-eabi/6.3.1/thumb/v6-m/crtbegin.o

.ARM.exidx
 *(.ARM.exidx* .gnu.linkonce.armexidx.*)
                [!provide]                PROVIDE (__exidx_end, .)
                0x000029fc                . = ALIGN (0x4)
                0x000029fc                _etext = .

.relocate       0x20000000       0x70 load address 0x000029fc
                0x20000000                . = ALIGN (0x4)
                0x20000000                _srelocate = .
 *(.ramfunc .ramfunc.*)
 *(.data .data.*)
 .data.cycles_per_ms
                0x20000000        0x4 src/ASF/common2/services/delay/sam0/systick_counter.o
 .data.cycles_per_us
                0x20000004        0x4 src/ASF/common2/services/delay/sam0/systick_counter.o
 .data.g_interrupt_enabled
                0x20000008        0x1 src/ASF/common/utils/interrupt/interrupt_sam_nvic.o
                0x20000008                g_interrupt_enabled
 *fill*         0x20000009        0x3 
 .data._impure_ptr
                0x2000000c        0x4 c:/program files (x86)/atmel/studio/7.0/toolchain/arm/arm-gnu-toolchain/bin/../lib/gcc/arm-none-eabi/6.3.1/../../../../arm-none-eabi/lib/thumb/v6-m\libc_nano.a(lib_a-impure.o)
                0x2000000c                _impure_ptr
 .data.impure_data
                0x20000010       0x60 c:/program files (x86)/atmel/studio/7.0/toolchain/arm/arm-gnu-toolchain/bin/../lib/gcc/arm-none-eabi/6.3.1/../../../../arm-none-eabi/lib/thumb/v6-m\libc_nano.a(lib_a-impure.o)
                0x20000070                . = ALIGN (0x4)
                0x20000070                _erelocate = .

.bss            0x20000070      0x138 load address 0x00002a6c
                0x20000070                . = ALIGN (0x4)
                0x20000070                _sbss = .
                0x20000070                _szero = .
 *(.bss .bss.*)
 .bss           0x20000070       0x1c c:/program files (x86)/atmel/studio/7.0/toolchain/arm/arm-gnu-toolchain/bin/../lib/gcc/arm-none-eabi/6.3.1/thumb/v6-m/crtbegin.o
 .bss.cpu_irq_critical_section_counter
                0x2000008c        0x4 src/ASF/common/utils/interrupt/interrupt_sam_nvic.o
 .bss.cpu_irq_prev_interrupt_state
                0x20000090        0x1 src/ASF/common/utils/interrupt/interrupt_sam_nvic.o
 *fill*         0x20000091        0x3 
 .bss._sercom_config
                0x20000094        0x2 src/ASF/sam0/drivers/sercom/sercom.o
 .bss._handler_table_initialized
                0x20000096        0x1 src/ASF/sam0/drivers/sercom/sercom_interrupt.o
 *fill*         0x20000097        0x1 
 .bss._sercom_interrupt_handlers
                0x20000098       0x18 src/ASF/sam0/drivers/sercom/sercom_interrupt.o
 .bss._system_clock_inst
                0x200000b0       0x18 src/ASF/sam0/drivers/system/clock/clock_samd21_r21_da_ha1/clock.o
 .bss.heap.5296
                0x200000c8        0x4 src/ASF/sam0/utils/syscalls/gcc/syscalls.o
 .bss.cdc_uart_module
                0x200000cc       0x34 src/main.o
 .bss.count.12853
                0x20000100        0x4 src/main.o
 .bss.tc_instance
                0x20000104       0x1c src/main.o
 .bss.__malloc_free_list
                0x20000120        0x4 c:/program files (x86)/atmel/studio/7.0/toolchain/arm/arm-gnu-toolchain/bin/../lib/gcc/arm-none-eabi/6.3.1/../../../../arm-none-eabi/lib/thumb/v6-m\libc_nano.a(lib_a-nano-mallocr.o)
                0x20000120                __malloc_free_list
 .bss.__malloc_sbrk_start
                0x20000124        0x4 c:/program files (x86)/atmel/studio/7.0/toolchain/arm/arm-gnu-toolchain/bin/../lib/gcc/arm-none-eabi/6.3.1/../../../../arm-none-eabi/lib/thumb/v6-m\libc_nano.a(lib_a-nano-mallocr.o)
                0x20000124                __malloc_sbrk_start
 *(COMMON)
 COMMON         0x20000128        0x1 src/ASF/sam0/drivers/extint/extint_callback.o
                0x20000128                _current_channel
 *fill*         0x20000129        0x3 
 COMMON         0x2000012c       0x40 src/ASF/sam0/drivers/extint/extint_sam_d_r_h/extint.o
                0x2000012c                _extint_dev
 COMMON         0x2000016c       0x18 src/ASF/sam0/drivers/sercom/sercom_interrupt.o
                0x2000016c                _sercom_instances
 COMMON         0x20000184       0x14 src/ASF/sam0/drivers/tc/tc_interrupt.o
                0x20000184                _tc_instances
 COMMON         0x20000198        0x4 src/ASF/sam0/utils/stdio/read.o
                0x20000198                ptr_get
 COMMON         0x2000019c        0x8 src/ASF/sam0/utils/stdio/write.o
                0x2000019c                ptr_put
                0x200001a0                stdio_base
 COMMON         0x200001a4        0x4 c:/program files (x86)/atmel/studio/7.0/toolchain/arm/arm-gnu-toolchain/bin/../lib/gcc/arm-none-eabi/6.3.1/../../../../arm-none-eabi/lib/thumb/v6-m\libc_nano.a(lib_a-reent.o)
                0x200001a4                errno
                0x200001a8                . = ALIGN (0x4)
                0x200001a8                _ebss = .
                0x200001a8                _ezero = .

.stack          0x200001a8     0x2000 load address 0x00002ba4
                0x200001a8                . = ALIGN (0x8)
                0x200001a8                _sstack = .
                0x200021a8                . = (. + STACK_SIZE)
 *fill*         0x200001a8     0x2000 
                0x200021a8                . = ALIGN (0x8)
                0x200021a8                _estack = .
                0x200021a8                . = ALIGN (0x4)
                0x200021a8                _end = .
OUTPUT(GETTING-STARTED1.elf elf32-littlearm)

.ARM.attributes
                0x00000000       0x28
 .ARM.attributes
                0x00000000       0x1e c:/program files (x86)/atmel/studio/7.0/toolchain/arm/arm-gnu-toolchain/bin/../lib/gcc/arm-none-eabi/6.3.1/thumb/v6-m/crti.o
 .ARM.attributes
                0x0000001e       0x2c c:/program files (x86)/atmel/studio/7.0/toolchain/arm/arm-gnu-toolchain/bin/../lib/gcc/arm-none-eabi/6.3.1/thumb/v6-m/crtbegin.o
 .ARM.attributes
                0x0000004a       0x32 src/ASF/common2/services/delay/sam0/systick_counter.o
 .ARM.attributes
                0x0000007c       0x32 src/ASF/common/utils/interrupt/interrupt_sam_nvic.o
 .ARM.attributes
                0x000000ae       0x32 src/ASF/sam0/boards/samd21_xplained_pro/board_init.o
 .ARM.attributes
                0x000000e0       0x32 src/ASF/sam0/drivers/extint/extint_callback.o
 .ARM.attributes
                0x00000112       0x32 src/ASF/sam0/drivers/extint/extint_sam_d_r_h/extint.o
 .ARM.attributes
                0x00000144       0x32 src/ASF/sam0/drivers/port/port.o
 .ARM.attributes
                0x00000176       0x32 src/ASF/sam0/drivers/sercom/sercom.o
 .ARM.attributes
                0x000001a8       0x32 src/ASF/sam0/drivers/sercom/sercom_interrupt.o
 .ARM.attributes
                0x000001da       0x32 src/ASF/sam0/drivers/sercom/usart/usart.o
 .ARM.attributes
                0x0000020c       0x32 src/ASF/sam0/drivers/sercom/usart/usart_interrupt.o
 .ARM.attributes
                0x0000023e       0x32 src/ASF/sam0/drivers/system/clock/clock_samd21_r21_da_ha1/clock.o
 .ARM.attributes
                0x00000270       0x32 src/ASF/sam0/drivers/system/clock/clock_samd21_r21_da_ha1/gclk.o
 .ARM.attributes
                0x000002a2       0x32 src/ASF/sam0/drivers/system/pinmux/pinmux.o
 .ARM.attributes
                0x000002d4       0x32 src/ASF/sam0/drivers/system/system.o
 .ARM.attributes
                0x00000306       0x32 src/ASF/sam0/drivers/tc/tc_interrupt.o
 .ARM.attributes
                0x00000338       0x32 src/ASF/sam0/drivers/tc/tc_sam_d_r_h/tc.o
 .ARM.attributes
                0x0000036a       0x32 src/ASF/sam0/utils/cmsis/samd21/source/gcc/startup_samd21.o
 .ARM.attributes
                0x0000039c       0x32 src/ASF/sam0/utils/stdio/read.o
 .ARM.attributes
                0x000003ce       0x32 src/ASF/sam0/utils/stdio/write.o
 .ARM.attributes
                0x00000400       0x32 src/ASF/sam0/utils/syscalls/gcc/syscalls.o
 .ARM.attributes
                0x00000432       0x32 src/main.o
 .ARM.attributes
                0x00000464       0x1e c:/program files (x86)/atmel/studio/7.0/toolchain/arm/arm-gnu-toolchain/bin/../lib/gcc/arm-none-eabi/6.3.1/thumb/v6-m\libgcc.a(_udivsi3.o)
 .ARM.attributes
                0x00000482       0x1e c:/program files (x86)/atmel/studio/7.0/toolchain/arm/arm-gnu-toolchain/bin/../lib/gcc/arm-none-eabi/6.3.1/thumb/v6-m\libgcc.a(_dvmd_tls.o)
 .ARM.attributes
                0x000004a0       0x2c c:/program files (x86)/atmel/studio/7.0/toolchain/arm/arm-gnu-toolchain/bin/../lib/gcc/arm-none-eabi/6.3.1/thumb/v6-m\libgcc.a(_muldi3.o)
 .ARM.attributes
                0x000004cc       0x2c c:/program files (x86)/atmel/studio/7.0/toolchain/arm/arm-gnu-toolchain/bin/../lib/gcc/arm-none-eabi/6.3.1/../../../../arm-none-eabi/lib/thumb/v6-m\libc_nano.a(lib_a-impure.o)
 .ARM.attributes
                0x000004f8       0x2c c:/program files (x86)/atmel/studio/7.0/toolchain/arm/arm-gnu-toolchain/bin/../lib/gcc/arm-none-eabi/6.3.1/../../../../arm-none-eabi/lib/thumb/v6-m\libc_nano.a(lib_a-init.o)
 .ARM.attributes
                0x00000524       0x2c c:/program files (x86)/atmel/studio/7.0/toolchain/arm/arm-gnu-toolchain/bin/../lib/gcc/arm-none-eabi/6.3.1/../../../../arm-none-eabi/lib/thumb/v6-m\libc_nano.a(lib_a-memset.o)
 .ARM.attributes
                0x00000550       0x2c c:/program files (x86)/atmel/studio/7.0/toolchain/arm/arm-gnu-toolchain/bin/../lib/gcc/arm-none-eabi/6.3.1/../../../../arm-none-eabi/lib/thumb/v6-m\libc_nano.a(lib_a-puts.o)
 .ARM.attributes
                0x0000057c       0x2c c:/program files (x86)/atmel/studio/7.0/toolchain/arm/arm-gnu-toolchain/bin/../lib/gcc/arm-none-eabi/6.3.1/../../../../arm-none-eabi/lib/thumb/v6-m\libc_nano.a(lib_a-setbuf.o)
 .ARM.attributes
                0x000005a8       0x2c c:/program files (x86)/atmel/studio/7.0/toolchain/arm/arm-gnu-toolchain/bin/../lib/gcc/arm-none-eabi/6.3.1/../../../../arm-none-eabi/lib/thumb/v6-m\libc_nano.a(lib_a-setvbuf.o)
 .ARM.attributes
                0x000005d4       0x2c c:/program files (x86)/atmel/studio/7.0/toolchain/arm/arm-gnu-toolchain/bin/../lib/gcc/arm-none-eabi/6.3.1/../../../../arm-none-eabi/lib/thumb/v6-m\libc_nano.a(lib_a-wbuf.o)
 .ARM.attributes
                0x00000600       0x2c c:/program files (x86)/atmel/studio/7.0/toolchain/arm/arm-gnu-toolchain/bin/../lib/gcc/arm-none-eabi/6.3.1/../../../../arm-none-eabi/lib/thumb/v6-m\libc_nano.a(lib_a-wsetup.o)
 .ARM.attributes
                0x0000062c       0x2c c:/program files (x86)/atmel/studio/7.0/toolchain/arm/arm-gnu-toolchain/bin/../lib/gcc/arm-none-eabi/6.3.1/../../../../arm-none-eabi/lib/thumb/v6-m\libc_nano.a(lib_a-fflush.o)
 .ARM.attributes
                0x00000658       0x2c c:/program files (x86)/atmel/studio/7.0/toolchain/arm/arm-gnu-toolchain/bin/../lib/gcc/arm-none-eabi/6.3.1/../../../../arm-none-eabi/lib/thumb/v6-m\libc_nano.a(lib_a-findfp.o)
 .ARM.attributes
                0x00000684       0x2c c:/program files (x86)/atmel/studio/7.0/toolchain/arm/arm-gnu-toolchain/bin/../lib/gcc/arm-none-eabi/6.3.1/../../../../arm-none-eabi/lib/thumb/v6-m\libc_nano.a(lib_a-fwalk.o)
 .ARM.attributes
                0x000006b0       0x2c c:/program files (x86)/atmel/studio/7.0/toolchain/arm/arm-gnu-toolchain/bin/../lib/gcc/arm-none-eabi/6.3.1/../../../../arm-none-eabi/lib/thumb/v6-m\libc_nano.a(lib_a-makebuf.o)
 .ARM.attributes
                0x000006dc       0x2c c:/program files (x86)/atmel/studio/7.0/toolchain/arm/arm-gnu-toolchain/bin/../lib/gcc/arm-none-eabi/6.3.1/../../../../arm-none-eabi/lib/thumb/v6-m\libc_nano.a(lib_a-malloc.o)
 .ARM.attributes
                0x00000708       0x2c c:/program files (x86)/atmel/studio/7.0/toolchain/arm/arm-gnu-toolchain/bin/../lib/gcc/arm-none-eabi/6.3.1/../../../../arm-none-eabi/lib/thumb/v6-m\libc_nano.a(lib_a-nano-freer.o)
 .ARM.attributes
                0x00000734       0x2c c:/program files (x86)/atmel/studio/7.0/toolchain/arm/arm-gnu-toolchain/bin/../lib/gcc/arm-none-eabi/6.3.1/../../../../arm-none-eabi/lib/thumb/v6-m\libc_nano.a(lib_a-nano-mallocr.o)
 .ARM.attributes
                0x00000760       0x2c c:/program files (x86)/atmel/studio/7.0/toolchain/arm/arm-gnu-toolchain/bin/../lib/gcc/arm-none-eabi/6.3.1/../../../../arm-none-eabi/lib/thumb/v6-m\libc_nano.a(lib_a-sbrkr.o)
 .ARM.attributes
                0x0000078c       0x2c c:/program files (x86)/atmel/studio/7.0/toolchain/arm/arm-gnu-toolchain/bin/../lib/gcc/arm-none-eabi/6.3.1/../../../../arm-none-eabi/lib/thumb/v6-m\libc_nano.a(lib_a-stdio.o)
 .ARM.attributes
                0x000007b8       0x2c c:/program files (x86)/atmel/studio/7.0/toolchain/arm/arm-gnu-toolchain/bin/../lib/gcc/arm-none-eabi/6.3.1/../../../../arm-none-eabi/lib/thumb/v6-m\libc_nano.a(lib_a-writer.o)
 .ARM.attributes
                0x000007e4       0x2c c:/program files (x86)/atmel/studio/7.0/toolchain/arm/arm-gnu-toolchain/bin/../lib/gcc/arm-none-eabi/6.3.1/../../../../arm-none-eabi/lib/thumb/v6-m\libc_nano.a(lib_a-closer.o)
 .ARM.attributes
                0x00000810       0x2c c:/program files (x86)/atmel/studio/7.0/toolchain/arm/arm-gnu-toolchain/bin/../lib/gcc/arm-none-eabi/6.3.1/../../../../arm-none-eabi/lib/thumb/v6-m\libc_nano.a(lib_a-fstatr.o)
 .ARM.attributes
                0x0000083c       0x2c c:/program files (x86)/atmel/studio/7.0/toolchain/arm/arm-gnu-toolchain/bin/../lib/gcc/arm-none-eabi/6.3.1/../../../../arm-none-eabi/lib/thumb/v6-m\libc_nano.a(lib_a-isattyr.o)
 .ARM.attributes
                0x00000868       0x2c c:/program files (x86)/atmel/studio/7.0/toolchain/arm/arm-gnu-toolchain/bin/../lib/gcc/arm-none-eabi/6.3.1/../../../../arm-none-eabi/lib/thumb/v6-m\libc_nano.a(lib_a-lseekr.o)
 .ARM.attributes
                0x00000894       0x2c c:/program files (x86)/atmel/studio/7.0/toolchain/arm/arm-gnu-toolchain/bin/../lib/gcc/arm-none-eabi/6.3.1/../../../../arm-none-eabi/lib/thumb/v6-m\libc_nano.a(lib_a-mlock.o)
 .ARM.attributes
                0x000008c0       0x2c c:/program files (x86)/atmel/studio/7.0/toolchain/arm/arm-gnu-toolchain/bin/../lib/gcc/arm-none-eabi/6.3.1/../../../../arm-none-eabi/lib/thumb/v6-m\libc_nano.a(lib_a-readr.o)
 .ARM.attributes
                0x000008ec       0x2c c:/program files (x86)/atmel/studio/7.0/toolchain/arm/arm-gnu-toolchain/bin/../lib/gcc/arm-none-eabi/6.3.1/../../../../arm-none-eabi/lib/thumb/v6-m\libc_nano.a(lib_a-reent.o)
 .ARM.attributes
                0x00000918       0x1e c:/program files (x86)/atmel/studio/7.0/toolchain/arm/arm-gnu-toolchain/bin/../lib/gcc/arm-none-eabi/6.3.1/thumb/v6-m/crtn.o

.comment        0x00000000       0x59
 .comment       0x00000000       0x59 src/ASF/common2/services/delay/sam0/systick_counter.o
                                 0x5a (size before relaxing)
 .comment       0x00000059       0x5a src/ASF/common/utils/interrupt/interrupt_sam_nvic.o
 .comment       0x00000059       0x5a src/ASF/sam0/boards/samd21_xplained_pro/board_init.o
 .comment       0x00000059       0x5a src/ASF/sam0/drivers/extint/extint_callback.o
 .comment       0x00000059       0x5a src/ASF/sam0/drivers/extint/extint_sam_d_r_h/extint.o
 .comment       0x00000059       0x5a src/ASF/sam0/drivers/port/port.o
 .comment       0x00000059       0x5a src/ASF/sam0/drivers/sercom/sercom.o
 .comment       0x00000059       0x5a src/ASF/sam0/drivers/sercom/sercom_interrupt.o
 .comment       0x00000059       0x5a src/ASF/sam0/drivers/sercom/usart/usart.o
 .comment       0x00000059       0x5a src/ASF/sam0/drivers/sercom/usart/usart_interrupt.o
 .comment       0x00000059       0x5a src/ASF/sam0/drivers/system/clock/clock_samd21_r21_da_ha1/clock.o
 .comment       0x00000059       0x5a src/ASF/sam0/drivers/system/clock/clock_samd21_r21_da_ha1/gclk.o
 .comment       0x00000059       0x5a src/ASF/sam0/drivers/system/pinmux/pinmux.o
 .comment       0x00000059       0x5a src/ASF/sam0/drivers/system/system.o
 .comment       0x00000059       0x5a src/ASF/sam0/drivers/tc/tc_interrupt.o
 .comment       0x00000059       0x5a src/ASF/sam0/drivers/tc/tc_sam_d_r_h/tc.o
 .comment       0x00000059       0x5a src/ASF/sam0/utils/cmsis/samd21/source/gcc/startup_samd21.o
 .comment       0x00000059       0x5a src/ASF/sam0/utils/stdio/read.o
 .comment       0x00000059       0x5a src/ASF/sam0/utils/stdio/write.o
 .comment       0x00000059       0x5a src/ASF/sam0/utils/syscalls/gcc/syscalls.o
 .comment       0x00000059       0x5a src/main.o

.debug_info     0x00000000    0x2c770
 .debug_info    0x00000000      0xb8d src/ASF/common2/services/delay/sam0/systick_counter.o
 .debug_info    0x00000b8d      0xb05 src/ASF/common/utils/interrupt/interrupt_sam_nvic.o
 .debug_info    0x00001692     0x12ad src/ASF/sam0/boards/samd21_xplained_pro/board_init.o
 .debug_info    0x0000293f     0x19a7 src/ASF/sam0/drivers/extint/extint_callback.o
 .debug_info    0x000042e6     0x2b17 src/ASF/sam0/drivers/extint/extint_sam_d_r_h/extint.o
 .debug_info    0x00006dfd     0x12b6 src/ASF/sam0/drivers/port/port.o
 .debug_info    0x000080b3     0x2ddf src/ASF/sam0/drivers/sercom/sercom.o
 .debug_info    0x0000ae92     0x2be7 src/ASF/sam0/drivers/sercom/sercom_interrupt.o
 .debug_info    0x0000da79     0x499e src/ASF/sam0/drivers/sercom/usart/usart.o
 .debug_info    0x00012417     0x3048 src/ASF/sam0/drivers/sercom/usart/usart_interrupt.o
 .debug_info    0x0001545f     0x37aa src/ASF/sam0/drivers/system/clock/clock_samd21_r21_da_ha1/clock.o
 .debug_info    0x00018c09     0x1ec7 src/ASF/sam0/drivers/system/clock/clock_samd21_r21_da_ha1/gclk.o
 .debug_info    0x0001aad0     0x13f3 src/ASF/sam0/drivers/system/pinmux/pinmux.o
 .debug_info    0x0001bec3      0xa73 src/ASF/sam0/drivers/system/system.o
 .debug_info    0x0001c936     0x1bae src/ASF/sam0/drivers/tc/tc_interrupt.o
 .debug_info    0x0001e4e4     0x2f58 src/ASF/sam0/drivers/tc/tc_sam_d_r_h/tc.o
 .debug_info    0x0002143c     0x3a3f src/ASF/sam0/utils/cmsis/samd21/source/gcc/startup_samd21.o
 .debug_info    0x00024e7b      0xacf src/ASF/sam0/utils/stdio/read.o
 .debug_info    0x0002594a      0xacc src/ASF/sam0/utils/stdio/write.o
 .debug_info    0x00026416      0xd98 src/ASF/sam0/utils/syscalls/gcc/syscalls.o
 .debug_info    0x000271ae     0x55c2 src/main.o

.debug_abbrev   0x00000000     0x4361
 .debug_abbrev  0x00000000      0x24b src/ASF/common2/services/delay/sam0/systick_counter.o
 .debug_abbrev  0x0000024b      0x23b src/ASF/common/utils/interrupt/interrupt_sam_nvic.o
 .debug_abbrev  0x00000486      0x2dc src/ASF/sam0/boards/samd21_xplained_pro/board_init.o
 .debug_abbrev  0x00000762      0x333 src/ASF/sam0/drivers/extint/extint_callback.o
 .debug_abbrev  0x00000a95      0x4b4 src/ASF/sam0/drivers/extint/extint_sam_d_r_h/extint.o
 .debug_abbrev  0x00000f49      0x298 src/ASF/sam0/drivers/port/port.o
 .debug_abbrev  0x000011e1      0x378 src/ASF/sam0/drivers/sercom/sercom.o
 .debug_abbrev  0x00001559      0x2d8 src/ASF/sam0/drivers/sercom/sercom_interrupt.o
 .debug_abbrev  0x00001831      0x467 src/ASF/sam0/drivers/sercom/usart/usart.o
 .debug_abbrev  0x00001c98      0x416 src/ASF/sam0/drivers/sercom/usart/usart_interrupt.o
 .debug_abbrev  0x000020ae      0x465 src/ASF/sam0/drivers/system/clock/clock_samd21_r21_da_ha1/clock.o
 .debug_abbrev  0x00002513      0x40d src/ASF/sam0/drivers/system/clock/clock_samd21_r21_da_ha1/gclk.o
 .debug_abbrev  0x00002920      0x361 src/ASF/sam0/drivers/system/pinmux/pinmux.o
 .debug_abbrev  0x00002c81      0x1e1 src/ASF/sam0/drivers/system/system.o
 .debug_abbrev  0x00002e62      0x2ff src/ASF/sam0/drivers/tc/tc_interrupt.o
 .debug_abbrev  0x00003161      0x444 src/ASF/sam0/drivers/tc/tc_sam_d_r_h/tc.o
 .debug_abbrev  0x000035a5      0x234 src/ASF/sam0/utils/cmsis/samd21/source/gcc/startup_samd21.o
 .debug_abbrev  0x000037d9      0x218 src/ASF/sam0/utils/stdio/read.o
 .debug_abbrev  0x000039f1      0x203 src/ASF/sam0/utils/stdio/write.o
 .debug_abbrev  0x00003bf4      0x257 src/ASF/sam0/utils/syscalls/gcc/syscalls.o
 .debug_abbrev  0x00003e4b      0x516 src/main.o

.debug_loc      0x00000000     0x583e
 .debug_loc     0x00000000       0xe4 src/ASF/common2/services/delay/sam0/systick_counter.o
 .debug_loc     0x000000e4       0x8b src/ASF/sam0/boards/samd21_xplained_pro/board_init.o
 .debug_loc     0x0000016f      0x2ac src/ASF/sam0/drivers/extint/extint_callback.o
 .debug_loc     0x0000041b      0x43d src/ASF/sam0/drivers/extint/extint_sam_d_r_h/extint.o
 .debug_loc     0x00000858      0x13d src/ASF/sam0/drivers/port/port.o
 .debug_loc     0x00000995      0x9d5 src/ASF/sam0/drivers/sercom/sercom.o
 .debug_loc     0x0000136a      0x161 src/ASF/sam0/drivers/sercom/sercom_interrupt.o
 .debug_loc     0x000014cb      0xd40 src/ASF/sam0/drivers/sercom/usart/usart.o
 .debug_loc     0x0000220b      0x711 src/ASF/sam0/drivers/sercom/usart/usart_interrupt.o
 .debug_loc     0x0000291c      0xec7 src/ASF/sam0/drivers/system/clock/clock_samd21_r21_da_ha1/clock.o
 .debug_loc     0x000037e3      0x504 src/ASF/sam0/drivers/system/clock/clock_samd21_r21_da_ha1/gclk.o
 .debug_loc     0x00003ce7      0x36d src/ASF/sam0/drivers/system/pinmux/pinmux.o
 .debug_loc     0x00004054       0x20 src/ASF/sam0/drivers/system/system.o
 .debug_loc     0x00004074      0x1c8 src/ASF/sam0/drivers/tc/tc_interrupt.o
 .debug_loc     0x0000423c      0xdf1 src/ASF/sam0/drivers/tc/tc_sam_d_r_h/tc.o
 .debug_loc     0x0000502d       0x40 src/ASF/sam0/utils/cmsis/samd21/source/gcc/startup_samd21.o
 .debug_loc     0x0000506d       0xca src/ASF/sam0/utils/stdio/read.o
 .debug_loc     0x00005137      0x130 src/ASF/sam0/utils/stdio/write.o
 .debug_loc     0x00005267       0xef src/ASF/sam0/utils/syscalls/gcc/syscalls.o
 .debug_loc     0x00005356      0x4e8 src/main.o

.debug_aranges  0x00000000      0x5a8
 .debug_aranges
                0x00000000       0x30 src/ASF/common2/services/delay/sam0/systick_counter.o
 .debug_aranges
                0x00000030       0x28 src/ASF/common/utils/interrupt/interrupt_sam_nvic.o
 .debug_aranges
                0x00000058       0x20 src/ASF/sam0/boards/samd21_xplained_pro/board_init.o
 .debug_aranges
                0x00000078       0x48 src/ASF/sam0/drivers/extint/extint_callback.o
 .debug_aranges
                0x000000c0       0x50 src/ASF/sam0/drivers/extint/extint_sam_d_r_h/extint.o
 .debug_aranges
                0x00000110       0x28 src/ASF/sam0/drivers/port/port.o
 .debug_aranges
                0x00000138       0x48 src/ASF/sam0/drivers/sercom/sercom.o
 .debug_aranges
                0x00000180       0x60 src/ASF/sam0/drivers/sercom/sercom_interrupt.o
 .debug_aranges
                0x000001e0       0x40 src/ASF/sam0/drivers/sercom/usart/usart.o
 .debug_aranges
                0x00000220       0x70 src/ASF/sam0/drivers/sercom/usart/usart_interrupt.o
 .debug_aranges
                0x00000290       0x78 src/ASF/sam0/drivers/system/clock/clock_samd21_r21_da_ha1/clock.o
 .debug_aranges
                0x00000308       0x80 src/ASF/sam0/drivers/system/clock/clock_samd21_r21_da_ha1/gclk.o
 .debug_aranges
                0x00000388       0x40 src/ASF/sam0/drivers/system/pinmux/pinmux.o
 .debug_aranges
                0x000003c8       0x28 src/ASF/sam0/drivers/system/system.o
 .debug_aranges
                0x000003f0       0x58 src/ASF/sam0/drivers/tc/tc_interrupt.o
 .debug_aranges
                0x00000448       0x58 src/ASF/sam0/drivers/tc/tc_sam_d_r_h/tc.o
 .debug_aranges
                0x000004a0       0x28 src/ASF/sam0/utils/cmsis/samd21/source/gcc/startup_samd21.o
 .debug_aranges
                0x000004c8       0x20 src/ASF/sam0/utils/stdio/read.o
 .debug_aranges
                0x000004e8       0x20 src/ASF/sam0/utils/stdio/write.o
 .debug_aranges
                0x00000508       0x60 src/ASF/sam0/utils/syscalls/gcc/syscalls.o
 .debug_aranges
                0x00000568       0x40 src/main.o

.debug_ranges   0x00000000      0x6b8
 .debug_ranges  0x00000000       0x50 src/ASF/common2/services/delay/sam0/systick_counter.o
 .debug_ranges  0x00000050       0x18 src/ASF/common/utils/interrupt/interrupt_sam_nvic.o
 .debug_ranges  0x00000068       0x10 src/ASF/sam0/boards/samd21_xplained_pro/board_init.o
 .debug_ranges  0x00000078       0x90 src/ASF/sam0/drivers/extint/extint_callback.o
 .debug_ranges  0x00000108       0x40 src/ASF/sam0/drivers/extint/extint_sam_d_r_h/extint.o
 .debug_ranges  0x00000148       0x18 src/ASF/sam0/drivers/port/port.o
 .debug_ranges  0x00000160       0x50 src/ASF/sam0/drivers/sercom/sercom.o
 .debug_ranges  0x000001b0       0x50 src/ASF/sam0/drivers/sercom/sercom_interrupt.o
 .debug_ranges  0x00000200      0x140 src/ASF/sam0/drivers/sercom/usart/usart.o
 .debug_ranges  0x00000340       0x60 src/ASF/sam0/drivers/sercom/usart/usart_interrupt.o
 .debug_ranges  0x000003a0       0x68 src/ASF/sam0/drivers/system/clock/clock_samd21_r21_da_ha1/clock.o
 .debug_ranges  0x00000408       0x88 src/ASF/sam0/drivers/system/clock/clock_samd21_r21_da_ha1/gclk.o
 .debug_ranges  0x00000490       0x30 src/ASF/sam0/drivers/system/pinmux/pinmux.o
 .debug_ranges  0x000004c0       0x18 src/ASF/sam0/drivers/system/system.o
 .debug_ranges  0x000004d8       0x48 src/ASF/sam0/drivers/tc/tc_interrupt.o
 .debug_ranges  0x00000520       0x90 src/ASF/sam0/drivers/tc/tc_sam_d_r_h/tc.o
 .debug_ranges  0x000005b0       0x18 src/ASF/sam0/utils/cmsis/samd21/source/gcc/startup_samd21.o
 .debug_ranges  0x000005c8       0x10 src/ASF/sam0/utils/stdio/read.o
 .debug_ranges  0x000005d8       0x10 src/ASF/sam0/utils/stdio/write.o
 .debug_ranges  0x000005e8       0x50 src/ASF/sam0/utils/syscalls/gcc/syscalls.o
 .debug_ranges  0x00000638       0x80 src/main.o

.debug_macro    0x00000000    0x1c838
 .debug_macro   0x00000000      0x55a src/ASF/common2/services/delay/sam0/systick_counter.o
 .debug_macro   0x0000055a      0x8c8 src/ASF/common2/services/delay/sam0/systick_counter.o
 .debug_macro   0x00000e22      0x16d src/ASF/common2/services/delay/sam0/systick_counter.o
 .debug_macro   0x00000f8f      0x71d src/ASF/common2/services/delay/sam0/systick_counter.o
 .debug_macro   0x000016ac       0x22 src/ASF/common2/services/delay/sam0/systick_counter.o
 .debug_macro   0x000016ce       0x87 src/ASF/common2/services/delay/sam0/systick_counter.o
 .debug_macro   0x00001755       0x51 src/ASF/common2/services/delay/sam0/systick_counter.o
 .debug_macro   0x000017a6       0xef src/ASF/common2/services/delay/sam0/systick_counter.o
 .debug_macro   0x00001895       0x6a src/ASF/common2/services/delay/sam0/systick_counter.o
 .debug_macro   0x000018ff      0x1df src/ASF/common2/services/delay/sam0/systick_counter.o
 .debug_macro   0x00001ade       0x10 src/ASF/common2/services/delay/sam0/systick_counter.o
 .debug_macro   0x00001aee       0x76 src/ASF/common2/services/delay/sam0/systick_counter.o
 .debug_macro   0x00001b64       0x16 src/ASF/common2/services/delay/sam0/systick_counter.o
 .debug_macro   0x00001b7a      0x6db src/ASF/common2/services/delay/sam0/systick_counter.o
 .debug_macro   0x00002255      0xdd8 src/ASF/common2/services/delay/sam0/systick_counter.o
 .debug_macro   0x0000302d       0x22 src/ASF/common2/services/delay/sam0/systick_counter.o
 .debug_macro   0x0000304f       0x40 src/ASF/common2/services/delay/sam0/systick_counter.o
 .debug_macro   0x0000308f       0x1c src/ASF/common2/services/delay/sam0/systick_counter.o
 .debug_macro   0x000030ab       0x22 src/ASF/common2/services/delay/sam0/systick_counter.o
 .debug_macro   0x000030cd       0xb5 src/ASF/common2/services/delay/sam0/systick_counter.o
 .debug_macro   0x00003182      0x3ad src/ASF/common2/services/delay/sam0/systick_counter.o
 .debug_macro   0x0000352f      0x681 src/ASF/common2/services/delay/sam0/systick_counter.o
 .debug_macro   0x00003bb0      0x8b5 src/ASF/common2/services/delay/sam0/systick_counter.o
 .debug_macro   0x00004465      0x230 src/ASF/common2/services/delay/sam0/systick_counter.o
 .debug_macro   0x00004695      0xd60 src/ASF/common2/services/delay/sam0/systick_counter.o
 .debug_macro   0x000053f5      0x4cb src/ASF/common2/services/delay/sam0/systick_counter.o
 .debug_macro   0x000058c0      0x9f8 src/ASF/common2/services/delay/sam0/systick_counter.o
 .debug_macro   0x000062b8      0x82b src/ASF/common2/services/delay/sam0/systick_counter.o
 .debug_macro   0x00006ae3      0x455 src/ASF/common2/services/delay/sam0/systick_counter.o
 .debug_macro   0x00006f38       0x5e src/ASF/common2/services/delay/sam0/systick_counter.o
 .debug_macro   0x00006f96      0x8fd src/ASF/common2/services/delay/sam0/systick_counter.o
 .debug_macro   0x00007893      0x21c src/ASF/common2/services/delay/sam0/systick_counter.o
 .debug_macro   0x00007aaf      0x95b src/ASF/common2/services/delay/sam0/systick_counter.o
 .debug_macro   0x0000840a       0x5e src/ASF/common2/services/delay/sam0/systick_counter.o
 .debug_macro   0x00008468      0x667 src/ASF/common2/services/delay/sam0/systick_counter.o
 .debug_macro   0x00008acf      0x3af src/ASF/common2/services/delay/sam0/systick_counter.o
 .debug_macro   0x00008e7e      0xc7a src/ASF/common2/services/delay/sam0/systick_counter.o
 .debug_macro   0x00009af8     0x1092 src/ASF/common2/services/delay/sam0/systick_counter.o
 .debug_macro   0x0000ab8a      0xc4a src/ASF/common2/services/delay/sam0/systick_counter.o
 .debug_macro   0x0000b7d4      0x6ba src/ASF/common2/services/delay/sam0/systick_counter.o
 .debug_macro   0x0000be8e     0x1bbf src/ASF/common2/services/delay/sam0/systick_counter.o
 .debug_macro   0x0000da4d     0x1440 src/ASF/common2/services/delay/sam0/systick_counter.o
 .debug_macro   0x0000ee8d      0x344 src/ASF/common2/services/delay/sam0/systick_counter.o
 .debug_macro   0x0000f1d1       0x7c src/ASF/common2/services/delay/sam0/systick_counter.o
 .debug_macro   0x0000f24d       0xa0 src/ASF/common2/services/delay/sam0/systick_counter.o
 .debug_macro   0x0000f2ed       0x4c src/ASF/common2/services/delay/sam0/systick_counter.o
 .debug_macro   0x0000f339       0xca src/ASF/common2/services/delay/sam0/systick_counter.o
 .debug_macro   0x0000f403       0x94 src/ASF/common2/services/delay/sam0/systick_counter.o
 .debug_macro   0x0000f497       0x58 src/ASF/common2/services/delay/sam0/systick_counter.o
 .debug_macro   0x0000f4ef      0x37d src/ASF/common2/services/delay/sam0/systick_counter.o
 .debug_macro   0x0000f86c       0x82 src/ASF/common2/services/delay/sam0/systick_counter.o
 .debug_macro   0x0000f8ee      0x18d src/ASF/common2/services/delay/sam0/systick_counter.o
 .debug_macro   0x0000fa7b       0xb8 src/ASF/common2/services/delay/sam0/systick_counter.o
 .debug_macro   0x0000fb33       0xa0 src/ASF/common2/services/delay/sam0/systick_counter.o
 .debug_macro   0x0000fbd3       0xb8 src/ASF/common2/services/delay/sam0/systick_counter.o
 .debug_macro   0x0000fc8b       0x1c src/ASF/common2/services/delay/sam0/systick_counter.o
 .debug_macro   0x0000fca7       0x1c src/ASF/common2/services/delay/sam0/systick_counter.o
 .debug_macro   0x0000fcc3       0x1c src/ASF/common2/services/delay/sam0/systick_counter.o
 .debug_macro   0x0000fcdf       0x82 src/ASF/common2/services/delay/sam0/systick_counter.o
 .debug_macro   0x0000fd61      0x15a src/ASF/common2/services/delay/sam0/systick_counter.o
 .debug_macro   0x0000febb       0xdc src/ASF/common2/services/delay/sam0/systick_counter.o
 .debug_macro   0x0000ff97      0x128 src/ASF/common2/services/delay/sam0/systick_counter.o
 .debug_macro   0x000100bf      0x128 src/ASF/common2/services/delay/sam0/systick_counter.o
 .debug_macro   0x000101e7      0x128 src/ASF/common2/services/delay/sam0/systick_counter.o
 .debug_macro   0x0001030f      0x128 src/ASF/common2/services/delay/sam0/systick_counter.o
 .debug_macro   0x00010437      0x128 src/ASF/common2/services/delay/sam0/systick_counter.o
 .debug_macro   0x0001055f      0x128 src/ASF/common2/services/delay/sam0/systick_counter.o
 .debug_macro   0x00010687      0x124 src/ASF/common2/services/delay/sam0/systick_counter.o
 .debug_macro   0x000107ab       0xe2 src/ASF/common2/services/delay/sam0/systick_counter.o
 .debug_macro   0x0001088d       0xe2 src/ASF/common2/services/delay/sam0/systick_counter.o
 .debug_macro   0x0001096f       0xe2 src/ASF/common2/services/delay/sam0/systick_counter.o
 .debug_macro   0x00010a51       0xe2 src/ASF/common2/services/delay/sam0/systick_counter.o
 .debug_macro   0x00010b33       0xe2 src/ASF/common2/services/delay/sam0/systick_counter.o
 .debug_macro   0x00010c15      0x130 src/ASF/common2/services/delay/sam0/systick_counter.o
 .debug_macro   0x00010d45      0x106 src/ASF/common2/services/delay/sam0/systick_counter.o
 .debug_macro   0x00010e4b       0xfa src/ASF/common2/services/delay/sam0/systick_counter.o
 .debug_macro   0x00010f45      0x40f src/ASF/common2/services/delay/sam0/systick_counter.o
 .debug_macro   0x00011354       0x40 src/ASF/common2/services/delay/sam0/systick_counter.o
 .debug_macro   0x00011394      0x37d src/ASF/common2/services/delay/sam0/systick_counter.o
 .debug_macro   0x00011711     0x1e52 src/ASF/common2/services/delay/sam0/systick_counter.o
 .debug_macro   0x00013563       0x6d src/ASF/common2/services/delay/sam0/systick_counter.o
 .debug_macro   0x000135d0       0x58 src/ASF/common2/services/delay/sam0/systick_counter.o
 .debug_macro   0x00013628       0x35 src/ASF/common2/services/delay/sam0/systick_counter.o
 .debug_macro   0x0001365d       0x9c src/ASF/common2/services/delay/sam0/systick_counter.o
 .debug_macro   0x000136f9       0x16 src/ASF/common2/services/delay/sam0/systick_counter.o
 .debug_macro   0x0001370f       0x35 src/ASF/common2/services/delay/sam0/systick_counter.o
 .debug_macro   0x00013744      0x34d src/ASF/common2/services/delay/sam0/systick_counter.o
 .debug_macro   0x00013a91       0x10 src/ASF/common2/services/delay/sam0/systick_counter.o
 .debug_macro   0x00013aa1       0x58 src/ASF/common2/services/delay/sam0/systick_counter.o
 .debug_macro   0x00013af9       0x1f src/ASF/common2/services/delay/sam0/systick_counter.o
 .debug_macro   0x00013b18       0x43 src/ASF/common2/services/delay/sam0/systick_counter.o
 .debug_macro   0x00013b5b       0x20 src/ASF/common2/services/delay/sam0/systick_counter.o
 .debug_macro   0x00013b7b      0x187 src/ASF/common2/services/delay/sam0/systick_counter.o
 .debug_macro   0x00013d02       0x10 src/ASF/common2/services/delay/sam0/systick_counter.o
 .debug_macro   0x00013d12       0x1c src/ASF/common2/services/delay/sam0/systick_counter.o
 .debug_macro   0x00013d2e       0x52 src/ASF/common2/services/delay/sam0/systick_counter.o
 .debug_macro   0x00013d80       0x40 src/ASF/common2/services/delay/sam0/systick_counter.o
 .debug_macro   0x00013dc0       0x10 src/ASF/common2/services/delay/sam0/systick_counter.o
 .debug_macro   0x00013dd0       0x40 src/ASF/common2/services/delay/sam0/systick_counter.o
 .debug_macro   0x00013e10       0xd7 src/ASF/common2/services/delay/sam0/systick_counter.o
 .debug_macro   0x00013ee7       0x16 src/ASF/common2/services/delay/sam0/systick_counter.o
 .debug_macro   0x00013efd      0x18b src/ASF/common2/services/delay/sam0/systick_counter.o
 .debug_macro   0x00014088       0x16 src/ASF/common2/services/delay/sam0/systick_counter.o
 .debug_macro   0x0001409e       0x16 src/ASF/common2/services/delay/sam0/systick_counter.o
 .debug_macro   0x000140b4       0x29 src/ASF/common2/services/delay/sam0/systick_counter.o
 .debug_macro   0x000140dd       0x51 src/ASF/common2/services/delay/sam0/systick_counter.o
 .debug_macro   0x0001412e       0x3e src/ASF/common2/services/delay/sam0/systick_counter.o
 .debug_macro   0x0001416c      0x3df src/ASF/common2/services/delay/sam0/systick_counter.o
 .debug_macro   0x0001454b       0x11 src/ASF/common2/services/delay/sam0/systick_counter.o
 .debug_macro   0x0001455c       0x16 src/ASF/common2/services/delay/sam0/systick_counter.o
 .debug_macro   0x00014572       0x16 src/ASF/common2/services/delay/sam0/systick_counter.o
 .debug_macro   0x00014588      0x51f src/ASF/common/utils/interrupt/interrupt_sam_nvic.o
 .debug_macro   0x00014aa7      0x55a src/ASF/sam0/boards/samd21_xplained_pro/board_init.o
 .debug_macro   0x00015001      0x2df src/ASF/sam0/boards/samd21_xplained_pro/board_init.o
 .debug_macro   0x000152e0       0x10 src/ASF/sam0/boards/samd21_xplained_pro/board_init.o
 .debug_macro   0x000152f0      0x9f4 src/ASF/sam0/boards/samd21_xplained_pro/board_init.o
 .debug_macro   0x00015ce4       0x18 src/ASF/sam0/boards/samd21_xplained_pro/board_init.o
 .debug_macro   0x00015cfc       0x12 src/ASF/sam0/boards/samd21_xplained_pro/board_init.o
 .debug_macro   0x00015d0e      0x544 src/ASF/sam0/drivers/extint/extint_callback.o
 .debug_macro   0x00016252       0x19 src/ASF/sam0/drivers/extint/extint_callback.o
 .debug_macro   0x0001626b      0x59e src/ASF/sam0/drivers/extint/extint_sam_d_r_h/extint.o
 .debug_macro   0x00016809       0x16 src/ASF/sam0/drivers/extint/extint_sam_d_r_h/extint.o
 .debug_macro   0x0001681f       0x2e src/ASF/sam0/drivers/extint/extint_sam_d_r_h/extint.o
 .debug_macro   0x0001684d       0x1f src/ASF/sam0/drivers/extint/extint_sam_d_r_h/extint.o
 .debug_macro   0x0001686c       0x10 src/ASF/sam0/drivers/extint/extint_sam_d_r_h/extint.o
 .debug_macro   0x0001687c      0x539 src/ASF/sam0/drivers/port/port.o
 .debug_macro   0x00016db5      0x5ac src/ASF/sam0/drivers/sercom/sercom.o
 .debug_macro   0x00017361       0xb2 src/ASF/sam0/drivers/sercom/sercom.o
 .debug_macro   0x00017413       0x10 src/ASF/sam0/drivers/sercom/sercom.o
 .debug_macro   0x00017423      0x5a9 src/ASF/sam0/drivers/sercom/sercom_interrupt.o
 .debug_macro   0x000179cc      0x5bd src/ASF/sam0/drivers/sercom/usart/usart.o
 .debug_macro   0x00017f89       0x51 src/ASF/sam0/drivers/sercom/usart/usart.o
 .debug_macro   0x00017fda      0x5bd src/ASF/sam0/drivers/sercom/usart/usart_interrupt.o
 .debug_macro   0x00018597      0x590 src/ASF/sam0/drivers/system/clock/clock_samd21_r21_da_ha1/clock.o
 .debug_macro   0x00018b27      0x29a src/ASF/sam0/drivers/system/clock/clock_samd21_r21_da_ha1/clock.o
 .debug_macro   0x00018dc1      0x555 src/ASF/sam0/drivers/system/clock/clock_samd21_r21_da_ha1/gclk.o
 .debug_macro   0x00019316      0x52f src/ASF/sam0/drivers/system/pinmux/pinmux.o
 .debug_macro   0x00019845       0x12 src/ASF/sam0/drivers/system/pinmux/pinmux.o
 .debug_macro   0x00019857      0x562 src/ASF/sam0/drivers/system/system.o
 .debug_macro   0x00019db9      0x58c src/ASF/sam0/drivers/tc/tc_interrupt.o
 .debug_macro   0x0001a345       0x19 src/ASF/sam0/drivers/tc/tc_interrupt.o
 .debug_macro   0x0001a35e       0x51 src/ASF/sam0/drivers/tc/tc_interrupt.o
 .debug_macro   0x0001a3af      0x5a8 src/ASF/sam0/drivers/tc/tc_sam_d_r_h/tc.o
 .debug_macro   0x0001a957      0x306 src/ASF/sam0/utils/cmsis/samd21/source/gcc/startup_samd21.o
 .debug_macro   0x0001ac5d       0x3a src/ASF/sam0/utils/cmsis/samd21/source/gcc/startup_samd21.o
 .debug_macro   0x0001ac97      0x51f src/ASF/sam0/utils/stdio/read.o
 .debug_macro   0x0001b1b6      0x51f src/ASF/sam0/utils/stdio/write.o
 .debug_macro   0x0001b6d5      0x1d6 src/ASF/sam0/utils/syscalls/gcc/syscalls.o
 .debug_macro   0x0001b8ab       0x52 src/ASF/sam0/utils/syscalls/gcc/syscalls.o
 .debug_macro   0x0001b8fd       0x8d src/ASF/sam0/utils/syscalls/gcc/syscalls.o
 .debug_macro   0x0001b98a       0x57 src/ASF/sam0/utils/syscalls/gcc/syscalls.o
 .debug_macro   0x0001b9e1       0x97 src/ASF/sam0/utils/syscalls/gcc/syscalls.o
 .debug_macro   0x0001ba78      0x353 src/ASF/sam0/utils/syscalls/gcc/syscalls.o
 .debug_macro   0x0001bdcb       0xf6 src/ASF/sam0/utils/syscalls/gcc/syscalls.o
 .debug_macro   0x0001bec1       0x4c src/ASF/sam0/utils/syscalls/gcc/syscalls.o
 .debug_macro   0x0001bf0d       0x16 src/ASF/sam0/utils/syscalls/gcc/syscalls.o
 .debug_macro   0x0001bf23       0x10 src/ASF/sam0/utils/syscalls/gcc/syscalls.o
 .debug_macro   0x0001bf33       0x10 src/ASF/sam0/utils/syscalls/gcc/syscalls.o
 .debug_macro   0x0001bf43       0x35 src/ASF/sam0/utils/syscalls/gcc/syscalls.o
 .debug_macro   0x0001bf78      0x122 src/ASF/sam0/utils/syscalls/gcc/syscalls.o
 .debug_macro   0x0001c09a      0x68f src/main.o
 .debug_macro   0x0001c729       0x18 src/main.o
 .debug_macro   0x0001c741       0x57 src/main.o
 .debug_macro   0x0001c798       0x6c src/main.o
 .debug_macro   0x0001c804       0x34 src/main.o

.debug_line     0x00000000     0xdd8c
 .debug_line    0x00000000      0x9e1 src/ASF/common2/services/delay/sam0/systick_counter.o
 .debug_line    0x000009e1      0x8e5 src/ASF/common/utils/interrupt/interrupt_sam_nvic.o
 .debug_line    0x000012c6      0x992 src/ASF/sam0/boards/samd21_xplained_pro/board_init.o
 .debug_line    0x00001c58      0x9ed src/ASF/sam0/drivers/extint/extint_callback.o
 .debug_line    0x00002645      0xc4d src/ASF/sam0/drivers/extint/extint_sam_d_r_h/extint.o
 .debug_line    0x00003292      0x917 src/ASF/sam0/drivers/port/port.o
 .debug_line    0x00003ba9      0xbf0 src/ASF/sam0/drivers/sercom/sercom.o
 .debug_line    0x00004799      0xb94 src/ASF/sam0/drivers/sercom/sercom_interrupt.o
 .debug_line    0x0000532d      0xd27 src/ASF/sam0/drivers/sercom/usart/usart.o
 .debug_line    0x00006054      0xcea src/ASF/sam0/drivers/sercom/usart/usart_interrupt.o
 .debug_line    0x00006d3e      0xc6d src/ASF/sam0/drivers/system/clock/clock_samd21_r21_da_ha1/clock.o
 .debug_line    0x000079ab      0xc93 src/ASF/sam0/drivers/system/clock/clock_samd21_r21_da_ha1/gclk.o
 .debug_line    0x0000863e      0x964 src/ASF/sam0/drivers/system/pinmux/pinmux.o
 .debug_line    0x00008fa2      0xa0e src/ASF/sam0/drivers/system/system.o
 .debug_line    0x000099b0      0xabf src/ASF/sam0/drivers/tc/tc_interrupt.o
 .debug_line    0x0000a46f      0xdb3 src/ASF/sam0/drivers/tc/tc_sam_d_r_h/tc.o
 .debug_line    0x0000b222      0x669 src/ASF/sam0/utils/cmsis/samd21/source/gcc/startup_samd21.o
 .debug_line    0x0000b88b      0x8c8 src/ASF/sam0/utils/stdio/read.o
 .debug_line    0x0000c153      0x8bc src/ASF/sam0/utils/stdio/write.o
 .debug_line    0x0000ca0f      0x409 src/ASF/sam0/utils/syscalls/gcc/syscalls.o
 .debug_line    0x0000ce18      0xf74 src/main.o

.debug_str      0x00000000    0x8ffa6
 .debug_str     0x00000000    0x836bd src/ASF/common2/services/delay/sam0/systick_counter.o
                              0x83f78 (size before relaxing)
 .debug_str     0x000836bd       0x94 src/ASF/common/utils/interrupt/interrupt_sam_nvic.o
                              0x83d68 (size before relaxing)
 .debug_str     0x00083751     0x3dd2 src/ASF/sam0/boards/samd21_xplained_pro/board_init.o
                              0x87ae7 (size before relaxing)
 .debug_str     0x00087523      0x7c9 src/ASF/sam0/drivers/extint/extint_callback.o
                              0x845ab (size before relaxing)
 .debug_str     0x00087cec     0x1052 src/ASF/sam0/drivers/extint/extint_sam_d_r_h/extint.o
                              0x855d7 (size before relaxing)
 .debug_str     0x00088d3e       0x5e src/ASF/sam0/drivers/port/port.o
                              0x84194 (size before relaxing)
 .debug_str     0x00088d9c      0xec0 src/ASF/sam0/drivers/sercom/sercom.o
                              0x8545b (size before relaxing)
 .debug_str     0x00089c5c      0x1c7 src/ASF/sam0/drivers/sercom/sercom_interrupt.o
                              0x852f6 (size before relaxing)
 .debug_str     0x00089e23      0xc73 src/ASF/sam0/drivers/sercom/usart/usart.o
                              0x86214 (size before relaxing)
 .debug_str     0x0008aa96      0x1da src/ASF/sam0/drivers/sercom/usart/usart_interrupt.o
                              0x8545a (size before relaxing)
 .debug_str     0x0008ac70     0x2784 src/ASF/sam0/drivers/system/clock/clock_samd21_r21_da_ha1/clock.o
                              0x86eee (size before relaxing)
 .debug_str     0x0008d3f4      0x1c2 src/ASF/sam0/drivers/system/clock/clock_samd21_r21_da_ha1/gclk.o
                              0x84a2b (size before relaxing)
 .debug_str     0x0008d5b6      0x179 src/ASF/sam0/drivers/system/pinmux/pinmux.o
                              0x8420a (size before relaxing)
 .debug_str     0x0008d72f       0x47 src/ASF/sam0/drivers/system/system.o
                              0x83e45 (size before relaxing)
 .debug_str     0x0008d776      0x6cb src/ASF/sam0/drivers/tc/tc_interrupt.o
                              0x84afd (size before relaxing)
 .debug_str     0x0008de41      0x536 src/ASF/sam0/drivers/tc/tc_sam_d_r_h/tc.o
                              0x853bd (size before relaxing)
 .debug_str     0x0008e377      0xf11 src/ASF/sam0/utils/cmsis/samd21/source/gcc/startup_samd21.o
                              0x6edfc (size before relaxing)
 .debug_str     0x0008f288       0x3d src/ASF/sam0/utils/stdio/read.o
                              0x83d0f (size before relaxing)
 .debug_str     0x0008f2c5       0x2c src/ASF/sam0/utils/stdio/write.o
                              0x83d10 (size before relaxing)
 .debug_str     0x0008f2f1      0x77a src/ASF/sam0/utils/syscalls/gcc/syscalls.o
                               0x73b3 (size before relaxing)
 .debug_str     0x0008fa6b      0x53b src/main.o
                              0x8af5e (size before relaxing)

.debug_frame    0x00000000     0x132c
 .debug_frame   0x00000000       0x64 src/ASF/common2/services/delay/sam0/systick_counter.o
 .debug_frame   0x00000064       0x30 src/ASF/common/utils/interrupt/interrupt_sam_nvic.o
 .debug_frame   0x00000094       0x30 src/ASF/sam0/boards/samd21_xplained_pro/board_init.o
 .debug_frame   0x000000c4       0x7c src/ASF/sam0/drivers/extint/extint_callback.o
 .debug_frame   0x00000140       0xb8 src/ASF/sam0/drivers/extint/extint_sam_d_r_h/extint.o
 .debug_frame   0x000001f8       0x44 src/ASF/sam0/drivers/port/port.o
 .debug_frame   0x0000023c       0xbc src/ASF/sam0/drivers/sercom/sercom.o
 .debug_frame   0x000002f8       0xe8 src/ASF/sam0/drivers/sercom/sercom_interrupt.o
 .debug_frame   0x000003e0       0xac src/ASF/sam0/drivers/sercom/usart/usart.o
 .debug_frame   0x0000048c      0x110 src/ASF/sam0/drivers/sercom/usart/usart_interrupt.o
 .debug_frame   0x0000059c      0x14c src/ASF/sam0/drivers/system/clock/clock_samd21_r21_da_ha1/clock.o
 .debug_frame   0x000006e8      0x148 src/ASF/sam0/drivers/system/clock/clock_samd21_r21_da_ha1/gclk.o
 .debug_frame   0x00000830       0x98 src/ASF/sam0/drivers/system/pinmux/pinmux.o
 .debug_frame   0x000008c8       0x38 src/ASF/sam0/drivers/system/system.o
 .debug_frame   0x00000900       0xc4 src/ASF/sam0/drivers/tc/tc_interrupt.o
 .debug_frame   0x000009c4       0xb4 src/ASF/sam0/drivers/tc/tc_sam_d_r_h/tc.o
 .debug_frame   0x00000a78       0x40 src/ASF/sam0/utils/cmsis/samd21/source/gcc/startup_samd21.o
 .debug_frame   0x00000ab8       0x34 src/ASF/sam0/utils/stdio/read.o
 .debug_frame   0x00000aec       0x34 src/ASF/sam0/utils/stdio/write.o
 .debug_frame   0x00000b20       0xa0 src/ASF/sam0/utils/syscalls/gcc/syscalls.o
 .debug_frame   0x00000bc0       0x94 src/main.o
 .debug_frame   0x00000c54       0x20 c:/program files (x86)/atmel/studio/7.0/toolchain/arm/arm-gnu-toolchain/bin/../lib/gcc/arm-none-eabi/6.3.1/thumb/v6-m\libgcc.a(_udivsi3.o)
 .debug_frame   0x00000c74       0x34 c:/program files (x86)/atmel/studio/7.0/toolchain/arm/arm-gnu-toolchain/bin/../lib/gcc/arm-none-eabi/6.3.1/thumb/v6-m\libgcc.a(_muldi3.o)
 .debug_frame   0x00000ca8       0x2c c:/program files (x86)/atmel/studio/7.0/toolchain/arm/arm-gnu-toolchain/bin/../lib/gcc/arm-none-eabi/6.3.1/../../../../arm-none-eabi/lib/thumb/v6-m\libc_nano.a(lib_a-init.o)
 .debug_frame   0x00000cd4       0x20 c:/program files (x86)/atmel/studio/7.0/toolchain/arm/arm-gnu-toolchain/bin/../lib/gcc/arm-none-eabi/6.3.1/../../../../arm-none-eabi/lib/thumb/v6-m\libc_nano.a(lib_a-memset.o)
 .debug_frame   0x00000cf4       0x44 c:/program files (x86)/atmel/studio/7.0/toolchain/arm/arm-gnu-toolchain/bin/../lib/gcc/arm-none-eabi/6.3.1/../../../../arm-none-eabi/lib/thumb/v6-m\libc_nano.a(lib_a-puts.o)
 .debug_frame   0x00000d38       0x28 c:/program files (x86)/atmel/studio/7.0/toolchain/arm/arm-gnu-toolchain/bin/../lib/gcc/arm-none-eabi/6.3.1/../../../../arm-none-eabi/lib/thumb/v6-m\libc_nano.a(lib_a-setbuf.o)
 .debug_frame   0x00000d60       0x30 c:/program files (x86)/atmel/studio/7.0/toolchain/arm/arm-gnu-toolchain/bin/../lib/gcc/arm-none-eabi/6.3.1/../../../../arm-none-eabi/lib/thumb/v6-m\libc_nano.a(lib_a-setvbuf.o)
 .debug_frame   0x00000d90       0x48 c:/program files (x86)/atmel/studio/7.0/toolchain/arm/arm-gnu-toolchain/bin/../lib/gcc/arm-none-eabi/6.3.1/../../../../arm-none-eabi/lib/thumb/v6-m\libc_nano.a(lib_a-wbuf.o)
 .debug_frame   0x00000dd8       0x2c c:/program files (x86)/atmel/studio/7.0/toolchain/arm/arm-gnu-toolchain/bin/../lib/gcc/arm-none-eabi/6.3.1/../../../../arm-none-eabi/lib/thumb/v6-m\libc_nano.a(lib_a-wsetup.o)
 .debug_frame   0x00000e04       0x68 c:/program files (x86)/atmel/studio/7.0/toolchain/arm/arm-gnu-toolchain/bin/../lib/gcc/arm-none-eabi/6.3.1/../../../../arm-none-eabi/lib/thumb/v6-m\libc_nano.a(lib_a-fflush.o)
 .debug_frame   0x00000e6c      0x140 c:/program files (x86)/atmel/studio/7.0/toolchain/arm/arm-gnu-toolchain/bin/../lib/gcc/arm-none-eabi/6.3.1/../../../../arm-none-eabi/lib/thumb/v6-m\libc_nano.a(lib_a-findfp.o)
 .debug_frame   0x00000fac       0x58 c:/program files (x86)/atmel/studio/7.0/toolchain/arm/arm-gnu-toolchain/bin/../lib/gcc/arm-none-eabi/6.3.1/../../../../arm-none-eabi/lib/thumb/v6-m\libc_nano.a(lib_a-fwalk.o)
 .debug_frame   0x00001004       0x54 c:/program files (x86)/atmel/studio/7.0/toolchain/arm/arm-gnu-toolchain/bin/../lib/gcc/arm-none-eabi/6.3.1/../../../../arm-none-eabi/lib/thumb/v6-m\libc_nano.a(lib_a-makebuf.o)
 .debug_frame   0x00001058       0x40 c:/program files (x86)/atmel/studio/7.0/toolchain/arm/arm-gnu-toolchain/bin/../lib/gcc/arm-none-eabi/6.3.1/../../../../arm-none-eabi/lib/thumb/v6-m\libc_nano.a(lib_a-malloc.o)
 .debug_frame   0x00001098       0x2c c:/program files (x86)/atmel/studio/7.0/toolchain/arm/arm-gnu-toolchain/bin/../lib/gcc/arm-none-eabi/6.3.1/../../../../arm-none-eabi/lib/thumb/v6-m\libc_nano.a(lib_a-nano-freer.o)
 .debug_frame   0x000010c4       0x2c c:/program files (x86)/atmel/studio/7.0/toolchain/arm/arm-gnu-toolchain/bin/../lib/gcc/arm-none-eabi/6.3.1/../../../../arm-none-eabi/lib/thumb/v6-m\libc_nano.a(lib_a-nano-mallocr.o)
 .debug_frame   0x000010f0       0x2c c:/program files (x86)/atmel/studio/7.0/toolchain/arm/arm-gnu-toolchain/bin/../lib/gcc/arm-none-eabi/6.3.1/../../../../arm-none-eabi/lib/thumb/v6-m\libc_nano.a(lib_a-sbrkr.o)
 .debug_frame   0x0000111c       0x90 c:/program files (x86)/atmel/studio/7.0/toolchain/arm/arm-gnu-toolchain/bin/../lib/gcc/arm-none-eabi/6.3.1/../../../../arm-none-eabi/lib/thumb/v6-m\libc_nano.a(lib_a-stdio.o)
 .debug_frame   0x000011ac       0x2c c:/program files (x86)/atmel/studio/7.0/toolchain/arm/arm-gnu-toolchain/bin/../lib/gcc/arm-none-eabi/6.3.1/../../../../arm-none-eabi/lib/thumb/v6-m\libc_nano.a(lib_a-writer.o)
 .debug_frame   0x000011d8       0x2c c:/program files (x86)/atmel/studio/7.0/toolchain/arm/arm-gnu-toolchain/bin/../lib/gcc/arm-none-eabi/6.3.1/../../../../arm-none-eabi/lib/thumb/v6-m\libc_nano.a(lib_a-closer.o)
 .debug_frame   0x00001204       0x2c c:/program files (x86)/atmel/studio/7.0/toolchain/arm/arm-gnu-toolchain/bin/../lib/gcc/arm-none-eabi/6.3.1/../../../../arm-none-eabi/lib/thumb/v6-m\libc_nano.a(lib_a-fstatr.o)
 .debug_frame   0x00001230       0x2c c:/program files (x86)/atmel/studio/7.0/toolchain/arm/arm-gnu-toolchain/bin/../lib/gcc/arm-none-eabi/6.3.1/../../../../arm-none-eabi/lib/thumb/v6-m\libc_nano.a(lib_a-isattyr.o)
 .debug_frame   0x0000125c       0x2c c:/program files (x86)/atmel/studio/7.0/toolchain/arm/arm-gnu-toolchain/bin/../lib/gcc/arm-none-eabi/6.3.1/../../../../arm-none-eabi/lib/thumb/v6-m\libc_nano.a(lib_a-lseekr.o)
 .debug_frame   0x00001288       0x30 c:/program files (x86)/atmel/studio/7.0/toolchain/arm/arm-gnu-toolchain/bin/../lib/gcc/arm-none-eabi/6.3.1/../../../../arm-none-eabi/lib/thumb/v6-m\libc_nano.a(lib_a-mlock.o)
 .debug_frame   0x000012b8       0x2c c:/program files (x86)/atmel/studio/7.0/toolchain/arm/arm-gnu-toolchain/bin/../lib/gcc/arm-none-eabi/6.3.1/../../../../arm-none-eabi/lib/thumb/v6-m\libc_nano.a(lib_a-readr.o)
 .debug_frame   0x000012e4       0x48 c:/program files (x86)/atmel/studio/7.0/toolchain/arm/arm-gnu-toolchain/bin/../lib/gcc/arm-none-eabi/6.3.1/../../../../arm-none-eabi/lib/thumb/v6-m\libc_nano.a(lib_a-reent.o)

Cross Reference Table

Symbol                                            File
AC_Handler                                        src/ASF/sam0/utils/cmsis/samd21/source/gcc/startup_samd21.o
ADC_Handler                                       src/ASF/sam0/utils/cmsis/samd21/source/gcc/startup_samd21.o
DAC_Handler                                       src/ASF/sam0/utils/cmsis/samd21/source/gcc/startup_samd21.o
DMAC_Handler                                      src/ASF/sam0/utils/cmsis/samd21/source/gcc/startup_samd21.o
Dummy_Handler                                     src/ASF/sam0/utils/cmsis/samd21/source/gcc/startup_samd21.o
EIC_Handler                                       src/ASF/sam0/drivers/extint/extint_callback.o
EVSYS_Handler                                     src/ASF/sam0/utils/cmsis/samd21/source/gcc/startup_samd21.o
HardFault_Handler                                 src/ASF/sam0/utils/cmsis/samd21/source/gcc/startup_samd21.o
I2S_Handler                                       src/ASF/sam0/utils/cmsis/samd21/source/gcc/startup_samd21.o
NMI_Handler                                       src/ASF/sam0/utils/cmsis/samd21/source/gcc/startup_samd21.o
NVMCTRL_Handler                                   src/ASF/sam0/utils/cmsis/samd21/source/gcc/startup_samd21.o
PM_Handler                                        src/ASF/sam0/utils/cmsis/samd21/source/gcc/startup_samd21.o
PTC_Handler                                       src/ASF/sam0/utils/cmsis/samd21/source/gcc/startup_samd21.o
PendSV_Handler                                    src/ASF/sam0/utils/cmsis/samd21/source/gcc/startup_samd21.o
RTC_Handler                                       src/ASF/sam0/utils/cmsis/samd21/source/gcc/startup_samd21.o
Reset_Handler                                     src/ASF/sam0/utils/cmsis/samd21/source/gcc/startup_samd21.o
SERCOM0_Handler                                   src/ASF/sam0/drivers/sercom/sercom_interrupt.o
SERCOM1_Handler                                   src/ASF/sam0/drivers/sercom/sercom_interrupt.o
SERCOM2_Handler                                   src/ASF/sam0/drivers/sercom/sercom_interrupt.o
SERCOM3_Handler                                   src/ASF/sam0/drivers/sercom/sercom_interrupt.o
SERCOM4_Handler                                   src/ASF/sam0/drivers/sercom/sercom_interrupt.o
SERCOM5_Handler                                   src/ASF/sam0/drivers/sercom/sercom_interrupt.o
SVC_Handler                                       src/ASF/sam0/utils/cmsis/samd21/source/gcc/startup_samd21.o
SYSCTRL_Handler                                   src/ASF/sam0/utils/cmsis/samd21/source/gcc/startup_samd21.o
SysTick_Handler                                   src/ASF/sam0/utils/cmsis/samd21/source/gcc/startup_samd21.o
SystemCoreClock                                   src/ASF/sam0/utils/cmsis/samd21/source/system_samd21.o
SystemCoreClockUpdate                             src/ASF/sam0/utils/cmsis/samd21/source/system_samd21.o
SystemInit                                        src/ASF/sam0/utils/cmsis/samd21/source/system_samd21.o
TC3_Handler                                       src/ASF/sam0/drivers/tc/tc_interrupt.o
TC4_Handler                                       src/ASF/sam0/drivers/tc/tc_interrupt.o
TC5_Handler                                       src/ASF/sam0/drivers/tc/tc_interrupt.o
TC6_Handler                                       src/ASF/sam0/drivers/tc/tc_interrupt.o
TC7_Handler                                       src/ASF/sam0/drivers/tc/tc_interrupt.o
TCC0_Handler                                      src/ASF/sam0/utils/cmsis/samd21/source/gcc/startup_samd21.o
TCC1_Handler                                      src/ASF/sam0/utils/cmsis/samd21/source/gcc/startup_samd21.o
TCC2_Handler                                      src/ASF/sam0/utils/cmsis/samd21/source/gcc/startup_samd21.o
USB_Handler                                       src/ASF/sam0/utils/cmsis/samd21/source/gcc/startup_samd21.o
WDT_Handler                                       src/ASF/sam0/utils/cmsis/samd21/source/gcc/startup_samd21.o
_Jv_RegisterClasses                               c:/program files (x86)/atmel/studio/7.0/toolchain/arm/arm-gnu-toolchain/bin/../lib/gcc/arm-none-eabi/6.3.1/thumb/v6-m/crtbegin.o
__aeabi_idiv0                                     c:/program files (x86)/atmel/studio/7.0/toolchain/arm/arm-gnu-toolchain/bin/../lib/gcc/arm-none-eabi/6.3.1/thumb/v6-m\libgcc.a(_dvmd_tls.o)
                                                  c:/program files (x86)/atmel/studio/7.0/toolchain/arm/arm-gnu-toolchain/bin/../lib/gcc/arm-none-eabi/6.3.1/thumb/v6-m\libgcc.a(_udivsi3.o)
__aeabi_ldiv0                                     c:/program files (x86)/atmel/studio/7.0/toolchain/arm/arm-gnu-toolchain/bin/../lib/gcc/arm-none-eabi/6.3.1/thumb/v6-m\libgcc.a(_dvmd_tls.o)
__aeabi_lmul                                      c:/program files (x86)/atmel/studio/7.0/toolchain/arm/arm-gnu-toolchain/bin/../lib/gcc/arm-none-eabi/6.3.1/thumb/v6-m\libgcc.a(_muldi3.o)
                                                  src/ASF/sam0/drivers/sercom/sercom.o
__aeabi_uidiv                                     c:/program files (x86)/atmel/studio/7.0/toolchain/arm/arm-gnu-toolchain/bin/../lib/gcc/arm-none-eabi/6.3.1/thumb/v6-m\libgcc.a(_udivsi3.o)
                                                  src/ASF/sam0/drivers/system/clock/clock_samd21_r21_da_ha1/gclk.o
                                                  src/ASF/sam0/drivers/system/clock/clock_samd21_r21_da_ha1/clock.o
                                                  src/ASF/common2/services/delay/sam0/systick_counter.o
__aeabi_uidivmod                                  c:/program files (x86)/atmel/studio/7.0/toolchain/arm/arm-gnu-toolchain/bin/../lib/gcc/arm-none-eabi/6.3.1/thumb/v6-m\libgcc.a(_udivsi3.o)
                                                  src/main.o
__bss_end__                                       c:/program files (x86)/atmel/studio/7.0/toolchain/arm/arm-gnu-toolchain/bin/../lib/gcc/arm-none-eabi/6.3.1/../../../../arm-none-eabi/lib/thumb/v6-m/crt0.o
__bss_start__                                     c:/program files (x86)/atmel/studio/7.0/toolchain/arm/arm-gnu-toolchain/bin/../lib/gcc/arm-none-eabi/6.3.1/../../../../arm-none-eabi/lib/thumb/v6-m/crt0.o
__call_exitprocs                                  c:/program files (x86)/atmel/studio/7.0/toolchain/arm/arm-gnu-toolchain/bin/../lib/gcc/arm-none-eabi/6.3.1/../../../../arm-none-eabi/lib/thumb/v6-m\libc_nano.a(lib_a-exit.o)
__deregister_frame_info                           c:/program files (x86)/atmel/studio/7.0/toolchain/arm/arm-gnu-toolchain/bin/../lib/gcc/arm-none-eabi/6.3.1/thumb/v6-m/crtbegin.o
__dso_handle                                      c:/program files (x86)/atmel/studio/7.0/toolchain/arm/arm-gnu-toolchain/bin/../lib/gcc/arm-none-eabi/6.3.1/thumb/v6-m/crtbegin.o
__fp_lock_all                                     c:/program files (x86)/atmel/studio/7.0/toolchain/arm/arm-gnu-toolchain/bin/../lib/gcc/arm-none-eabi/6.3.1/../../../../arm-none-eabi/lib/thumb/v6-m\libc_nano.a(lib_a-findfp.o)
__fp_unlock_all                                   c:/program files (x86)/atmel/studio/7.0/toolchain/arm/arm-gnu-toolchain/bin/../lib/gcc/arm-none-eabi/6.3.1/../../../../arm-none-eabi/lib/thumb/v6-m\libc_nano.a(lib_a-findfp.o)
__init_array_end                                  c:/program files (x86)/atmel/studio/7.0/toolchain/arm/arm-gnu-toolchain/bin/../lib/gcc/arm-none-eabi/6.3.1/../../../../arm-none-eabi/lib/thumb/v6-m\libc_nano.a(lib_a-init.o)
__init_array_start                                c:/program files (x86)/atmel/studio/7.0/toolchain/arm/arm-gnu-toolchain/bin/../lib/gcc/arm-none-eabi/6.3.1/../../../../arm-none-eabi/lib/thumb/v6-m\libc_nano.a(lib_a-init.o)
__libc_fini_array                                 c:/program files (x86)/atmel/studio/7.0/toolchain/arm/arm-gnu-toolchain/bin/../lib/gcc/arm-none-eabi/6.3.1/../../../../arm-none-eabi/lib/thumb/v6-m/crt0.o
__libc_init_array                                 c:/program files (x86)/atmel/studio/7.0/toolchain/arm/arm-gnu-toolchain/bin/../lib/gcc/arm-none-eabi/6.3.1/../../../../arm-none-eabi/lib/thumb/v6-m\libc_nano.a(lib_a-init.o)
                                                  src/ASF/sam0/utils/cmsis/samd21/source/gcc/startup_samd21.o
                                                  c:/program files (x86)/atmel/studio/7.0/toolchain/arm/arm-gnu-toolchain/bin/../lib/gcc/arm-none-eabi/6.3.1/../../../../arm-none-eabi/lib/thumb/v6-m/crt0.o